Archive member included to satisfy reference by file (symbol)

/opt/devkitpro/devkitARM/bin/../lib/gcc/arm-none-eabi/15.1.0/thumb/libgcc.a(_call_via_rX.o)
                              mm_main_gba.o (_call_via_r1)
/opt/devkitpro/devkitARM/bin/../lib/gcc/arm-none-eabi/15.1.0/thumb/libgcc.a(_aeabi_ldivmod.o)
                              bn_hw_text.o (__aeabi_ldivmod)
/opt/devkitpro/devkitARM/bin/../lib/gcc/arm-none-eabi/15.1.0/thumb/libgcc.a(_aeabi_uldivmod.o)
                              bn_hw_text.o (__aeabi_uldivmod)
/opt/devkitpro/devkitARM/bin/../lib/gcc/arm-none-eabi/15.1.0/thumb/libgcc.a(_sync_none.o)
                              (__sync_synchronize_none)
/opt/devkitpro/devkitARM/bin/../lib/gcc/arm-none-eabi/15.1.0/thumb/libgcc.a(_udivmoddi4.o)
                              /opt/devkitpro/devkitARM/bin/../lib/gcc/arm-none-eabi/15.1.0/thumb/libgcc.a(_aeabi_ldivmod.o) (__udivmoddi4)

Discarded input sections

 .text          0x00000000        0x0 /opt/devkitpro/devkitARM/bin/../lib/gcc/arm-none-eabi/15.1.0/../../../../arm-none-eabi/lib/thumb/gba_crt0.o
 .data          0x00000000        0x0 /opt/devkitpro/devkitARM/bin/../lib/gcc/arm-none-eabi/15.1.0/../../../../arm-none-eabi/lib/thumb/gba_crt0.o
 .bss           0x00000000        0x0 /opt/devkitpro/devkitARM/bin/../lib/gcc/arm-none-eabi/15.1.0/../../../../arm-none-eabi/lib/thumb/gba_crt0.o
 .text          0x00000000        0x0 /opt/devkitpro/devkitARM/bin/../lib/gcc/arm-none-eabi/15.1.0/thumb/crti.o
 .data          0x00000000        0x0 /opt/devkitpro/devkitARM/bin/../lib/gcc/arm-none-eabi/15.1.0/thumb/crti.o
 .bss           0x00000000        0x0 /opt/devkitpro/devkitARM/bin/../lib/gcc/arm-none-eabi/15.1.0/thumb/crti.o
 .text          0x00000000        0x0 /opt/devkitpro/devkitARM/bin/../lib/gcc/arm-none-eabi/15.1.0/thumb/crtbegin.o
 .data          0x00000000        0x0 /opt/devkitpro/devkitARM/bin/../lib/gcc/arm-none-eabi/15.1.0/thumb/crtbegin.o
 .bss           0x00000000        0x0 /opt/devkitpro/devkitARM/bin/../lib/gcc/arm-none-eabi/15.1.0/thumb/crtbegin.o
 .rodata.all_implied_fbits
                0x00000000       0x24 /opt/devkitpro/devkitARM/bin/../lib/gcc/arm-none-eabi/15.1.0/thumb/crtbegin.o
 .text          0x00000000        0x0 bn_audio_soundbank.bin.o
 .data          0x00000000        0x0 bn_audio_soundbank.bin.o
 .bss           0x00000000        0x0 bn_audio_soundbank.bin.o
 .text          0x00000000        0x0 blue_bg_bn_gfx.o
 .data          0x00000000        0x0 blue_bg_bn_gfx.o
 .bss           0x00000000        0x0 blue_bg_bn_gfx.o
 .text          0x00000000        0x0 blue_sprite_bn_gfx.o
 .data          0x00000000        0x0 blue_sprite_bn_gfx.o
 .bss           0x00000000        0x0 blue_sprite_bn_gfx.o
 .text          0x00000000        0x0 caveman_bn_gfx.o
 .data          0x00000000        0x0 caveman_bn_gfx.o
 .bss           0x00000000        0x0 caveman_bn_gfx.o
 .text          0x00000000        0x0 green_bg_bn_gfx.o
 .data          0x00000000        0x0 green_bg_bn_gfx.o
 .bss           0x00000000        0x0 green_bg_bn_gfx.o
 .text          0x00000000        0x0 green_sprite_bn_gfx.o
 .data          0x00000000        0x0 green_sprite_bn_gfx.o
 .bss           0x00000000        0x0 green_sprite_bn_gfx.o
 .text          0x00000000        0x0 ninja_bn_gfx.o
 .data          0x00000000        0x0 ninja_bn_gfx.o
 .bss           0x00000000        0x0 ninja_bn_gfx.o
 .text          0x00000000        0x0 red_bg_bn_gfx.o
 .data          0x00000000        0x0 red_bg_bn_gfx.o
 .bss           0x00000000        0x0 red_bg_bn_gfx.o
 .text          0x00000000        0x0 red_sprite_bn_gfx.o
 .data          0x00000000        0x0 red_sprite_bn_gfx.o
 .bss           0x00000000        0x0 red_sprite_bn_gfx.o
 .text          0x00000000        0x0 yellow_bg_bn_gfx.o
 .data          0x00000000        0x0 yellow_bg_bn_gfx.o
 .bss           0x00000000        0x0 yellow_bg_bn_gfx.o
 .text          0x00000000        0x0 yellow_sprite_bn_gfx.o
 .data          0x00000000        0x0 yellow_sprite_bn_gfx.o
 .bss           0x00000000        0x0 yellow_sprite_bn_gfx.o
 .text          0x00000000        0x0 common_fixed_8x16_font_bn_gfx.o
 .data          0x00000000        0x0 common_fixed_8x16_font_bn_gfx.o
 .bss           0x00000000        0x0 common_fixed_8x16_font_bn_gfx.o
 .rodata        0x00000000     0x1ba0 common_fixed_8x16_font_bn_gfx.o
 .text          0x00000000        0x0 common_fixed_8x8_font_bn_gfx.o
 .data          0x00000000        0x0 common_fixed_8x8_font_bn_gfx.o
 .bss           0x00000000        0x0 common_fixed_8x8_font_bn_gfx.o
 .rodata        0x00000000      0xde0 common_fixed_8x8_font_bn_gfx.o
 .text          0x00000000        0x0 common_variable_16x16_font_bn_gfx.o
 .data          0x00000000        0x0 common_variable_16x16_font_bn_gfx.o
 .bss           0x00000000        0x0 common_variable_16x16_font_bn_gfx.o
 .rodata        0x00000000     0x3720 common_variable_16x16_font_bn_gfx.o
[...]
Memory Configuration

Name             Origin             Length             Attributes
rom              0x08000000         0x02000000
iwram            0x03000000         0x00008000
ewram            0x02000000         0x00040000
*default*        0x00000000         0xffffffff

Linker script and memory map

                0x00000000                        __sync_synchronize = __sync_synchronize_none
                0x08000000                        __text_start = ORIGIN (rom)
                0x02040000                        __eheap_end = (ORIGIN (ewram) + LENGTH (ewram))
                0x03000000                        __iwram_start = ORIGIN (iwram)
                0x03008000                        __iwram_top = (ORIGIN (iwram) + LENGTH (iwram))
                0x03007fa0                        __sp_irq = (__iwram_top - 0x60)
                0x03007f00                        __sp_usr = (__sp_irq - 0xa0)
                0x03007ff8                        __irq_flags = 0x3007ff8
                0x08000000                        . = __text_start

.crt0           0x08000000      0x210
 *(.crt0)
 .crt0          0x08000000      0x210 /opt/devkitpro/devkitARM/bin/../lib/gcc/arm-none-eabi/15.1.0/../../../../arm-none-eabi/lib/thumb/gba_crt0.o
                0x08000000                _start
                0x080000c4                __boot_method
                0x080000c5                __slave_number
                0x080000e0                start_vector
                0x08000210                        . = ALIGN (0x4)

.init           0x08000210        0xc
 *(SORT_NONE(.init))
 .init          0x08000210        0x4 /opt/devkitpro/devkitARM/bin/../lib/gcc/arm-none-eabi/15.1.0/thumb/crti.o
                0x08000210                _init
 .init          0x08000214        0x8 /opt/devkitpro/devkitARM/bin/../lib/gcc/arm-none-eabi/15.1.0/thumb/crtn.o

.plt            0x0800021c        0x0
 *(.plt)
                0x0800021c                        . = ALIGN (0x4)

.text           0x08000220    0x1d568
 *(EXCLUDE_FILE(*.iwram*) .text*)
 .text.__do_global_dtors_aux
                0x08000220       0x2c /opt/devkitpro/devkitARM/bin/../lib/gcc/arm-none-eabi/15.1.0/thumb/crtbegin.o
 .text.frame_dummy
                0x0800024c       0x24 /opt/devkitpro/devkitARM/bin/../lib/gcc/arm-none-eabi/15.1.0/thumb/crtbegin.o
 .text._ZN12_GLOBAL__N_1L30sprites_position_actions_sceneERN2bn21sprite_text_generatorE
                0x08000270      0x198 main.o
 .text._ZN12_GLOBAL__N_1L22sprites_position_sceneERN2bn21sprite_text_generatorE
                0x08000408      0x144 main.o
 .text._ZN3_bn6assert9show_argsIA15_ciEEvPKcS4_S4_iRKT_RKT0_
                0x0800054c       0x54 main.o
                0x0800054c                void _bn::assert::show_args<char [15], int>(char const*, char const*, char const*, int, char const (&) [15], int const&)
 .text._ZN3_bn6assert9show_argsIA39_ciEEvPKcS4_S4_iRKT_RKT0_
                0x080005a0       0x54 main.o
                0x080005a0                void _bn::assert::show_args<char [39], int>(char const*, char const*, char const*, int, char const (&) [39], int const&)
 .text._ZN2bn13ostringstream6appendILi12EEEvNS_7fixed_tIXT_EEE
                0x080005f4       0xa0 main.o
                0x080005f4                void bn::ostringstream::append<12>(bn::fixed_t<12>)
 .text._ZN12_GLOBAL__N_1L26sprites_position_hbe_sceneERN2bn21sprite_text_generatorE
                0x08000694      0x1a0 main.o
 .text._ZN3_bn6assert9show_argsIA15_cEEvPKcS4_S4_iRKT_
                0x08000834       0x48 main.o
                0x08000834                void _bn::assert::show_args<char [15]>(char const*, char const*, char const*, int, char const (&) [15])
 .text._ZN12_GLOBAL__N_1L43sprites_regular_second_attributes_hbe_sceneERN2bn21sprite_text_generatorE
                0x0800087c      0x18c main.o
 .text._ZN12_GLOBAL__N_1L42sprites_affine_second_attributes_hbe_sceneERN2bn21sprite_text_generatorE
                0x08000a08      0x250 main.o
 .text._ZN12_GLOBAL__N_1L34sprites_third_attributes_hbe_sceneERN2bn21sprite_text_generatorE
                0x08000c58      0x2a4 main.o
 .text._ZN12_GLOBAL__N_1L34sprites_first_attributes_hbe_sceneERN2bn21sprite_text_generatorE
                0x08000efc      0x220 main.o
 .text.startup.main
                0x0800111c     0x2704 main.o
                0x0800111c                main
 .text._ZN6common4info15_update_spritesEv
                0x08003820       0x9c common_info.o
                0x08003820                common::info::_update_sprites()
 .text._ZN6common4info6updateEv
                0x080038bc       0x30 common_info.o
                0x080038bc                common::info::update()
 .text._ZN3_bn6assert9show_argsIA16_ciEEvPKcS4_S4_iRKT_RKT0_
                0x080038ec       0x54 common_info.o
                0x080038ec                void _bn::assert::show_args<char [16], int>(char const*, char const*, char const*, int, char const (&) [16], int const&)
 .text._ZN6common4infoC2ERKN2bn11string_viewERKNS1_4spanIS3_EERNS1_21sprite_text_generatorE
                0x08003940      0x140 common_info.o
                0x08003940                common::info::info(bn::string_view const&, bn::span<bn::string_view const> const&, bn::sprite_text_generator&)
                0x08003940                common::info::info(bn::string_view const&, bn::span<bn::string_view const> const&, bn::sprite_text_generator&)
 .text._ZN2bn13ostringstream11append_argsIiJA4_ciEEEvRKT_DpRKT0_.isra.0
                0x08003a80       0x24 bn_affine_bg_animate_actions.o
 .text._ZN3_bn6assert9show_argsIJA16_ciA4_ciEEEvPKcS5_S5_iDpRKT_
                0x08003aa4       0x58 bn_affine_bg_animate_actions.o
                0x08003aa4                void _bn::assert::show_args<char [16], int, char [4], int>(char const*, char const*, char const*, int, char const (&) [16], int const&, char const (&) [4], int const&)
 .text._ZN3_bn6assert9show_argsIJA23_ciA4_ciEEEvPKcS5_S5_iDpRKT_
                0x08003afc       0x58 bn_affine_bg_animate_actions.o
                0x08003afc                void _bn::assert::show_args<char [23], int, char [4], int>(char const*, char const*, char const*, int, char const (&) [23], int const&, char const (&) [4], int const&)
 .text._ZN3_bn6assert9show_argsIA23_ciEEvPKcS4_S4_iRKT_RKT0_
                0x08003b54       0x54 bn_affine_bg_animate_actions.o
                0x08003b54                void _bn::assert::show_args<char [23], int>(char const*, char const*, char const*, int, char const (&) [23], int const&)
 .text._ZN3_bn6assert9show_argsIA24_ciEEvPKcS4_S4_iRKT_RKT0_
                0x08003ba8       0x54 bn_affine_bg_animate_actions.o
                0x08003ba8                void _bn::assert::show_args<char [24], int>(char const*, char const*, char const*, int, char const (&) [24], int const&)
 .text._ZN3_bn6assert9show_argsIA28_ciEEvPKcS4_S4_iRKT_RKT0_
                0x08003bfc       0x54 bn_affine_bg_animate_actions.o
                0x08003bfc                void _bn::assert::show_args<char [28], int>(char const*, char const*, char const*, int, char const (&) [28], int const&)
 .text._ZN3_bn6assert9show_argsIJA19_ciA4_ciEEEvPKcS5_S5_iDpRKT_
                0x08003c50       0x58 bn_affine_bg_animate_actions.o
                0x08003c50                void _bn::assert::show_args<char [19], int, char [4], int>(char const*, char const*, char const*, int, char const (&) [19], int const&, char const (&) [4], int const&)
 .text._ZN2bn13audio_manager4initEv
                0x08003ca8       0x58 bn_audio_manager.bn_noflto.o
                0x08003ca8                bn::audio_manager::init()
 .text._ZN2bn13audio_manager7disableEv
                0x08003d00       0x10 bn_audio_manager.bn_noflto.o
                0x08003d00                bn::audio_manager::disable()
 .text._ZN2bn13audio_manager10sound_dataEt
                0x08003d10       0x6c bn_audio_manager.bn_noflto.o
                0x08003d10                bn::audio_manager::sound_data(unsigned short)
 .text._ZN2bn13audio_manager6updateEv
                0x08003d7c       0x18 bn_audio_manager.bn_noflto.o
                0x08003d7c                bn::audio_manager::update()
 .text._ZN2bn13audio_manager13vblank_commitEv
                0x08003d94       0x2c bn_audio_manager.bn_noflto.o
                0x08003d94                bn::audio_manager::vblank_commit()
 .text._ZN2bn13audio_manager14delayed_commitEv
                0x08003dc0       0x34 bn_audio_manager.bn_noflto.o
                0x08003dc0                bn::audio_manager::delayed_commit()
 .text._ZN2bn13audio_manager4stopEv
                0x08003df4       0x78 bn_audio_manager.bn_noflto.o
                0x08003df4                bn::audio_manager::stop()
 .text._ZN3_bn6assert9show_argsIA18_ciEEvPKcS4_S4_iRKT_RKT0_
                0x08003e6c       0x54 bn_audio_manager.bn_noflto.o
                0x08003e6c                void _bn::assert::show_args<char [18], int>(char const*, char const*, char const*, int, char const (&) [18], int const&)
 .text._ZN3_bn6assert9show_argsIA14_ciEEvPKcS4_S4_iRKT_RKT0_
                0x08003ec0       0x54 bn_audio_manager.bn_noflto.o
                0x08003ec0                void _bn::assert::show_args<char [14], int>(char const*, char const*, char const*, int, char const (&) [14], int const&)
 .text._ZN3_bn6assert9show_argsIA19_ciEEvPKcS4_S4_iRKT_RKT0_
                0x08003f14       0x54 bn_audio_manager.bn_noflto.o
                0x08003f14                void _bn::assert::show_args<char [19], int>(char const*, char const*, char const*, int, char const (&) [19], int const&)
 .text._ZN3_bn6assert9show_argsIA26_ciEEvPKcS4_S4_iRKT_RKT0_
                0x08003f68       0x54 bn_audio_manager.bn_noflto.o
                0x08003f68                void _bn::assert::show_args<char [26], int>(char const*, char const*, char const*, int, char const (&) [26], int const&)
 .text._ZN3_bn6assert9show_argsIA33_cEEvPKcS4_S4_iRKT_
                0x08003fbc       0x48 bn_audio_manager.bn_noflto.o
                0x08003fbc                void _bn::assert::show_args<char [33]>(char const*, char const*, char const*, int, char const (&) [33])
 .text._ZN3_bn6assert9show_argsIA25_cEEvPKcS4_S4_iRKT_
                0x08004004       0x48 bn_audio_manager.bn_noflto.o
                0x08004004                void _bn::assert::show_args<char [25]>(char const*, char const*, char const*, int, char const (&) [25])
 .text._ZN3_bn6assert9show_argsIA24_cEEvPKcS4_S4_iRKT_
                0x0800404c       0x48 bn_audio_manager.bn_noflto.o
                0x0800404c                void _bn::assert::show_args<char [24]>(char const*, char const*, char const*, int, char const (&) [24])
 .text._ZN3_bn6assert9show_argsIA20_cEEvPKcS4_S4_iRKT_
                0x08004094       0x48 bn_audio_manager.bn_noflto.o
                0x08004094                void _bn::assert::show_args<char [20]>(char const*, char const*, char const*, int, char const (&) [20])
 .text._ZN3_bn6assert9show_argsIA26_cEEvPKcS4_S4_iRKT_
                0x080040dc       0x48 bn_audio_manager.bn_noflto.o
                0x080040dc                void _bn::assert::show_args<char [26]>(char const*, char const*, char const*, int, char const (&) [26])
 .text._ZN3_bn6assert9show_argsIA25_cN2bn7fixed_tILi12EEEEEvPKcS7_S7_iRKT_RKT0_
                0x08004124       0x54 bn_audio_manager.bn_noflto.o
                0x08004124                void _bn::assert::show_args<char [25], bn::fixed_t<12> >(char const*, char const*, char const*, int, char const (&) [25], bn::fixed_t<12> const&)
 .text._ZN3_bn6assert9show_argsIA27_cN2bn7fixed_tILi12EEEEEvPKcS7_S7_iRKT_RKT0_
                0x08004178       0x54 bn_audio_manager.bn_noflto.o
                0x08004178                void _bn::assert::show_args<char [27], bn::fixed_t<12> >(char const*, char const*, char const*, int, char const (&) [27], bn::fixed_t<12> const&)
 .text._ZN3_bn6assert9show_argsIA25_ciEEvPKcS4_S4_iRKT_RKT0_
                0x080041cc       0x54 bn_audio_manager.bn_noflto.o
                0x080041cc                void _bn::assert::show_args<char [25], int>(char const*, char const*, char const*, int, char const (&) [25], int const&)
 .text._ZN2bn13audio_manager16execute_commandsEv
                0x08004220      0x738 bn_audio_manager.bn_noflto.o
                0x08004220                bn::audio_manager::execute_commands()
 .text._ZN3_bn6assert9show_argsIA17_cEEvPKcS4_S4_iRKT_
                0x08004958       0x48 bn_audio_manager.bn_noflto.o
                0x08004958                void _bn::assert::show_args<char [17]>(char const*, char const*, char const*, int, char const (&) [17])
 .text.startup._GLOBAL__sub_I__ZN2bn5audio16update_on_vblankEv
                0x080049a0       0x90 bn_audio_manager.bn_noflto.o
 .text._ZN3_bn6assert9show_argsIA23_cEEvPKcS4_S4_iRKT_
                0x08004a30       0x48 bn_best_fit_allocator.o
                0x08004a30                void _bn::assert::show_args<char [23]>(char const*, char const*, char const*, int, char const (&) [23])
 .text._ZN2bn18best_fit_allocatorD2Ev
                0x08004a78       0x38 bn_best_fit_allocator.o
                0x08004a78                bn::best_fit_allocator::~best_fit_allocator()
                0x08004a78                bn::best_fit_allocator::~best_fit_allocator()
 .text._ZN3_bn6assert9show_argsIA20_ciEEvPKcS4_S4_iRKT_RKT0_
                0x08004ab0       0x54 bn_best_fit_allocator.o
                0x08004ab0                void _bn::assert::show_args<char [20], int>(char const*, char const*, char const*, int, char const (&) [20], int const&)
 .text._ZN3_bn6assert9show_argsIA14_cEEvPKcS4_S4_iRKT_
                0x08004b04       0x48 bn_best_fit_allocator.o
                0x08004b04                void _bn::assert::show_args<char [14]>(char const*, char const*, char const*, int, char const (&) [14])
 .text._ZN3_bn6assert9show_argsIA21_cEEvPKcS4_S4_iRKT_
                0x08004b4c       0x48 bn_best_fit_allocator.o
                0x08004b4c                void _bn::assert::show_args<char [21]>(char const*, char const*, char const*, int, char const (&) [21])
 .text._ZN2bn18best_fit_allocator5resetEPvi
                0x08004b94       0xbc bn_best_fit_allocator.o
                0x08004b94                bn::best_fit_allocator::reset(void*, int)
 .text._ZN2bn17bg_blocks_manager12_GLOBAL__N_1L17_hw_commit_offsetEPKtjtPt
                0x08004c50       0x74 bn_bg_blocks_manager.o
 .text._ZN2bn13ostringstream11append_argsIiJA4_ctEEEvRKT_DpRKT0_.isra.0
                0x08004cc4       0x24 bn_bg_blocks_manager.o
 .text._ZN2bn13ostringstream11append_argsIiJA4_ciEEEvRKT_DpRKT0_.isra.0
                0x08004ce8       0x24 bn_bg_blocks_manager.o
 .text._ZNK2bn18regular_bg_map_ptr2idEv
                0x08004d0c       0x18 bn_bg_blocks_manager.o
                0x08004d0c                bn::regular_bg_map_ptr::id() const
 .text._ZNK2bn18regular_bg_map_ptr10dimensionsEv
                0x08004d24       0x20 bn_bg_blocks_manager.o
                0x08004d24                bn::regular_bg_map_ptr::dimensions() const
 .text._ZNK2bn18regular_bg_map_ptr3bigEv
                0x08004d44       0x18 bn_bg_blocks_manager.o
                0x08004d44                bn::regular_bg_map_ptr::big() const
 .text._ZNK2bn20regular_bg_tiles_ptr3cbbEv
                0x08004d5c       0x18 bn_bg_blocks_manager.o
                0x08004d5c                bn::regular_bg_tiles_ptr::cbb() const
 .text._ZNK2bn17affine_bg_map_ptr2idEv
                0x08004d74       0x18 bn_bg_blocks_manager.o
                0x08004d74                bn::affine_bg_map_ptr::id() const
 .text._ZNK2bn17affine_bg_map_ptr10dimensionsEv
                0x08004d8c       0x20 bn_bg_blocks_manager.o
                0x08004d8c                bn::affine_bg_map_ptr::dimensions() const
 .text._ZNK2bn19affine_bg_tiles_ptr3cbbEv
                0x08004dac       0x18 bn_bg_blocks_manager.o
                0x08004dac                bn::affine_bg_tiles_ptr::cbb() const
 .text._ZN2bn17bg_blocks_manager10log_statusEv
                0x08004dc4      0x450 bn_bg_blocks_manager.o
                0x08004dc4                bn::bg_blocks_manager::log_status()
 .text._ZN2bn17bg_blocks_manager15decrease_usagesEi
                0x08005214       0x98 bn_bg_blocks_manager.o
                0x08005214                bn::bg_blocks_manager::decrease_usages(int)
 .text._ZN2bn18regular_bg_map_ptrD2Ev
                0x080052ac       0x18 bn_bg_blocks_manager.o
                0x080052ac                bn::regular_bg_map_ptr::~regular_bg_map_ptr()
                0x080052ac                bn::regular_bg_map_ptr::~regular_bg_map_ptr()
 .text._ZN2bn17affine_bg_map_ptrD2Ev
                0x080052c4       0x18 bn_bg_blocks_manager.o
                0x080052c4                bn::affine_bg_map_ptr::~affine_bg_map_ptr()
                0x080052c4                bn::affine_bg_map_ptr::~affine_bg_map_ptr()
 .text._ZN2bn17bg_blocks_manager12_GLOBAL__N_111static_dataD2Ev
                0x080052dc       0x50 bn_bg_blocks_manager.o
 .text._ZN2bn17bg_blocks_manager12_GLOBAL__N_110items_list12insert_afterEiRKNS1_9item_typeE.constprop.0
                0x0800532c      0x268 bn_bg_blocks_manager.o
 .text._ZN2bn17bg_blocks_manager4initEv
                0x08005594       0x90 bn_bg_blocks_manager.o
                0x08005594                bn::bg_blocks_manager::init()
 .text._ZN2bn17bg_blocks_manager11must_commitEi
                0x08005624       0x18 bn_bg_blocks_manager.o
                0x08005624                bn::bg_blocks_manager::must_commit(int)
 .text._ZN2bn17bg_blocks_manager6updateEv
                0x0800563c      0x260 bn_bg_blocks_manager.o
                0x0800563c                bn::bg_blocks_manager::update()
 .text._ZN3_bn6assert9show_argsIA52_ctEEvPKcS4_S4_iRKT_RKT0_
                0x0800589c       0x54 bn_bg_blocks_manager.o
                0x0800589c                void _bn::assert::show_args<char [52], unsigned short>(char const*, char const*, char const*, int, char const (&) [52], unsigned short const&)
 .text._ZN3_bn6assert9show_argsIJA20_ciA4_ctEEEvPKcS5_S5_iDpRKT_
                0x080058f0       0x58 bn_bg_blocks_manager.o
                0x080058f0                void _bn::assert::show_args<char [20], int, char [4], unsigned short>(char const*, char const*, char const*, int, char const (&) [20], int const&, char const (&) [4], unsigned short const&)
 .text._ZN3_bn6assert9show_argsIJA22_ciA4_ciEEEvPKcS5_S5_iDpRKT_
                0x08005948       0x58 bn_bg_blocks_manager.o
                0x08005948                void _bn::assert::show_args<char [22], int, char [4], int>(char const*, char const*, char const*, int, char const (&) [22], int const&, char const (&) [4], int const&)
 .text._ZN3_bn6assert9show_argsIJA58_ciA4_ciEEEvPKcS5_S5_iDpRKT_
                0x080059a0       0x58 bn_bg_blocks_manager.o
                0x080059a0                void _bn::assert::show_args<char [58], int, char [4], int>(char const*, char const*, char const*, int, char const (&) [58], int const&, char const (&) [4], int const&)
 .text._ZN3_bn6assert9show_argsIA38_cEEvPKcS4_S4_iRKT_
                0x080059f8       0x48 bn_bg_blocks_manager.o
                0x080059f8                void _bn::assert::show_args<char [38]>(char const*, char const*, char const*, int, char const (&) [38])
 .text._ZN3_bn6assert9show_argsIA27_ciEEvPKcS4_S4_iRKT_RKT0_
                0x08005a40       0x54 bn_bg_blocks_manager.o
                0x08005a40                void _bn::assert::show_args<char [27], int>(char const*, char const*, char const*, int, char const (&) [27], int const&)
 .text._ZN2bn17bg_blocks_manager12_GLOBAL__N_1L10_hw_commitEPKtNS_16compression_typeEibPt
                0x08005a94       0x68 bn_bg_blocks_manager.o
 .text._ZN3_bn6assert9show_argsIA22_ciEEvPKcS4_S4_iRKT_RKT0_
                0x08005afc       0x54 bn_bg_blocks_manager.o
                0x08005afc                void _bn::assert::show_args<char [22], int>(char const*, char const*, char const*, int, char const (&) [22], int const&)
 .text._ZN3_bn6assert9show_argsIA19_cEEvPKcS4_S4_iRKT_
                0x08005b50       0x48 bn_bg_blocks_manager.o
                0x08005b50                void _bn::assert::show_args<char [19]>(char const*, char const*, char const*, int, char const (&) [19])
 .text._ZN2bn17bg_blocks_manager12_GLOBAL__N_1L16_find_tiles_implEPKtNS_16compression_typeEib
                0x08005b98       0xf4 bn_bg_blocks_manager.o
 .text._ZN2bn17bg_blocks_manager12_GLOBAL__N_1L17_fix_blocks_countERKNS1_9item_typeEi
                0x08005c8c       0x78 bn_bg_blocks_manager.o
 .text._ZN3_bn6assert9show_argsIJA32_cA15_cPKtA16_ciA17_ciA34_cN2bn11string_viewEEEEvPKcSC_SC_iDpRKT_
                0x08005d04       0x90 bn_bg_blocks_manager.o
                0x08005d04                void _bn::assert::show_args<char [32], char [15], unsigned short const*, char [16], int, char [17], int, char [34], bn::string_view>(char const*, char const*, char const*, int, char const (&) [32], char const (&) [15], unsigned short const* const&, char const (&) [16], int const&, char const (&) [17], int const&, char const (&) [34], bn::string_view const&)
 .text._ZN3_bn6assert9show_argsIJA30_cA13_cPKtA14_ciA15_ciA17_ciA34_cN2bn11string_viewEEEEvPKcSD_SD_iDpRKT_
                0x08005d94       0xa0 bn_bg_blocks_manager.o
                0x08005d94                void _bn::assert::show_args<char [30], char [13], unsigned short const*, char [14], int, char [15], int, char [17], int, char [34], bn::string_view>(char const*, char const*, char const*, int, char const (&) [30], char const (&) [13], unsigned short const* const&, char const (&) [14], int const&, char const (&) [15], int const&, char const (&) [17], int const&, char const (&) [34], bn::string_view const&)
 .text._ZN3_bn6assert9show_argsIA31_cEEvPKcS4_S4_iRKT_
                0x08005e34       0x48 bn_bg_blocks_manager.o
                0x08005e34                void _bn::assert::show_args<char [31]>(char const*, char const*, char const*, int, char const (&) [31])
 .text._ZN3_bn6assert9show_argsIJA37_ciA4_ciEEEvPKcS5_S5_iDpRKT_
                0x08005e7c       0x58 bn_bg_blocks_manager.o
                0x08005e7c                void _bn::assert::show_args<char [37], int, char [4], int>(char const*, char const*, char const*, int, char const (&) [37], int const&, char const (&) [4], int const&)
 .text._ZN3_bn6assert9show_argsIA22_cEEvPKcS4_S4_iRKT_
                0x08005ed4       0x48 bn_bg_blocks_manager.o
                0x08005ed4                void _bn::assert::show_args<char [22]>(char const*, char const*, char const*, int, char const (&) [22])
 .text._ZNK2bn18regular_bg_map_ptr5tilesEv
                0x08005f1c       0x48 bn_bg_blocks_manager.o
                0x08005f1c                bn::regular_bg_map_ptr::tiles() const
 .text._ZNK2bn17affine_bg_map_ptr5tilesEv
                0x08005f64       0x48 bn_bg_blocks_manager.o
                0x08005f64                bn::affine_bg_map_ptr::tiles() const
 .text._ZNK2bn18regular_bg_map_ptr3bppEv
                0x08005fac       0x4c bn_bg_blocks_manager.o
                0x08005fac                bn::regular_bg_map_ptr::bpp() const
 .text._ZN2bn17bg_blocks_manager21update_affine_map_rowEiii
                0x08005ff8      0x15c bn_bg_blocks_manager.o
                0x08005ff8                bn::bg_blocks_manager::update_affine_map_row(int, int, int)
 .text._ZN2bn17bg_blocks_manager28update_affine_map_bottom_rowEiii
                0x08006154       0x30 bn_bg_blocks_manager.o
                0x08006154                bn::bg_blocks_manager::update_affine_map_bottom_row(int, int, int)
 .text._ZN2bn17bg_blocks_manager23set_affine_map_positionEiii
                0x08006184      0x1f0 bn_bg_blocks_manager.o
                0x08006184                bn::bg_blocks_manager::set_affine_map_position(int, int, int)
 .text._ZN2bn17bg_blocks_manager21update_affine_map_colEiii
                0x08006374      0x318 bn_bg_blocks_manager.o
                0x08006374                bn::bg_blocks_manager::update_affine_map_col(int, int, int)
 .text._ZN2bn17bg_blocks_manager27update_affine_map_right_colEiii
                0x0800668c       0x30 bn_bg_blocks_manager.o
                0x0800668c                bn::bg_blocks_manager::update_affine_map_right_col(int, int, int)
 .text._ZN2bn17bg_blocks_manager22update_regular_map_rowEiii
                0x080066bc      0x19c bn_bg_blocks_manager.o
                0x080066bc                bn::bg_blocks_manager::update_regular_map_row(int, int, int)
 .text._ZN2bn17bg_blocks_manager22update_regular_map_colEiii
                0x08006858      0x1f0 bn_bg_blocks_manager.o
                0x08006858                bn::bg_blocks_manager::update_regular_map_col(int, int, int)
 .text._ZN2bn17bg_blocks_manager24set_regular_map_positionEiii
                0x08006a48      0x210 bn_bg_blocks_manager.o
                0x08006a48                bn::bg_blocks_manager::set_regular_map_position(int, int, int)
 .text._ZN2bn17bg_blocks_manager33set_regular_map_tiles_and_paletteEiONS_20regular_bg_tiles_ptrEONS_14bg_palette_ptrE
                0x08006c58      0x2b4 bn_bg_blocks_manager.o
                0x08006c58                bn::bg_blocks_manager::set_regular_map_tiles_and_palette(int, bn::regular_bg_tiles_ptr&&, bn::bg_palette_ptr&&)
 .text._ZN2bn17bg_blocks_manager21set_regular_map_tilesEiONS_20regular_bg_tiles_ptrE
                0x08006f0c      0x248 bn_bg_blocks_manager.o
                0x08006f0c                bn::bg_blocks_manager::set_regular_map_tiles(int, bn::regular_bg_tiles_ptr&&)
 .text._ZN2bn17bg_blocks_manager23set_regular_map_paletteEiONS_14bg_palette_ptrE
                0x08007154      0x210 bn_bg_blocks_manager.o
                0x08007154                bn::bg_blocks_manager::set_regular_map_palette(int, bn::bg_palette_ptr&&)
 .text._ZN2bn17bg_blocks_manager12_GLOBAL__N_1L22_find_regular_map_implERKNS_19regular_bg_map_itemEPKtRKNS_20regular_bg_tiles_ptrERKNS_14bg_palette_ptrE
                0x08007364      0x2d0 bn_bg_blocks_manager.o
 .text._ZN2bn17bg_blocks_manager12_GLOBAL__N_1L12_commit_itemERKNS1_9item_typeEb
                0x08007634      0x1d8 bn_bg_blocks_manager.o
 .text._ZN2bn17bg_blocks_manager19commit_uncompressedEb
                0x0800780c       0x54 bn_bg_blocks_manager.o
                0x0800780c                bn::bg_blocks_manager::commit_uncompressed(bool)
 .text._ZN2bn17bg_blocks_manager17commit_compressedEv
                0x08007860       0x48 bn_bg_blocks_manager.o
                0x08007860                bn::bg_blocks_manager::commit_compressed()
 .text._ZN2bn17bg_blocks_manager12_GLOBAL__N_1L12_create_itemEiibONS1_11create_dataE
                0x080078a8      0x4f8 bn_bg_blocks_manager.o
 .text._ZN2bn17bg_blocks_manager12_GLOBAL__N_1L12_create_implEONS1_11create_dataE
                0x08007da0      0x214 bn_bg_blocks_manager.o
 .text._ZN2bn17bg_blocks_manager20create_regular_tilesERKNS_21regular_bg_tiles_itemEb
                0x08007fb4      0x13c bn_bg_blocks_manager.o
                0x08007fb4                bn::bg_blocks_manager::create_regular_tiles(bn::regular_bg_tiles_item const&, bool)
 .text._ZN2bn17bg_blocks_manager18create_regular_mapERKNS_19regular_bg_map_itemEPKtONS_20regular_bg_tiles_ptrEONS_14bg_palette_ptrEb
                0x080080f0      0x26c bn_bg_blocks_manager.o
                0x080080f0                bn::bg_blocks_manager::create_regular_map(bn::regular_bg_map_item const&, unsigned short const*, bn::regular_bg_tiles_ptr&&, bn::bg_palette_ptr&&, bool)
 .text._ZN2bn18regular_bg_map_ptr6createERKNS_15regular_bg_itemEi
                0x0800835c       0xd8 bn_bg_blocks_manager.o
                0x0800835c                bn::regular_bg_map_ptr::create(bn::regular_bg_item const&, int)
 .text.startup._GLOBAL__sub_I__ZN2bn7bg_maps16used_cells_countEv
                0x08008434       0x88 bn_bg_blocks_manager.o
 .text._ZN2bn11bgs_manager12_GLOBAL__N_1L29_check_unique_regular_big_mapERNS1_9item_typeE
                0x080084bc       0x6c bn_bgs_manager.o
 .text._ZN2bn11bgs_manager12_GLOBAL__N_111static_dataD2Ev
                0x08008528       0x10 bn_bgs_manager.o
 .text._ZN2bn11bgs_manager12_GLOBAL__N_1L33_update_item_hw_affine_attributesERKNS1_9item_typeE
                0x08008538       0x48 bn_bgs_manager.o
 .text._ZN2bn11bgs_manager4initEv
                0x08008580       0x8c bn_bgs_manager.o
                0x08008580                bn::bgs_manager::init()
 .text._ZN2bn11bgs_manager5hw_idEPv
                0x0800860c        0x8 bn_bgs_manager.o
                0x0800860c                bn::bgs_manager::hw_id(void*)
 .text._ZN2bn11bgs_manager11hw_positionEPv
                0x08008614        0x4 bn_bgs_manager.o
                0x08008614                bn::bgs_manager::hw_position(void*)
 .text._ZN2bn11bgs_manager14mat_attributesEPv
                0x08008618        0x4 bn_bgs_manager.o
                0x08008618                bn::bgs_manager::mat_attributes(void*)
 .text._ZN2bn11bgs_manager20update_windows_flagsEPj
                0x0800861c       0x7c bn_bgs_manager.o
                0x0800861c                bn::bgs_manager::update_windows_flags(unsigned int*)
 .text._ZN2bn11bgs_manager14update_camerasEv
                0x08008698      0x134 bn_bgs_manager.o
                0x08008698                bn::bgs_manager::update_cameras()
 .text._ZN2bn11bgs_manager28update_regular_map_tiles_cbbEii
                0x080087cc       0x94 bn_bgs_manager.o
                0x080087cc                bn::bgs_manager::update_regular_map_tiles_cbb(int, int)
 .text._ZN2bn11bgs_manager30update_regular_map_palette_bppEiNS_8bpp_modeE
                0x08008860       0x98 bn_bgs_manager.o
                0x08008860                bn::bgs_manager::update_regular_map_palette_bpp(int, bn::bpp_mode)
 .text._ZN2bn11bgs_manager6reloadEv
                0x080088f8       0x14 bn_bgs_manager.o
                0x080088f8                bn::bgs_manager::reload()
 .text._ZN2bn11bgs_manager36fill_hblank_effect_regular_positionsEiPKNS_7fixed_tILi12EEEPt
                0x0800890c       0x38 bn_bgs_manager.o
                0x0800890c                bn::bgs_manager::fill_hblank_effect_regular_positions(int, bn::fixed_t<12> const*, unsigned short*)
 .text._ZN2bn11bgs_manager45fill_hblank_effect_pivot_horizontal_positionsEPvPKNS_7fixed_tILi12EEEPj
                0x08008944       0x28 bn_bgs_manager.o
                0x08008944                bn::bgs_manager::fill_hblank_effect_pivot_horizontal_positions(void*, bn::fixed_t<12> const*, unsigned int*)
 .text._ZN2bn11bgs_manager43fill_hblank_effect_pivot_vertical_positionsEPvPKNS_7fixed_tILi12EEEPj
                0x0800896c       0x28 bn_bgs_manager.o
                0x0800896c                bn::bgs_manager::fill_hblank_effect_pivot_vertical_positions(void*, bn::fixed_t<12> const*, unsigned int*)
 .text._ZN2bn11bgs_manager6commitEb
                0x08008994       0x58 bn_bgs_manager.o
                0x08008994                bn::bgs_manager::commit(bool)
 .text._ZN2bn11bgs_manager4stopEv
                0x080089ec       0x28 bn_bgs_manager.o
                0x080089ec                bn::bgs_manager::stop()
 .text._ZN3_bn6assert9show_argsIA17_ciEEvPKcS4_S4_iRKT_RKT0_
                0x08008a14       0x54 bn_bgs_manager.o
                0x08008a14                void _bn::assert::show_args<char [17], int>(char const*, char const*, char const*, int, char const (&) [17], int const&)
 .text._ZN3_bn6assert9show_argsIA30_cEEvPKcS4_S4_iRKT_
                0x08008a68       0x48 bn_bgs_manager.o
                0x08008a68                void _bn::assert::show_args<char [30]>(char const*, char const*, char const*, int, char const (&) [30])
 .text._ZN2bn18regular_bg_builder11release_mapEv
                0x08008ab0       0x6c bn_bgs_manager.o
                0x08008ab0                bn::regular_bg_builder::release_map()
 .text._ZN2bn11bgs_manager15commit_big_mapsEv
                0x08008b1c      0x208 bn_bgs_manager.o
                0x08008b1c                bn::bgs_manager::commit_big_maps()
 .text._ZN2bn11bgs_manager12_GLOBAL__N_19item_type18update_regular_mapEv
                0x08008d24      0x1b4 bn_bgs_manager.o
 .text._ZN2bn11bgs_manager10affine_mapEPv
                0x08008ed8       0x34 bn_bgs_manager.o
                0x08008ed8                bn::bgs_manager::affine_map(void*)
 .text._ZN2bn11bgs_manager11regular_mapEPv
                0x08008f0c       0x34 bn_bgs_manager.o
                0x08008f0c                bn::bgs_manager::regular_map(void*)
 .text._ZN3_bn6assert9show_argsIA27_cEEvPKcS4_S4_iRKT_
                0x08008f40       0x48 bn_bgs_manager.o
                0x08008f40                void _bn::assert::show_args<char [27]>(char const*, char const*, char const*, int, char const (&) [27])
 .text._ZN3_bn6assert9show_argsIA46_cEEvPKcS4_S4_iRKT_
                0x08008f88       0x48 bn_bgs_manager.o
                0x08008f88                void _bn::assert::show_args<char [46]>(char const*, char const*, char const*, int, char const (&) [46])
 .text._ZN2bn11bgs_manager37fill_hblank_effect_regular_attributesEPvPKNS_21regular_bg_attributesEPt
                0x08008fd0      0x118 bn_bgs_manager.o
                0x08008fd0                bn::bgs_manager::fill_hblank_effect_regular_attributes(void*, bn::regular_bg_attributes const*, unsigned short*)
 .text._ZN2bn11bgs_manager36fill_hblank_effect_affine_attributesEPvPKNS_20affine_bg_attributesEPt
                0x080090e8      0x10c bn_bgs_manager.o
                0x080090e8                bn::bgs_manager::fill_hblank_effect_affine_attributes(void*, bn::affine_bg_attributes const*, unsigned short*)
 .text._ZN2bn11bgs_manager15rebuild_handlesEv.part.0
                0x080091f4      0x1a4 bn_bgs_manager.o
 .text._ZN2bn11bgs_manager6updateEv
                0x08009398      0x158 bn_bgs_manager.o
                0x08009398                bn::bgs_manager::update()
 .text._ZN3_bn6assert9show_argsIA16_cN2bn7fixed_tILi12EEEEEvPKcS7_S7_iRKT_RKT0_
                0x080094f0       0x54 bn_bgs_manager.o
                0x080094f0                void _bn::assert::show_args<char [16], bn::fixed_t<12> >(char const*, char const*, char const*, int, char const (&) [16], bn::fixed_t<12> const&)
 .text._ZN3_bn6assert9show_argsIA38_cN2bn7fixed_tILi12EEEEEvPKcS7_S7_iRKT_RKT0_
                0x08009544       0x54 bn_bgs_manager.o
                0x08009544                void _bn::assert::show_args<char [38], bn::fixed_t<12> >(char const*, char const*, char const*, int, char const (&) [38], bn::fixed_t<12> const&)
 .text._ZN2bn11bgs_manager12_GLOBAL__N_1L12_insert_itemERNS1_9item_typeE
                0x08009598      0x104 bn_bgs_manager.o
 .text._ZN3_bn6assert9show_argsIA13_cEEvPKcS4_S4_iRKT_
                0x0800969c       0x48 bn_bgs_manager.o
                0x0800969c                void _bn::assert::show_args<char [13]>(char const*, char const*, char const*, int, char const (&) [13])
 .text._ZN2bn11bgs_manager6createEONS_18regular_bg_builderE
                0x080096e4      0x1ec bn_bgs_manager.o
                0x080096e4                bn::bgs_manager::create(bn::regular_bg_builder&&)
 .text._ZNK2bn15regular_bg_item9create_bgENS_7fixed_tILi12EEES2_
                0x080098d0       0x78 bn_bgs_manager.o
                0x080098d0                bn::regular_bg_item::create_bg(bn::fixed_t<12>, bn::fixed_t<12>) const
 .text._ZN2bn5eraseIPNS_11bgs_manager12_GLOBAL__N_19item_typeEEENS_7ivectorIT_E9size_typeERS7_RKS6_.constprop.0.isra.0
                0x08009948      0x144 bn_bgs_manager.o
 .text._ZN2bn11bgs_manager15decrease_usagesEPv
                0x08009a8c       0xa8 bn_bgs_manager.o
                0x08009a8c                bn::bgs_manager::decrease_usages(void*)
 .text._ZN2bn14regular_bg_ptrD2Ev
                0x08009b34       0x18 bn_bgs_manager.o
                0x08009b34                bn::regular_bg_ptr::~regular_bg_ptr()
                0x08009b34                bn::regular_bg_ptr::~regular_bg_ptr()
 .text._ZN2bn14regular_bg_ptr12set_priorityEi
                0x08009b4c       0x68 bn_bgs_manager.o
                0x08009b4c                bn::regular_bg_ptr::set_priority(int)
 .text.startup._GLOBAL__sub_I__ZN2bn3bgs16used_items_countEv
                0x08009bb4       0x90 bn_bgs_manager.o
 .text._ZN2bn10camera_ptrC2ERKS0_
                0x08009c44       0x20 bn_cameras_manager.o
                0x08009c44                bn::camera_ptr::camera_ptr(bn::camera_ptr const&)
                0x08009c44                bn::camera_ptr::camera_ptr(bn::camera_ptr const&)
 .text._ZN2bn10camera_ptraSERKS0_
                0x08009c64       0x70 bn_cameras_manager.o
                0x08009c64                bn::camera_ptr::operator=(bn::camera_ptr const&)
 .text._ZN2bn10camera_ptrD2Ev
                0x08009cd4       0x38 bn_cameras_manager.o
                0x08009cd4                bn::camera_ptr::~camera_ptr()
                0x08009cd4                bn::camera_ptr::~camera_ptr()
 .text._ZNK2bn10camera_ptr8positionEv
                0x08009d0c       0x14 bn_cameras_manager.o
                0x08009d0c                bn::camera_ptr::position() const
 .text._ZN2bn15cameras_manager4initEv
                0x08009d20       0x24 bn_cameras_manager.o
                0x08009d20                bn::cameras_manager::init()
 .text._ZN2bn15cameras_manager6updateEv
                0x08009d44       0x28 bn_cameras_manager.o
                0x08009d44                bn::cameras_manager::update()
 .text.startup._GLOBAL__sub_I__ZN2bn7cameras16used_items_countEv
                0x08009d6c       0x24 bn_cameras_manager.o
 .text._ZN2bn4core12_GLOBAL__N_1L12_vblank_intrEv
                0x08009d90       0x3c bn_core.o
 .text._ZN2bn4core12_GLOBAL__N_1L4stopEb
                0x08009dcc       0x60 bn_core.o
 .text._ZN2bn4core12_GLOBAL__N_1L11update_implEv
                0x08009e2c      0x110 bn_core.o
 .text._ZN2bn4core6updateEv
                0x08009f3c       0x6c bn_core.o
                0x08009f3c                bn::core::update()
 .text._ZN2bn4core4initERKNS_8optionalINS_5colorEEERKNS_11string_viewE
                0x08009fa8      0x138 bn_core.o
                0x08009fa8                bn::core::init(bn::optional<bn::color> const&, bn::string_view const&)
 .text._ZN2bn4core4initEv
                0x0800a0e0       0x20 bn_core.o
                0x0800a0e0                bn::core::init()
 .text._ZN2bn11string_viewC2EPKc
                0x0800a100       0x40 bn_core.o
                0x0800a100                bn::string_view::string_view(char const*)
                0x0800a100                bn::string_view::string_view(char const*)
 .text._ZN3_bn6assert12_GLOBAL__N_1L10_show_implEPKcS3_S3_iRKN2bn11string_viewE
                0x0800a140       0x80 bn_core.o
 .text._ZN3_bn6assert4showEPKcS2_S2_iRKN2bn12istring_baseE
                0x0800a1c0       0x18 bn_core.o
                0x0800a1c0                _bn::assert::show(char const*, char const*, char const*, int, bn::istring_base const&)
 .text._ZN3_bn6assert9show_argsIA18_cEEvPKcS4_S4_iRKT_
                0x0800a1d8       0x48 bn_core.o
                0x0800a1d8                void _bn::assert::show_args<char [18]>(char const*, char const*, char const*, int, char const (&) [18])
 .text.startup._GLOBAL__sub_I__ZN2bn4core4initEv
                0x0800a220       0x48 bn_core.o
 .text._ZN2bn15display_manager12_GLOBAL__N_111static_dataD2Ev
                0x0800a268       0x34 bn_display_manager.o
 .text._ZN2bn15display_manager12_GLOBAL__N_1L34_update_rect_windows_hw_boundariesEi
                0x0800a29c       0x7c bn_display_manager.o
 .text._ZN2bn15display_manager4initEv
                0x0800a318       0x98 bn_display_manager.o
                0x0800a318                bn::display_manager::init()
 .text._ZN2bn15display_manager8set_modeEi
                0x0800a3b0       0x1c bn_display_manager.o
                0x0800a3b0                bn::display_manager::set_mode(int)
 .text._ZN2bn15display_manager15sprites_visibleEv
                0x0800a3cc        0xc bn_display_manager.o
                0x0800a3cc                bn::display_manager::sprites_visible()
 .text._ZN2bn15display_manager19set_sprites_visibleEb
                0x0800a3d8       0x1c bn_display_manager.o
                0x0800a3d8                bn::display_manager::set_sprites_visible(bool)
 .text._ZN2bn15display_manager14set_bg_enabledEib
                0x0800a3f4       0x18 bn_display_manager.o
                0x0800a3f4                bn::display_manager::set_bg_enabled(int, bool)
 .text._ZN2bn15display_manager15disable_all_bgsEv
                0x0800a40c       0x14 bn_display_manager.o
                0x0800a40c                bn::display_manager::disable_all_bgs()
 .text._ZN2bn15display_manager13reload_mosaicEv
                0x0800a420       0x14 bn_display_manager.o
                0x0800a420                bn::display_manager::reload_mosaic()
 .text._ZN2bn15display_manager36fill_mosaic_hblank_effect_attributesEPKNS_17mosaic_attributesEPt
                0x0800a434       0x98 bn_display_manager.o
                0x0800a434                bn::display_manager::fill_mosaic_hblank_effect_attributes(bn::mosaic_attributes const*, unsigned short*)
 .text._ZN2bn15display_manager27set_blending_top_bg_enabledEib
                0x0800a4cc       0x20 bn_display_manager.o
                0x0800a4cc                bn::display_manager::set_blending_top_bg_enabled(int, bool)
 .text._ZN2bn15display_manager30set_blending_bottom_bg_enabledEib
                0x0800a4ec       0x20 bn_display_manager.o
                0x0800a4ec                bn::display_manager::set_blending_bottom_bg_enabled(int, bool)
 .text._ZN2bn15display_manager32blending_transparency_top_weightEv
                0x0800a50c       0x18 bn_display_manager.o
                0x0800a50c                bn::display_manager::blending_transparency_top_weight()
 .text._ZN2bn15display_manager35blending_transparency_bottom_weightEv
                0x0800a524       0x28 bn_display_manager.o
                0x0800a524                bn::display_manager::blending_transparency_bottom_weight()
 .text._ZN2bn15display_manager28reload_blending_transparencyEv
                0x0800a54c       0x14 bn_display_manager.o
                0x0800a54c                bn::display_manager::reload_blending_transparency()
 .text._ZN2bn15display_manager51fill_blending_transparency_hblank_effect_attributesEPKNS_32blending_transparency_attributesEPt
                0x0800a560       0x30 bn_display_manager.o
                0x0800a560                bn::display_manager::fill_blending_transparency_hblank_effect_attributes(bn::blending_transparency_attributes const*, unsigned short*)
 .text._ZN2bn15display_manager21blending_fade_enabledEv
                0x0800a590        0xc bn_display_manager.o
                0x0800a590                bn::display_manager::blending_fade_enabled()
 .text._ZN2bn15display_manager25set_blending_fade_enabledEb
                0x0800a59c       0x2c bn_display_manager.o
                0x0800a59c                bn::display_manager::set_blending_fade_enabled(bool)
 .text._ZN2bn15display_manager20reload_blending_fadeEv
                0x0800a5c8       0x40 bn_display_manager.o
                0x0800a5c8                bn::display_manager::reload_blending_fade()
 .text._ZN2bn15display_manager39fill_blending_fade_hblank_effect_alphasEPKNS_19blending_fade_alphaEPt
                0x0800a608       0x24 bn_display_manager.o
                0x0800a608                bn::display_manager::fill_blending_fade_hblank_effect_alphas(bn::blending_fade_alpha const*, unsigned short*)
 .text._ZN2bn15display_manager26update_windows_visible_bgsEv
                0x0800a62c       0x14 bn_display_manager.o
                0x0800a62c                bn::display_manager::update_windows_visible_bgs()
 .text._ZN2bn15display_manager36rect_window_hw_horizontal_boundariesEi
                0x0800a640       0x18 bn_display_manager.o
                0x0800a640                bn::display_manager::rect_window_hw_horizontal_boundaries(int)
 .text._ZN2bn15display_manager34rect_window_hw_vertical_boundariesEi
                0x0800a658       0x18 bn_display_manager.o
                0x0800a658                bn::display_manager::rect_window_hw_vertical_boundaries(int)
 .text._ZN2bn15display_manager30reload_rect_windows_boundariesEv
                0x0800a670       0x14 bn_display_manager.o
                0x0800a670                bn::display_manager::reload_rect_windows_boundaries()
 .text._ZN2bn15display_manager52fill_rect_window_hblank_effect_horizontal_boundariesERKSt4pairIiiEPKS1_INS_7fixed_tILi12EEES6_EPt
                0x0800a684      0x134 bn_display_manager.o
                0x0800a684                bn::display_manager::fill_rect_window_hblank_effect_horizontal_boundaries(std::pair<int, int> const&, std::pair<bn::fixed_t<12>, bn::fixed_t<12> > const*, unsigned short*)
 .text._ZN2bn15display_manager50fill_rect_window_hblank_effect_vertical_boundariesERKSt4pairIiiEPKS1_INS_7fixed_tILi12EEES6_EPt
                0x0800a7b8      0x134 bn_display_manager.o
                0x0800a7b8                bn::display_manager::fill_rect_window_hblank_effect_vertical_boundaries(std::pair<int, int> const&, std::pair<bn::fixed_t<12>, bn::fixed_t<12> > const*, unsigned short*)
 .text._ZN2bn15display_manager17reload_green_swapEv
                0x0800a8ec       0x14 bn_display_manager.o
                0x0800a8ec                bn::display_manager::reload_green_swap()
 .text._ZN2bn15display_manager36fill_green_swap_hblank_effect_statesEPKbPt
                0x0800a900       0x38 bn_display_manager.o
                0x0800a900                bn::display_manager::fill_green_swap_hblank_effect_states(bool const*, unsigned short*)
 .text._ZN2bn15display_manager14update_camerasEv
                0x0800a938       0x40 bn_display_manager.o
                0x0800a938                bn::display_manager::update_cameras()
 .text._ZN2bn15display_manager6updateEv
                0x0800a978      0x244 bn_display_manager.o
                0x0800a978                bn::display_manager::update()
 .text._ZN2bn15display_manager6commitEv
                0x0800abbc      0x130 bn_display_manager.o
                0x0800abbc                bn::display_manager::commit()
 .text._ZN2bn15display_manager4stopEv
                0x0800acec       0x30 bn_display_manager.o
                0x0800acec                bn::display_manager::stop()
 .text._ZN3_bn6assert9show_argsIA66_cEEvPKcS4_S4_iRKT_
                0x0800ad1c       0x48 bn_display_manager.o
                0x0800ad1c                void _bn::assert::show_args<char [66]>(char const*, char const*, char const*, int, char const (&) [66])
 .text._ZN3_bn6assert9show_argsIA29_cN2bn7fixed_tILi12EEEEEvPKcS7_S7_iRKT_RKT0_
                0x0800ad64       0x54 bn_display_manager.o
                0x0800ad64                void _bn::assert::show_args<char [29], bn::fixed_t<12> >(char const*, char const*, char const*, int, char const (&) [29], bn::fixed_t<12> const&)
 .text._ZN2bn8blending22set_transparency_alphaENS_7fixed_tILi12EEE
                0x0800adb8       0x90 bn_display_manager.o
                0x0800adb8                bn::blending::set_transparency_alpha(bn::fixed_t<12>)
 .text._ZN3_bn6assert9show_argsIA18_cN2bn7fixed_tILi12EEEEEvPKcS7_S7_iRKT_RKT0_
                0x0800ae48       0x54 bn_display_manager.o
                0x0800ae48                void _bn::assert::show_args<char [18], bn::fixed_t<12> >(char const*, char const*, char const*, int, char const (&) [18], bn::fixed_t<12> const&)
 .text._ZN2bn14sprites_mosaic11set_stretchENS_7fixed_tILi12EEE
                0x0800ae9c       0x74 bn_display_manager.o
                0x0800ae9c                bn::sprites_mosaic::set_stretch(bn::fixed_t<12>)
 .text.startup._GLOBAL__sub_I__ZNK2bn6window7show_bgERKNS_14regular_bg_ptrE
                0x0800af10       0xa4 bn_display_manager.o
 .text._ZN2bn12gpio_manager5sleepEv
                0x0800afb4       0x28 bn_gpio_manager.o
                0x0800afb4                bn::gpio_manager::sleep()
 .text._ZN2bn22hblank_effects_manager12_GLOBAL__N_19item_type18_output_values_ptrEv
                0x0800afdc       0x40 bn_hblank_effects_manager.o
 .text._ZN2bn23sprite_position_hbe_ptr17reload_deltas_refEv
                0x0800b01c       0x2c bn_hblank_effects_manager.o
                0x0800b01c                bn::sprite_position_hbe_ptr::reload_deltas_ref()
 .text._ZN2bn22hblank_effects_manager7disableEv
                0x0800b048       0x24 bn_hblank_effects_manager.o
                0x0800b048                bn::hblank_effects_manager::disable()
 .text._ZN2bn22hblank_effects_manager4stopEv
                0x0800b06c       0x38 bn_hblank_effects_manager.o
                0x0800b06c                bn::hblank_effects_manager::stop()
 .text._ZN2bn22hblank_effects_manager6commitEv
                0x0800b0a4       0x8c bn_hblank_effects_manager.o
                0x0800b0a4                bn::hblank_effects_manager::commit()
 .text._ZN2bn22hblank_effects_manager12_GLOBAL__N_1L10_is_uint32ENS0_12handler_typeE
                0x0800b130       0x64 bn_hblank_effects_manager.o
 .text._ZN2bn22hblank_effects_manager12_GLOBAL__N_19item_type7cleanupEv
                0x0800b194       0xa0 bn_hblank_effects_manager.o
 .text._ZN2bn22hblank_effects_manager12_GLOBAL__N_1L26_update_visible_item_indexEi
                0x0800b234       0x98 bn_hblank_effects_manager.o
 .text._ZN3_bn6assert9show_argsIA42_cEEvPKcS4_S4_iRKT_
                0x0800b2cc       0x48 bn_hblank_effects_manager.o
                0x0800b2cc                void _bn::assert::show_args<char [42]>(char const*, char const*, char const*, int, char const (&) [42])
 .text._ZN2bn22hblank_effects_manager12_GLOBAL__N_19item_type12check_updateEv
                0x0800b314     0x1548 bn_hblank_effects_manager.o
 .text._ZN2bn22hblank_effects_manager6updateEv
                0x0800c85c      0x1ec bn_hblank_effects_manager.o
                0x0800c85c                bn::hblank_effects_manager::update()
 .text._ZN3_bn6assert9show_argsIA34_cEEvPKcS4_S4_iRKT_
                0x0800ca48       0x48 bn_hblank_effects_manager.o
                0x0800ca48                void _bn::assert::show_args<char [34]>(char const*, char const*, char const*, int, char const (&) [34])
 .text._ZN2bn22hblank_effects_manager12_GLOBAL__N_1L7_createEPKviNS0_12handler_typeEb
                0x0800ca90      0x264 bn_hblank_effects_manager.o
 .text._ZN2bn39sprite_affine_second_attributes_hbe_ptr6createENS_10sprite_ptrERKNS_4spanIKNS_31sprite_affine_second_attributesEEE
                0x0800ccf4       0x70 bn_hblank_effects_manager.o
                0x0800ccf4                bn::sprite_affine_second_attributes_hbe_ptr::create(bn::sprite_ptr, bn::span<bn::sprite_affine_second_attributes const> const&)
 .text._ZN2bn31sprite_first_attributes_hbe_ptr6createENS_10sprite_ptrERKNS_4spanIKNS_23sprite_first_attributesEEE
                0x0800cd64       0x70 bn_hblank_effects_manager.o
                0x0800cd64                bn::sprite_first_attributes_hbe_ptr::create(bn::sprite_ptr, bn::span<bn::sprite_first_attributes const> const&)
 .text._ZN2bn23sprite_position_hbe_ptr17create_horizontalENS_10sprite_ptrERKNS_4spanIKNS_7fixed_tILi12EEEEE
                0x0800cdd4       0x70 bn_hblank_effects_manager.o
                0x0800cdd4                bn::sprite_position_hbe_ptr::create_horizontal(bn::sprite_ptr, bn::span<bn::fixed_t<12> const> const&)
 .text._ZN2bn40sprite_regular_second_attributes_hbe_ptr6createENS_10sprite_ptrERKNS_4spanIKNS_32sprite_regular_second_attributesEEE
                0x0800ce44       0x70 bn_hblank_effects_manager.o
                0x0800ce44                bn::sprite_regular_second_attributes_hbe_ptr::create(bn::sprite_ptr, bn::span<bn::sprite_regular_second_attributes const> const&)
 .text._ZN2bn31sprite_third_attributes_hbe_ptr6createENS_10sprite_ptrERKNS_4spanIKNS_23sprite_third_attributesEEE
                0x0800ceb4       0x70 bn_hblank_effects_manager.o
                0x0800ceb4                bn::sprite_third_attributes_hbe_ptr::create(bn::sprite_ptr, bn::span<bn::sprite_third_attributes const> const&)
 .text._ZN2bn22hblank_effects_manager4initEv
                0x0800cf24      0x180 bn_hblank_effects_manager.o
                0x0800cf24                bn::hblank_effects_manager::init()
 .text._ZN2bn22hblank_effects_manager15decrease_usagesEi.part.0
                0x0800d0a4      0x160 bn_hblank_effects_manager.o
 .text._ZN2bn7hbe_ptrD2Ev
                0x0800d204       0x34 bn_hblank_effects_manager.o
                0x0800d204                bn::hbe_ptr::~hbe_ptr()
                0x0800d204                bn::hbe_ptr::~hbe_ptr()
 .text.startup._GLOBAL__sub_I__ZN2bn4hbes10used_countEv
                0x0800d238       0xe8 bn_hblank_effects_manager.o
 .text._ZN2bn12hdma_manager4initEv
                0x0800d320       0x40 bn_hdma_manager.o
                0x0800d320                bn::hdma_manager::init()
 .text._ZN2bn12hdma_manager10force_stopEv
                0x0800d360       0x5c bn_hdma_manager.o
                0x0800d360                bn::hdma_manager::force_stop()
 .text._ZN2bn12hdma_manager7disableEv
                0x0800d3bc       0x48 bn_hdma_manager.o
                0x0800d3bc                bn::hdma_manager::disable()
 .text._ZN2bn12hdma_manager6updateEv
                0x0800d404       0x6c bn_hdma_manager.o
                0x0800d404                bn::hdma_manager::update()
 .text._ZN2bn12hdma_manager24commit_interrupt_handlerEv
                0x0800d470       0x20 bn_hdma_manager.o
                0x0800d470                bn::hdma_manager::commit_interrupt_handler()
 .text._ZN2bn12hdma_manager14commit_entriesEb
                0x0800d490      0x168 bn_hdma_manager.o
                0x0800d490                bn::hdma_manager::commit_entries(bool)
 .text.startup._GLOBAL__sub_I__ZN2bn4hdma7runningEv
                0x0800d5f8       0x3c bn_hdma_manager.o
 .text._ZN2bn6keypad9a_pressedEv
                0x0800d634       0x10 bn_keypad_manager.o
                0x0800d634                bn::keypad::a_pressed()
 .text._ZN2bn6keypad9b_pressedEv
                0x0800d644       0x10 bn_keypad_manager.o
                0x0800d644                bn::keypad::b_pressed()
 .text._ZN2bn6keypad14select_pressedEv
                0x0800d654       0x10 bn_keypad_manager.o
                0x0800d654                bn::keypad::select_pressed()
 .text._ZN2bn6keypad13start_pressedEv
                0x0800d664       0x10 bn_keypad_manager.o
                0x0800d664                bn::keypad::start_pressed()
 .text._ZN2bn6keypad10right_heldEv
                0x0800d674       0x10 bn_keypad_manager.o
                0x0800d674                bn::keypad::right_held()
 .text._ZN2bn6keypad13right_pressedEv
                0x0800d684       0x10 bn_keypad_manager.o
                0x0800d684                bn::keypad::right_pressed()
 .text._ZN2bn6keypad9left_heldEv
                0x0800d694       0x10 bn_keypad_manager.o
                0x0800d694                bn::keypad::left_held()
 .text._ZN2bn6keypad12left_pressedEv
                0x0800d6a4       0x10 bn_keypad_manager.o
                0x0800d6a4                bn::keypad::left_pressed()
 .text._ZN2bn6keypad7up_heldEv
                0x0800d6b4       0x10 bn_keypad_manager.o
                0x0800d6b4                bn::keypad::up_held()
 .text._ZN2bn6keypad10up_pressedEv
                0x0800d6c4       0x10 bn_keypad_manager.o
                0x0800d6c4                bn::keypad::up_pressed()
 .text._ZN2bn6keypad9down_heldEv
                0x0800d6d4        0xc bn_keypad_manager.o
                0x0800d6d4                bn::keypad::down_held()
 .text._ZN2bn6keypad12down_pressedEv
                0x0800d6e0        0xc bn_keypad_manager.o
                0x0800d6e0                bn::keypad::down_pressed()
 .text._ZN2bn6keypad9r_pressedEv
                0x0800d6ec       0x10 bn_keypad_manager.o
                0x0800d6ec                bn::keypad::r_pressed()
 .text._ZN2bn6keypad9l_pressedEv
                0x0800d6fc       0x10 bn_keypad_manager.o
                0x0800d6fc                bn::keypad::l_pressed()
 .text._ZN2bn14keypad_manager4stopEv
                0x0800d70c        0x4 bn_keypad_manager.o
                0x0800d70c                bn::keypad_manager::stop()
 .text._ZN2bn14keypad_manager6updateEv
                0x0800d710       0xb8 bn_keypad_manager.o
                0x0800d710                bn::keypad_manager::update()
 .text._ZN2bn14keypad_manager4initERKNS_11string_viewE
                0x0800d7c8       0x64 bn_keypad_manager.o
                0x0800d7c8                bn::keypad_manager::init(bn::string_view const&)
 .text._ZN2bn12link_manager4initEv
                0x0800d82c        0xc bn_link_manager.o
                0x0800d82c                bn::link_manager::init()
 .text._ZN2bn12link_manager6activeEv
                0x0800d838        0xc bn_link_manager.o
                0x0800d838                bn::link_manager::active()
 .text._ZN2bn12link_manager7disableEv
                0x0800d844       0x18 bn_link_manager.o
                0x0800d844                bn::link_manager::disable()
 .text._ZN2bn12link_manager6commitEv
                0x0800d85c       0x18 bn_link_manager.o
                0x0800d85c                bn::link_manager::commit()
 .text._ZN2bn14memory_manager12_GLOBAL__N_111static_dataD2Ev
                0x0800d874       0x10 bn_memory_manager.o
 .text._ZN2bn14memory_manager4initEv
                0x0800d884       0x2c bn_memory_manager.o
                0x0800d884                bn::memory_manager::init()
 .text.startup._GLOBAL__sub_I__Znwj
                0x0800d8b0       0x20 bn_memory_manager.o
 .text._ZN2bn2hw8palettes9grayscaleEPKNS_5colorEiiPS2_.part.0
                0x0800d8d0       0x40 bn_palettes_manager.o
 .text._ZN2bn11bg_palettes21set_transparent_colorENS_5colorE
                0x0800d910       0x40 bn_palettes_manager.o
                0x0800d910                bn::bg_palettes::set_transparent_color(bn::color)
 .text._ZN2bn14bg_palette_ptrC2ERKS0_
                0x0800d950       0x2c bn_palettes_manager.o
                0x0800d950                bn::bg_palette_ptr::bg_palette_ptr(bn::bg_palette_ptr const&)
                0x0800d950                bn::bg_palette_ptr::bg_palette_ptr(bn::bg_palette_ptr const&)
 .text._ZNK2bn14bg_palette_ptr3bppEv
                0x0800d97c       0x20 bn_palettes_manager.o
                0x0800d97c                bn::bg_palette_ptr::bpp() const
 .text._ZN2bn18sprite_palette_ptrC2ERKS0_
                0x0800d99c       0x1c bn_palettes_manager.o
                0x0800d99c                bn::sprite_palette_ptr::sprite_palette_ptr(bn::sprite_palette_ptr const&)
                0x0800d99c                bn::sprite_palette_ptr::sprite_palette_ptr(bn::sprite_palette_ptr const&)
 .text._ZNK2bn18sprite_palette_ptr3bppEv
                0x0800d9b8       0x1c bn_palettes_manager.o
                0x0800d9b8                bn::sprite_palette_ptr::bpp() const
 .text._ZNK2bn13palettes_bank10log_statusEv
                0x0800d9d4      0x178 bn_palettes_manager.o
                0x0800d9d4                bn::palettes_bank::log_status() const
 .text._ZN2bn13palettes_bank10find_bpp_4ERKNS_4spanIKNS_5colorEEEt
                0x0800db4c      0x118 bn_palettes_manager.o
                0x0800db4c                bn::palettes_bank::find_bpp_4(bn::span<bn::color const> const&, unsigned short)
 .text._ZN2bn13palettes_bank6reloadEi
                0x0800dc64       0x1c bn_palettes_manager.o
                0x0800dc64                bn::palettes_bank::reload(int)
 .text._ZNK2bn13palettes_bank20retrieve_commit_dataEv
                0x0800dc80       0x4c bn_palettes_manager.o
                0x0800dc80                bn::palettes_bank::retrieve_commit_data() const
 .text._ZNK2bn13palettes_bank21_apply_global_effectsEiPNS_5colorE
                0x0800dccc      0x128 bn_palettes_manager.o
                0x0800dccc                bn::palettes_bank::_apply_global_effects(int, bn::color*) const
 .text._ZNK2bn13palettes_bank25fill_hblank_effect_colorsEPKNS_5colorEPt
                0x0800ddf4       0x30 bn_palettes_manager.o
                0x0800ddf4                bn::palettes_bank::fill_hblank_effect_colors(bn::color const*, unsigned short*) const
 .text._ZNK2bn13palettes_bank7palette13apply_effectsEiPNS_5colorE
                0x0800de24       0xb0 bn_palettes_manager.o
                0x0800de24                bn::palettes_bank::palette::apply_effects(int, bn::color*) const
 .text._ZNK2bn13palettes_bank25fill_hblank_effect_colorsEiPKNS_5colorEPt
                0x0800ded4       0x44 bn_palettes_manager.o
                0x0800ded4                bn::palettes_bank::fill_hblank_effect_colors(int, bn::color const*, unsigned short*) const
 .text._ZN2bn13palettes_bank15_update_paletteEi
                0x0800df18       0x70 bn_palettes_manager.o
                0x0800df18                bn::palettes_bank::_update_palette(int)
 .text._ZN2bn13palettes_bank6updateEv
                0x0800df88      0x134 bn_palettes_manager.o
                0x0800df88                bn::palettes_bank::update()
 .text._ZN2bn13palettes_bankC2Ev
                0x0800e0bc       0xd4 bn_palettes_manager.o
                0x0800e0bc                bn::palettes_bank::palettes_bank()
                0x0800e0bc                bn::palettes_bank::palettes_bank()
 .text._ZN2bn16palettes_manager4initERKNS_8optionalINS_5colorEEE
                0x0800e190      0x184 bn_palettes_manager.o
                0x0800e190                bn::palettes_manager::init(bn::optional<bn::color> const&)
 .text._ZN2bn16palettes_manager20sprite_palettes_bankEv
                0x0800e314        0x8 bn_palettes_manager.o
                0x0800e314                bn::palettes_manager::sprite_palettes_bank()
 .text._ZN2bn16palettes_manager16bg_palettes_bankEv
                0x0800e31c        0x8 bn_palettes_manager.o
                0x0800e31c                bn::palettes_manager::bg_palettes_bank()
 .text._ZN2bn16palettes_manager6updateEv
                0x0800e324       0x20 bn_palettes_manager.o
                0x0800e324                bn::palettes_manager::update()
 .text._ZN2bn16palettes_manager6commitEb
                0x0800e344       0xf8 bn_palettes_manager.o
                0x0800e344                bn::palettes_manager::commit(bool)
 .text._ZN2bn16palettes_manager4stopEv
                0x0800e43c       0x20 bn_palettes_manager.o
                0x0800e43c                bn::palettes_manager::stop()
 .text._ZN3_bn6assert9show_argsIA35_cEEvPKcS4_S4_iRKT_
                0x0800e45c       0x48 bn_palettes_manager.o
                0x0800e45c                void _bn::assert::show_args<char [35]>(char const*, char const*, char const*, int, char const (&) [35])
 .text._ZN2bn13palettes_bank11colors_hashERKNS_4spanIKNS_5colorEEE
                0x0800e4a4       0x48 bn_palettes_manager.o
                0x0800e4a4                bn::palettes_bank::colors_hash(bn::span<bn::color const> const&)
 .text._ZN3_bn6assert9show_argsIJA43_ciA38_cA42_cEEEvPKcS6_S6_iDpRKT_
                0x0800e4ec       0x64 bn_palettes_manager.o
                0x0800e4ec                void _bn::assert::show_args<char [43], int, char [38], char [42]>(char const*, char const*, char const*, int, char const (&) [43], int const&, char const (&) [38], char const (&) [42])
 .text._ZN2bn13palettes_bank12create_bpp_8ERKNS_4spanIKNS_5colorEEENS_16compression_typeEb
                0x0800e550      0x230 bn_palettes_manager.o
                0x0800e550                bn::palettes_bank::create_bpp_8(bn::span<bn::color const> const&, bn::compression_type, bool)
 .text._ZNK2bn19sprite_palette_item10decompressENS_4spanINS_5colorEEE
                0x0800e780      0x168 bn_palettes_manager.o
                0x0800e780                bn::sprite_palette_item::decompress(bn::span<bn::color>) const
 .text._ZNK2bn15bg_palette_item10decompressENS_4spanINS_5colorEEE
                0x0800e8e8      0x168 bn_palettes_manager.o
                0x0800e8e8                bn::bg_palette_item::decompress(bn::span<bn::color>) const
 .text._ZN2bn14iunordered_mapItsNS_15identity_hasherENS_8equal_toItEEE21insert_or_assign_hashEjOSt4pairIKtsE.isra.0
                0x0800ea50      0x108 bn_palettes_manager.o
 .text._ZN2bn13palettes_bank12create_bpp_4ERKNS_4spanIKNS_5colorEEEtb
                0x0800eb58      0x168 bn_palettes_manager.o
                0x0800eb58                bn::palettes_bank::create_bpp_4(bn::span<bn::color const> const&, unsigned short, bool)
 .text._ZN2bn12_GLOBAL__N_1L12_create_implERKNS_15bg_palette_itemEb
                0x0800ecc0       0xa0 bn_palettes_manager.o
 .text._ZN2bn14bg_palette_ptr6createERKNS_15bg_palette_itemE
                0x0800ed60       0x54 bn_palettes_manager.o
                0x0800ed60                bn::bg_palette_ptr::create(bn::bg_palette_item const&)
 .text._ZN2bn12_GLOBAL__N_1L12_create_implERKNS_19sprite_palette_itemEb
                0x0800edb4       0x88 bn_palettes_manager.o
 .text._ZN2bn18sprite_palette_ptr6createERKNS_19sprite_palette_itemE
                0x0800ee3c       0x48 bn_palettes_manager.o
                0x0800ee3c                bn::sprite_palette_ptr::create(bn::sprite_palette_item const&)
 .text._ZNK2bn19sprite_palette_item14create_paletteEv
                0x0800ee84       0x48 bn_palettes_manager.o
                0x0800ee84                bn::sprite_palette_item::create_palette() const
 .text._ZN2bn13palettes_bank30_erase_bpp_4_indexes_map_indexEt
                0x0800eecc      0x1c4 bn_palettes_manager.o
                0x0800eecc                bn::palettes_bank::_erase_bpp_4_indexes_map_index(unsigned short)
 .text._ZN2bn13palettes_bank15decrease_usagesEi
                0x0800f090       0x80 bn_palettes_manager.o
                0x0800f090                bn::palettes_bank::decrease_usages(int)
 .text._ZN2bn14bg_palette_ptraSERKS0_
                0x0800f110       0x4c bn_palettes_manager.o
                0x0800f110                bn::bg_palette_ptr::operator=(bn::bg_palette_ptr const&)
 .text._ZN2bn14bg_palette_ptrD2Ev
                0x0800f15c       0x20 bn_palettes_manager.o
                0x0800f15c                bn::bg_palette_ptr::~bg_palette_ptr()
                0x0800f15c                bn::bg_palette_ptr::~bg_palette_ptr()
 .text._ZN2bn18sprite_palette_ptraSERKS0_
                0x0800f17c       0x40 bn_palettes_manager.o
                0x0800f17c                bn::sprite_palette_ptr::operator=(bn::sprite_palette_ptr const&)
 .text._ZN2bn18sprite_palette_ptrD2Ev
                0x0800f1bc       0x20 bn_palettes_manager.o
                0x0800f1bc                bn::sprite_palette_ptr::~sprite_palette_ptr()
                0x0800f1bc                bn::sprite_palette_ptr::~sprite_palette_ptr()
 .text.startup._GLOBAL__sub_I__ZN2bn11bg_palettes17used_colors_countEv
                0x0800f1dc       0x20 bn_palettes_manager.o
 .text._ZN2bn26sprite_affine_mats_manager12_GLOBAL__N_1L19_sprite_double_sizeILi32ELi16EEEbiiiii
                0x0800f1fc       0x80 bn_sprite_affine_mats_manager.o
 .text._ZN2bn26sprite_affine_mats_manager12_GLOBAL__N_1L19_sprite_double_sizeILi16ELi32EEEbiiiii
                0x0800f27c       0x80 bn_sprite_affine_mats_manager.o
 .text._ZN2bn26sprite_affine_mats_manager12_GLOBAL__N_111static_dataD2Ev
                0x0800f2fc       0x38 bn_sprite_affine_mats_manager.o
 .text._ZNK2bn26sprite_affine_mats_manager12_GLOBAL__N_19item_type18sprite_double_sizeEiRKNS_17sprite_shape_sizeE.isra.0
                0x0800f334      0x1b4 bn_sprite_affine_mats_manager.o
 .text._ZN2bn26sprite_affine_mats_manager12_GLOBAL__N_1L24_update_flipped_identityEi
                0x0800f4e8       0xcc bn_sprite_affine_mats_manager.o
 .text._ZN2bn21sprite_affine_mat_ptrC2ERKS0_
                0x0800f5b4       0x20 bn_sprite_affine_mats_manager.o
                0x0800f5b4                bn::sprite_affine_mat_ptr::sprite_affine_mat_ptr(bn::sprite_affine_mat_ptr const&)
                0x0800f5b4                bn::sprite_affine_mat_ptr::sprite_affine_mat_ptr(bn::sprite_affine_mat_ptr const&)
 .text._ZNK2bn21sprite_affine_mat_ptr14rotation_angleEv
                0x0800f5d4       0x14 bn_sprite_affine_mats_manager.o
                0x0800f5d4                bn::sprite_affine_mat_ptr::rotation_angle() const
 .text._ZNK2bn21sprite_affine_mat_ptr16horizontal_scaleEv
                0x0800f5e8       0x14 bn_sprite_affine_mats_manager.o
                0x0800f5e8                bn::sprite_affine_mat_ptr::horizontal_scale() const
 .text._ZNK2bn21sprite_affine_mat_ptr14vertical_scaleEv
                0x0800f5fc       0x14 bn_sprite_affine_mats_manager.o
                0x0800f5fc                bn::sprite_affine_mat_ptr::vertical_scale() const
 .text._ZNK2bn21sprite_affine_mat_ptr16horizontal_shearEv
                0x0800f610       0x14 bn_sprite_affine_mats_manager.o
                0x0800f610                bn::sprite_affine_mat_ptr::horizontal_shear() const
 .text._ZN2bn21sprite_affine_mat_ptr20set_horizontal_shearENS_7fixed_tILi12EEE
                0x0800f624       0x90 bn_sprite_affine_mats_manager.o
                0x0800f624                bn::sprite_affine_mat_ptr::set_horizontal_shear(bn::fixed_t<12>)
 .text._ZNK2bn21sprite_affine_mat_ptr14vertical_shearEv
                0x0800f6b4       0x14 bn_sprite_affine_mats_manager.o
                0x0800f6b4                bn::sprite_affine_mat_ptr::vertical_shear() const
 .text._ZN2bn21sprite_affine_mat_ptr18set_vertical_shearENS_7fixed_tILi12EEE
                0x0800f6c8       0x8c bn_sprite_affine_mats_manager.o
                0x0800f6c8                bn::sprite_affine_mat_ptr::set_vertical_shear(bn::fixed_t<12>)
 .text._ZNK2bn21sprite_affine_mat_ptr15horizontal_flipEv
                0x0800f754       0x18 bn_sprite_affine_mats_manager.o
                0x0800f754                bn::sprite_affine_mat_ptr::horizontal_flip() const
 .text._ZN2bn21sprite_affine_mat_ptr19set_horizontal_flipEb
                0x0800f76c       0x88 bn_sprite_affine_mats_manager.o
                0x0800f76c                bn::sprite_affine_mat_ptr::set_horizontal_flip(bool)
 .text._ZNK2bn21sprite_affine_mat_ptr13vertical_flipEv
                0x0800f7f4       0x18 bn_sprite_affine_mats_manager.o
                0x0800f7f4                bn::sprite_affine_mat_ptr::vertical_flip() const
 .text._ZN2bn21sprite_affine_mat_ptr17set_vertical_flipEb
                0x0800f80c       0x94 bn_sprite_affine_mats_manager.o
                0x0800f80c                bn::sprite_affine_mat_ptr::set_vertical_flip(bool)
 .text._ZNK2bn21sprite_affine_mat_ptr16flipped_identityEv
                0x0800f8a0       0x14 bn_sprite_affine_mats_manager.o
                0x0800f8a0                bn::sprite_affine_mat_ptr::flipped_identity() const
 .text._ZN2bn26sprite_affine_mats_manager13attach_spriteEiRNS_24intrusive_list_node_typeE
                0x0800f8b4       0x2c bn_sprite_affine_mats_manager.o
                0x0800f8b4                bn::sprite_affine_mats_manager::attach_sprite(int, bn::intrusive_list_node_type&)
 .text._ZN2bn26sprite_affine_mats_manager9set_shearEiNS_7fixed_tILi12EEE
                0x0800f8e0       0xe4 bn_sprite_affine_mats_manager.o
                0x0800f8e0                bn::sprite_affine_mats_manager::set_shear(int, bn::fixed_t<12>)
 .text._ZN2bn21sprite_affine_mat_ptr9set_shearENS_7fixed_tILi12EEE
                0x0800f9c4       0x14 bn_sprite_affine_mats_manager.o
                0x0800f9c4                bn::sprite_affine_mat_ptr::set_shear(bn::fixed_t<12>)
 .text._ZN2bn26sprite_affine_mats_manager18sprite_double_sizeEiRKNS_17sprite_shape_sizeE
                0x0800f9d8       0x54 bn_sprite_affine_mats_manager.o
                0x0800f9d8                bn::sprite_affine_mats_manager::sprite_double_size(int, bn::sprite_shape_size const&)
 .text._ZN2bn26sprite_affine_mats_manager6reloadEi
                0x0800fa2c       0x28 bn_sprite_affine_mats_manager.o
                0x0800fa2c                bn::sprite_affine_mats_manager::reload(int)
 .text._ZN2bn26sprite_affine_mats_manager20retrieve_commit_dataEv
                0x0800fa54       0x3c bn_sprite_affine_mats_manager.o
                0x0800fa54                bn::sprite_affine_mats_manager::retrieve_commit_data()
 .text._ZN3_bn6assert9show_argsIA37_cEEvPKcS4_S4_iRKT_
                0x0800fa90       0x48 bn_sprite_affine_mats_manager.o
                0x0800fa90                void _bn::assert::show_args<char [37]>(char const*, char const*, char const*, int, char const (&) [37])
 .text._ZN2bn26sprite_affine_mats_manager18set_rotation_angleEiNS_7fixed_tILi12EEE
                0x0800fad8      0x134 bn_sprite_affine_mats_manager.o
                0x0800fad8                bn::sprite_affine_mats_manager::set_rotation_angle(int, bn::fixed_t<12>)
 .text._ZN2bn21sprite_affine_mat_ptr18set_rotation_angleENS_7fixed_tILi12EEE
                0x0800fc0c       0x14 bn_sprite_affine_mats_manager.o
                0x0800fc0c                bn::sprite_affine_mat_ptr::set_rotation_angle(bn::fixed_t<12>)
 .text._ZN2bn21sprite_affine_mat_ptr20set_horizontal_scaleENS_7fixed_tILi12EEE
                0x0800fc20      0x10c bn_sprite_affine_mats_manager.o
                0x0800fc20                bn::sprite_affine_mat_ptr::set_horizontal_scale(bn::fixed_t<12>)
 .text._ZN2bn26sprite_affine_mats_manager18set_vertical_scaleEiNS_7fixed_tILi12EEE
                0x0800fd2c      0x108 bn_sprite_affine_mats_manager.o
                0x0800fd2c                bn::sprite_affine_mats_manager::set_vertical_scale(int, bn::fixed_t<12>)
 .text._ZN2bn21sprite_affine_mat_ptr18set_vertical_scaleENS_7fixed_tILi12EEE
                0x0800fe34       0x14 bn_sprite_affine_mats_manager.o
                0x0800fe34                bn::sprite_affine_mat_ptr::set_vertical_scale(bn::fixed_t<12>)
 .text._ZN2bn26sprite_affine_mats_manager9set_scaleEiNS_7fixed_tILi12EEE
                0x0800fe48      0x14c bn_sprite_affine_mats_manager.o
                0x0800fe48                bn::sprite_affine_mats_manager::set_scale(int, bn::fixed_t<12>)
 .text._ZN2bn21sprite_affine_mat_ptr9set_scaleENS_7fixed_tILi12EEE
                0x0800ff94       0x14 bn_sprite_affine_mats_manager.o
                0x0800ff94                bn::sprite_affine_mat_ptr::set_scale(bn::fixed_t<12>)
 .text._ZN3_bn6assert9show_argsIA16_cEEvPKcS4_S4_iRKT_
                0x0800ffa8       0x48 bn_sprite_affine_mats_manager.o
                0x0800ffa8                void _bn::assert::show_args<char [16]>(char const*, char const*, char const*, int, char const (&) [16])
 .text._ZN2bn26sprite_affine_mats_manager12_GLOBAL__N_1L15_new_item_indexEv
                0x0800fff0       0xdc bn_sprite_affine_mats_manager.o
 .text._ZN2bn26sprite_affine_mats_manager15create_optionalERKNS_21affine_mat_attributesE
                0x080100cc       0xdc bn_sprite_affine_mats_manager.o
                0x080100cc                bn::sprite_affine_mats_manager::create_optional(bn::affine_mat_attributes const&)
 .text._ZN2bn21sprite_affine_mat_ptr6createERKNS_21affine_mat_attributesE
                0x080101a8       0x40 bn_sprite_affine_mats_manager.o
                0x080101a8                bn::sprite_affine_mat_ptr::create(bn::affine_mat_attributes const&)
 .text._ZN2bn21sprite_affine_mat_ptr6createEv
                0x080101e8       0xcc bn_sprite_affine_mats_manager.o
                0x080101e8                bn::sprite_affine_mat_ptr::create()
 .text._ZN2bn26sprite_affine_mats_manager15decrease_usagesEi.part.0
                0x080102b4       0x70 bn_sprite_affine_mats_manager.o
 .text._ZN2bn21sprite_affine_mat_ptrD2Ev
                0x08010324       0x34 bn_sprite_affine_mats_manager.o
                0x08010324                bn::sprite_affine_mat_ptr::~sprite_affine_mat_ptr()
                0x08010324                bn::sprite_affine_mat_ptr::~sprite_affine_mat_ptr()
 .text._ZN2bn26sprite_affine_mats_manager6updateEv
                0x08010358      0x2a4 bn_sprite_affine_mats_manager.o
                0x08010358                bn::sprite_affine_mats_manager::update()
 .text._ZN2bn21sprite_affine_mat_ptraSERKS0_
                0x080105fc       0x54 bn_sprite_affine_mats_manager.o
                0x080105fc                bn::sprite_affine_mat_ptr::operator=(bn::sprite_affine_mat_ptr const&)
 .text._ZN2bn26sprite_affine_mats_manager4initEPv
                0x08010650      0x100 bn_sprite_affine_mats_manager.o
                0x08010650                bn::sprite_affine_mats_manager::init(void*)
 .text._ZN2bn26sprite_affine_mats_manager14dettach_spriteEiRNS_24intrusive_list_node_typeE
                0x08010750       0x4c bn_sprite_affine_mats_manager.o
                0x08010750                bn::sprite_affine_mats_manager::dettach_sprite(int, bn::intrusive_list_node_type&)
 .text.startup._GLOBAL__sub_I__ZN2bn18sprite_affine_mats10used_countEv
                0x0801079c       0xb8 bn_sprite_affine_mats_manager.o
 .text._ZN2bn13ostringstream11append_argsIiJA4_ciEEEvRKT_DpRKT0_.isra.0
                0x08010854       0x24 bn_sprite_animate_actions.o
 .text._ZN2bn22isprite_animate_action9_set_refsERNS_10sprite_ptrERNS_17sprite_tiles_itemERNS_7ivectorItEE
                0x08010878        0x4 bn_sprite_animate_actions.o
                0x08010878                bn::isprite_animate_action::_set_refs(bn::sprite_ptr&, bn::sprite_tiles_item&, bn::ivector<unsigned short>&)
 .text._ZN2bn22isprite_animate_action7_assignERKS0_
                0x0801087c       0x10 bn_sprite_animate_actions.o
                0x0801087c                bn::isprite_animate_action::_assign(bn::isprite_animate_action const&)
 .text._ZN2bn22isprite_animate_action16set_wait_updatesEi
                0x0801088c       0x68 bn_sprite_animate_actions.o
                0x0801088c                bn::isprite_animate_action::set_wait_updates(int)
 .text._ZN3_bn6assert9show_argsIJA33_ciA4_ciEEEvPKcS5_S5_iDpRKT_
                0x080108f4       0x58 bn_sprite_animate_actions.o
                0x080108f4                void _bn::assert::show_args<char [33], int, char [4], int>(char const*, char const*, char const*, int, char const (&) [33], int const&, char const (&) [4], int const&)
 .text._ZN2bn22isprite_animate_action24_assign_graphics_indexesERKNS_4spanIKtEE
                0x0801094c       0x94 bn_sprite_animate_actions.o
                0x0801094c                bn::isprite_animate_action::_assign_graphics_indexes(bn::span<unsigned short const> const&)
 .text._ZN2bn22isprite_animate_action6updateEv
                0x080109e0       0xb8 bn_sprite_animate_actions.o
                0x080109e0                bn::isprite_animate_action::update()
 .text._ZN2bn12_GLOBAL__N_1L14_setup_builderERKNS_21sprite_text_generatorERNS_14sprite_builderE
                0x08010a98       0x68 bn_sprite_text_generator.o
 .text._ZN2bn21sprite_text_generator5_initEv
                0x08010b00      0x1b4 bn_sprite_text_generator.o
                0x08010b00                bn::sprite_text_generator::_init()
 .text._ZN2bn21sprite_text_generatorC2ERKNS_11sprite_fontE
                0x08010cb4       0x38 bn_sprite_text_generator.o
                0x08010cb4                bn::sprite_text_generator::sprite_text_generator(bn::sprite_font const&)
                0x08010cb4                bn::sprite_text_generator::sprite_text_generator(bn::sprite_font const&)
 .text._ZN3_bn6assert9show_argsIA54_cEEvPKcS4_S4_iRKT_
                0x08010cec       0x48 bn_sprite_text_generator.o
                0x08010cec                void _bn::assert::show_args<char [54]>(char const*, char const*, char const*, int, char const (&) [54])
 .text._ZN3_bn6assert9show_argsIJA25_ciA4_ctEEEvPKcS5_S5_iDpRKT_
                0x08010d34       0x64 bn_sprite_text_generator.o
                0x08010d34                void _bn::assert::show_args<char [25], int, char [4], unsigned short>(char const*, char const*, char const*, int, char const (&) [25], int const&, char const (&) [4], unsigned short const&)
 .text._ZN2bn14utf8_characterC2ERKc
                0x08010d98      0x140 bn_sprite_text_generator.o
                0x08010d98                bn::utf8_character::utf8_character(char const&)
                0x08010d98                bn::utf8_character::utf8_character(char const&)
 .text._ZN2bn12_GLOBAL__N_1L15_graphics_indexEcRKNS_23utf8_characters_map_refEPKcRi.part.0
                0x08010ed8       0x8c bn_sprite_text_generator.o
 .text._ZN2bn21sprite_text_generator15set_bg_priorityEi
                0x08010f64       0x3c bn_sprite_text_generator.o
                0x08010f64                bn::sprite_text_generator::set_bg_priority(int)
 .text._ZN3_bn6assert9show_argsIJA20_ccA9_cN2bn11string_viewEA2_cEEEvPKcS8_S8_iDpRKT_
                0x08010fa0       0x6c bn_sprite_text_generator.o
                0x08010fa0                void _bn::assert::show_args<char [20], char, char [9], bn::string_view, char [2]>(char const*, char const*, char const*, int, char const (&) [20], char const&, char const (&) [9], bn::string_view const&, char const (&) [2])
 .text._ZNK2bn21sprite_text_generator5widthERKNS_11string_viewE
                0x0801100c      0x238 bn_sprite_text_generator.o
                0x0801100c                bn::sprite_text_generator::width(bn::string_view const&) const
 .text._ZN3_bn6assert9show_argsIA55_cEEvPKcS4_S4_iRKT_
                0x08011244       0x48 bn_sprite_text_generator.o
                0x08011244                void _bn::assert::show_args<char [55]>(char const*, char const*, char const*, int, char const (&) [55])
 .text._ZN2bn12_GLOBAL__N_1L20_build_sprite_assertILNS_11sprite_sizeE2EEEPNS_4tileERKNS_21sprite_text_generatorERKNS_18sprite_palette_ptrERKNS_13fixed_point_tILi12EEERNS_7ivectorINS_10sprite_ptrEEE
                0x0801128c      0x198 bn_sprite_text_generator.o
 .text._ZN2bn12_GLOBAL__N_1L20_build_sprite_assertILNS_11sprite_sizeE1EEEPNS_4tileERKNS_21sprite_text_generatorERKNS_18sprite_palette_ptrERKNS_13fixed_point_tILi12EEERNS_7ivectorINS_10sprite_ptrEEE
                0x08011424      0x198 bn_sprite_text_generator.o
 .text._ZN2bn12_GLOBAL__N_1L9_generateILb0EEEbRKNS_21sprite_text_generatorERKNS_13fixed_point_tILi12EEERKNS_11string_viewERKNS_23utf8_characters_map_refEiibRNS_7ivectorINS_10sprite_ptrEEE.isra.0
                0x080115bc     0x1164 bn_sprite_text_generator.o
 .text._ZNK2bn21sprite_text_generator8generateENS_7fixed_tILi12EEES2_RKNS_11string_viewERNS_7ivectorINS_10sprite_ptrEEE
                0x08012720       0x40 bn_sprite_text_generator.o
                0x08012720                bn::sprite_text_generator::generate(bn::fixed_t<12>, bn::fixed_t<12>, bn::string_view const&, bn::ivector<bn::sprite_ptr>&) const
 .text._ZN2bn16sprite_tiles_ptrC2ERKS0_
                0x08012760       0x18 bn_sprite_tiles_manager.o
                0x08012760                bn::sprite_tiles_ptr::sprite_tiles_ptr(bn::sprite_tiles_ptr const&)
                0x08012760                bn::sprite_tiles_ptr::sprite_tiles_ptr(bn::sprite_tiles_ptr const&)
 .text._ZNK2bn16sprite_tiles_ptr2idEv
                0x08012778       0x18 bn_sprite_tiles_manager.o
                0x08012778                bn::sprite_tiles_ptr::id() const
 .text._ZNK2bn16sprite_tiles_ptr11tiles_countEv
                0x08012790       0x18 bn_sprite_tiles_manager.o
                0x08012790                bn::sprite_tiles_ptr::tiles_count() const
 .text._ZN2bn20sprite_tiles_manager10log_statusEv
                0x080127a8      0x1ec bn_sprite_tiles_manager.o
                0x080127a8                bn::sprite_tiles_manager::log_status()
 .text._ZN2bn20sprite_tiles_manager19commit_uncompressedEb
                0x08012994       0xc4 bn_sprite_tiles_manager.o
                0x08012994                bn::sprite_tiles_manager::commit_uncompressed(bool)
 .text._ZN3_bn6assert9show_argsIA27_chEEvPKcS4_S4_iRKT_RKT0_
                0x08012a58       0x54 bn_sprite_tiles_manager.o
                0x08012a58                void _bn::assert::show_args<char [27], unsigned char>(char const*, char const*, char const*, int, char const (&) [27], unsigned char const&)
 .text._ZN3_bn6assert9show_argsIJA44_cPKN2bn4tileEA4_cS6_EEEvPKcS9_S9_iDpRKT_
                0x08012aac       0x64 bn_sprite_tiles_manager.o
                0x08012aac                void _bn::assert::show_args<char [44], bn::tile const*, char [4], bn::tile const*>(char const*, char const*, char const*, int, char const (&) [44], bn::tile const* const&, char const (&) [4], bn::tile const* const&)
 .text._ZN3_bn6assert9show_argsIJA46_ciA4_cjEEEvPKcS5_S5_iDpRKT_
                0x08012b10       0x64 bn_sprite_tiles_manager.o
                0x08012b10                void _bn::assert::show_args<char [46], int, char [4], unsigned int>(char const*, char const*, char const*, int, char const (&) [46], int const&, char const (&) [4], unsigned int const&)
 .text._ZN2bn20sprite_tiles_manager12_GLOBAL__N_1L10_hw_commitEPKNS_4tileENS_16compression_typeEii
                0x08012b74       0x8c bn_sprite_tiles_manager.o
 .text._ZN2bn20sprite_tiles_manager17commit_compressedEv
                0x08012c00       0x5c bn_sprite_tiles_manager.o
                0x08012c00                bn::sprite_tiles_manager::commit_compressed()
 .text._ZN3_bn6assert9show_argsIJA28_cA15_cPKN2bn4tileEA16_ciA34_cNS4_11string_viewEEEEvPKcSC_SC_iDpRKT_
                0x08012c5c       0x7c bn_sprite_tiles_manager.o
                0x08012c5c                void _bn::assert::show_args<char [28], char [15], bn::tile const*, char [16], int, char [34], bn::string_view>(char const*, char const*, char const*, int, char const (&) [28], char const (&) [15], bn::tile const* const&, char const (&) [16], int const&, char const (&) [34], bn::string_view const&)
 .text._ZN3_bn6assert9show_argsIJA44_ciA34_cN2bn11string_viewEEEEvPKcS7_S7_iDpRKT_
                0x08012cd8       0x64 bn_sprite_tiles_manager.o
                0x08012cd8                void _bn::assert::show_args<char [44], int, char [34], bn::string_view>(char const*, char const*, char const*, int, char const (&) [44], int const&, char const (&) [34], bn::string_view const&)
 .text._ZN2bn20sprite_tiles_manager4initEv
                0x08012d3c      0x188 bn_sprite_tiles_manager.o
                0x08012d3c                bn::sprite_tiles_manager::init()
 .text._ZN2bn20sprite_tiles_manager12_GLOBAL__N_1L22_insert_to_commit_itemEiRNS1_9item_typeE.part.0
                0x08012ec4       0x64 bn_sprite_tiles_manager.o
 .text._ZN2bn20sprite_tiles_manager12_GLOBAL__N_1L17_insert_free_itemEiPt
                0x08012f28       0xcc bn_sprite_tiles_manager.o
 .text._ZN2bn20sprite_tiles_manager12_GLOBAL__N_1L16_erase_free_itemEi
                0x08012ff4       0xe8 bn_sprite_tiles_manager.o
 .text._ZN2bn20sprite_tiles_manager12_GLOBAL__N_1L21_erase_to_commit_itemEiRNS1_9item_typeE.part.0
                0x080130dc       0xac bn_sprite_tiles_manager.o
 .text._ZN2bn20sprite_tiles_manager15decrease_usagesEi
                0x08013188      0x138 bn_sprite_tiles_manager.o
                0x08013188                bn::sprite_tiles_manager::decrease_usages(int)
 .text._ZN2bn16sprite_tiles_ptrD2Ev
                0x080132c0       0x18 bn_sprite_tiles_manager.o
                0x080132c0                bn::sprite_tiles_ptr::~sprite_tiles_ptr()
                0x080132c0                bn::sprite_tiles_ptr::~sprite_tiles_ptr()
 .text._ZN2bn20sprite_tiles_manager12_GLOBAL__N_1L10_find_implEPKNS_4tileENS_16compression_typeEi
                0x080132d8      0x288 bn_sprite_tiles_manager.o
 .text._ZN2bn20sprite_tiles_manager4vramEi
                0x08013560       0x3c bn_sprite_tiles_manager.o
                0x08013560                bn::sprite_tiles_manager::vram(int)
 .text._ZN2bn16sprite_tiles_ptr4vramEv
                0x0801359c       0x14 bn_sprite_tiles_manager.o
                0x0801359c                bn::sprite_tiles_ptr::vram()
 .text._ZNK2bn17sprite_tiles_item10find_tilesEi
                0x080135b0       0xcc bn_sprite_tiles_manager.o
                0x080135b0                bn::sprite_tiles_item::find_tiles(int) const
 .text._ZN2bn20sprite_tiles_manager12_GLOBAL__N_1L21_erase_items_map_itemEPKNS_4tileE
                0x0801367c      0x1fc bn_sprite_tiles_manager.o
 .text._ZN2bn20sprite_tiles_manager12_GLOBAL__N_1L12_create_itemEiPKNS_4tileENS_16compression_typeEib
                0x08013878      0x1cc bn_sprite_tiles_manager.o
 .text._ZN2bn20sprite_tiles_manager12_GLOBAL__N_1L14_allocate_implEi
                0x08013a44      0x100 bn_sprite_tiles_manager.o
 .text._ZN2bn20sprite_tiles_manager8allocateEiNS_8bpp_modeE
                0x08013b44       0xc0 bn_sprite_tiles_manager.o
                0x08013b44                bn::sprite_tiles_manager::allocate(int, bn::bpp_mode)
 .text._ZN2bn16sprite_tiles_ptr8allocateEiNS_8bpp_modeE
                0x08013c04       0x18 bn_sprite_tiles_manager.o
                0x08013c04                bn::sprite_tiles_ptr::allocate(int, bn::bpp_mode)
 .text._ZN2bn20sprite_tiles_manager6updateEv
                0x08013c1c      0x1a8 bn_sprite_tiles_manager.o
                0x08013c1c                bn::sprite_tiles_manager::update()
 .text._ZN2bn20sprite_tiles_manager12_GLOBAL__N_1L12_create_implEPKNS_4tileENS_16compression_typeEi
                0x08013dc4      0x208 bn_sprite_tiles_manager.o
 .text._ZN2bn20sprite_tiles_manager12_GLOBAL__N_1L22_insert_items_map_itemEPKNS_4tileEi
                0x08013fcc       0xc0 bn_sprite_tiles_manager.o
 .text._ZN2bn20sprite_tiles_manager6createERKNS_4spanIKNS_4tileEEENS_16compression_typeE
                0x0801408c       0x94 bn_sprite_tiles_manager.o
                0x0801408c                bn::sprite_tiles_manager::create(bn::span<bn::tile const> const&, bn::compression_type)
 .text._ZN2bn16sprite_tiles_ptr6createERKNS_17sprite_tiles_itemE
                0x08014120       0x84 bn_sprite_tiles_manager.o
                0x08014120                bn::sprite_tiles_ptr::create(bn::sprite_tiles_item const&)
 .text._ZN2bn16sprite_tiles_ptr6createERKNS_17sprite_tiles_itemEi
                0x080141a4       0xc0 bn_sprite_tiles_manager.o
                0x080141a4                bn::sprite_tiles_ptr::create(bn::sprite_tiles_item const&, int)
 .text._ZNK2bn17sprite_tiles_item12create_tilesEi
                0x08014264       0xc0 bn_sprite_tiles_manager.o
                0x08014264                bn::sprite_tiles_item::create_tiles(int) const
 .text.startup._GLOBAL__sub_I__ZN2bn12sprite_tiles16used_tiles_countEv
                0x08014324      0x124 bn_sprite_tiles_manager.o
 .text._ZN2bn15sprites_manager12_GLOBAL__N_1L32_always_update_indexes_to_commitERKNS_20sprites_manager_itemE
                0x08014448       0x4c bn_sprites_manager.o
 .text._ZN2bn15sprites_manager12_GLOBAL__N_111static_dataD2Ev
                0x08014494       0x44 bn_sprites_manager.o
 .text._ZN2bn13ostringstream11append_argsIiJA4_ciEEEvRKT_DpRKT0_.isra.0
                0x080144d8       0x24 bn_sprites_manager.o
 .text._ZN2bn15sprites_manager12_GLOBAL__N_1L23_update_item_dimensionsERNS_20sprites_manager_itemE
                0x080144fc       0xc0 bn_sprites_manager.o
 .text._ZN2bn15sprites_manager12_GLOBAL__N_1L23_update_item_shape_sizeERKNS_17sprite_shape_sizeERNS_20sprites_manager_itemE
                0x080145bc       0x80 bn_sprites_manager.o
 .text._ZN2bn7sprites7visibleEv
                0x0801463c        0xc bn_sprites_manager.o
                0x0801463c                bn::sprites::visible()
 .text._ZN2bn7sprites11set_visibleEb
                0x08014648        0xc bn_sprites_manager.o
                0x08014648                bn::sprites::set_visible(bool)
 .text._ZN2bn10sprite_ptrC2ERKS0_
                0x08014654        0xc bn_sprites_manager.o
                0x08014654                bn::sprite_ptr::sprite_ptr(bn::sprite_ptr const&)
                0x08014654                bn::sprite_ptr::sprite_ptr(bn::sprite_ptr const&)
 .text._ZNK2bn10sprite_ptr1xEv
                0x08014660        0x8 bn_sprites_manager.o
                0x08014660                bn::sprite_ptr::x() const
 .text._ZN2bn10sprite_ptr5set_xENS_7fixed_tILi12EEE
                0x08014668       0x48 bn_sprites_manager.o
                0x08014668                bn::sprite_ptr::set_x(bn::fixed_t<12>)
 .text._ZNK2bn10sprite_ptr1yEv
                0x080146b0        0x8 bn_sprites_manager.o
                0x080146b0                bn::sprite_ptr::y() const
 .text._ZN2bn10sprite_ptr5set_yENS_7fixed_tILi12EEE
                0x080146b8       0x48 bn_sprites_manager.o
                0x080146b8                bn::sprite_ptr::set_y(bn::fixed_t<12>)
 .text._ZNK2bn10sprite_ptr8positionEv
                0x08014700        0x8 bn_sprites_manager.o
                0x08014700                bn::sprite_ptr::position() const
 .text._ZN2bn10sprite_ptr12set_positionERKNS_13fixed_point_tILi12EEE
                0x08014708       0x80 bn_sprites_manager.o
                0x08014708                bn::sprite_ptr::set_position(bn::fixed_point_t<12> const&)
 .text._ZNK2bn10sprite_ptr14rotation_angleEv
                0x08014788       0x1c bn_sprites_manager.o
                0x08014788                bn::sprite_ptr::rotation_angle() const
 .text._ZNK2bn10sprite_ptr16horizontal_scaleEv
                0x080147a4       0x1c bn_sprites_manager.o
                0x080147a4                bn::sprite_ptr::horizontal_scale() const
 .text._ZNK2bn10sprite_ptr14vertical_scaleEv
                0x080147c0       0x1c bn_sprites_manager.o
                0x080147c0                bn::sprite_ptr::vertical_scale() const
 .text._ZNK2bn10sprite_ptr16horizontal_shearEv
                0x080147dc       0x1c bn_sprites_manager.o
                0x080147dc                bn::sprite_ptr::horizontal_shear() const
 .text._ZNK2bn10sprite_ptr14vertical_shearEv
                0x080147f8       0x1c bn_sprites_manager.o
                0x080147f8                bn::sprite_ptr::vertical_shear() const
 .text._ZNK2bn10sprite_ptr11bg_priorityEv
                0x08014814        0x8 bn_sprites_manager.o
                0x08014814                bn::sprite_ptr::bg_priority() const
 .text._ZNK2bn10sprite_ptr7z_orderEv
                0x0801481c       0x10 bn_sprites_manager.o
                0x0801481c                bn::sprite_ptr::z_order() const
 .text._ZNK2bn10sprite_ptr15horizontal_flipEv
                0x0801482c       0x20 bn_sprites_manager.o