Archive member included to satisfy reference by file (symbol)

/opt/devkitpro/devkitARM/bin/../lib/gcc/arm-none-eabi/15.1.0/thumb/libgcc.a(_call_via_rX.o)
                              mm_main_gba.o (_call_via_r1)
/opt/devkitpro/devkitARM/bin/../lib/gcc/arm-none-eabi/15.1.0/thumb/libgcc.a(_aeabi_ldivmod.o)
                              bn_hw_text.o (__aeabi_ldivmod)
/opt/devkitpro/devkitARM/bin/../lib/gcc/arm-none-eabi/15.1.0/thumb/libgcc.a(_aeabi_uldivmod.o)
                              bn_hw_text.o (__aeabi_uldivmod)
/opt/devkitpro/devkitARM/bin/../lib/gcc/arm-none-eabi/15.1.0/thumb/libgcc.a(_sync_none.o)
                              (__sync_synchronize_none)
/opt/devkitpro/devkitARM/bin/../lib/gcc/arm-none-eabi/15.1.0/thumb/libgcc.a(_udivmoddi4.o)
                              /opt/devkitpro/devkitARM/bin/../lib/gcc/arm-none-eabi/15.1.0/thumb/libgcc.a(_aeabi_ldivmod.o) (__udivmoddi4)

Discarded input sections

 .text          0x00000000        0x0 /opt/devkitpro/devkitARM/bin/../lib/gcc/arm-none-eabi/15.1.0/../../../../arm-none-eabi/lib/thumb/gba_crt0.o
 .data          0x00000000        0x0 /opt/devkitpro/devkitARM/bin/../lib/gcc/arm-none-eabi/15.1.0/../../../../arm-none-eabi/lib/thumb/gba_crt0.o
 .bss           0x00000000        0x0 /opt/devkitpro/devkitARM/bin/../lib/gcc/arm-none-eabi/15.1.0/../../../../arm-none-eabi/lib/thumb/gba_crt0.o
 .text          0x00000000        0x0 /opt/devkitpro/devkitARM/bin/../lib/gcc/arm-none-eabi/15.1.0/thumb/crti.o
 .data          0x00000000        0x0 /opt/devkitpro/devkitARM/bin/../lib/gcc/arm-none-eabi/15.1.0/thumb/crti.o
 .bss           0x00000000        0x0 /opt/devkitpro/devkitARM/bin/../lib/gcc/arm-none-eabi/15.1.0/thumb/crti.o
 .text          0x00000000        0x0 /opt/devkitpro/devkitARM/bin/../lib/gcc/arm-none-eabi/15.1.0/thumb/crtbegin.o
 .data          0x00000000        0x0 /opt/devkitpro/devkitARM/bin/../lib/gcc/arm-none-eabi/15.1.0/thumb/crtbegin.o
 .bss           0x00000000        0x0 /opt/devkitpro/devkitARM/bin/../lib/gcc/arm-none-eabi/15.1.0/thumb/crtbegin.o
 .rodata.all_implied_fbits
                0x00000000       0x24 /opt/devkitpro/devkitARM/bin/../lib/gcc/arm-none-eabi/15.1.0/thumb/crtbegin.o
 .text          0x00000000        0x0 bn_audio_soundbank.bin.o
 .data          0x00000000        0x0 bn_audio_soundbank.bin.o
 .bss           0x00000000        0x0 bn_audio_soundbank.bin.o
 .text          0x00000000        0x0 bullet_bn_gfx.o
 .data          0x00000000        0x0 bullet_bn_gfx.o
 .bss           0x00000000        0x0 bullet_bn_gfx.o
 .text          0x00000000        0x0 common_fixed_8x16_font_bn_gfx.o
 .data          0x00000000        0x0 common_fixed_8x16_font_bn_gfx.o
 .bss           0x00000000        0x0 common_fixed_8x16_font_bn_gfx.o
 .rodata        0x00000000     0x1ba0 common_fixed_8x16_font_bn_gfx.o
 .text          0x00000000        0x0 common_fixed_8x8_font_bn_gfx.o
 .data          0x00000000        0x0 common_fixed_8x8_font_bn_gfx.o
 .bss           0x00000000        0x0 common_fixed_8x8_font_bn_gfx.o
 .rodata        0x00000000      0xde0 common_fixed_8x8_font_bn_gfx.o
 .text          0x00000000        0x0 common_variable_16x16_font_bn_gfx.o
 .data          0x00000000        0x0 common_variable_16x16_font_bn_gfx.o
 .bss           0x00000000        0x0 common_variable_16x16_font_bn_gfx.o
 .rodata        0x00000000     0x3720 common_variable_16x16_font_bn_gfx.o
 .text          0x00000000        0x0 common_variable_8x16_font_bn_gfx.o
 .data          0x00000000        0x0 common_variable_8x16_font_bn_gfx.o
 .bss           0x00000000        0x0 common_variable_8x16_font_bn_gfx.o
 .text          0x00000000        0x0 common_variable_8x8_font_bn_gfx.o
 .data          0x00000000        0x0 common_variable_8x8_font_bn_gfx.o
 .bss           0x00000000        0x0 common_variable_8x8_font_bn_gfx.o
 .rodata        0x00000000      0xde0 common_variable_8x8_font_bn_gfx.o
 .group         0x00000000        0xc main.o
 .group         0x00000000        0xc main.o
 .group         0x00000000        0x8 main.o
 .group         0x00000000        0x8 main.o
 .group         0x00000000        0x8 main.o
 .group         0x00000000        0x8 main.o
 .text          0x00000000        0x0 main.o
 .data          0x00000000        0x0 main.o
 .bss           0x00000000        0x0 main.o
 .group         0x00000000        0xc common_info.o
 .text          0x00000000        0x0 common_info.o
 .data          0x00000000        0x0 common_info.o
 .bss           0x00000000        0x0 common_info.o
 .text._ZN6common4infoC2ERKN2bn4spanIKNS1_11string_viewEEERNS1_21sprite_text_generatorE
                0x00000000       0x2c common_info.o
 .rodata.str1.4
                0x00000000        0x1 common_info.o
 .rodata        0x00000000        0x8 common_info.o
 .group         0x00000000        0xc common_stats.o
 .group         0x00000000        0xc common_stats.o
 .text          0x00000000        0x0 common_stats.o
 .data          0x00000000        0x0 common_stats.o
[...]
Memory Configuration

Name             Origin             Length             Attributes
rom              0x08000000         0x02000000
iwram            0x03000000         0x00008000
ewram            0x02000000         0x00040000
*default*        0x00000000         0xffffffff

Linker script and memory map

                0x00000000                        __sync_synchronize = __sync_synchronize_none
                0x08000000                        __text_start = ORIGIN (rom)
                0x02040000                        __eheap_end = (ORIGIN (ewram) + LENGTH (ewram))
                0x03000000                        __iwram_start = ORIGIN (iwram)
                0x03008000                        __iwram_top = (ORIGIN (iwram) + LENGTH (iwram))
                0x03007fa0                        __sp_irq = (__iwram_top - 0x60)
                0x03007f00                        __sp_usr = (__sp_irq - 0xa0)
                0x03007ff8                        __irq_flags = 0x3007ff8
                0x08000000                        . = __text_start

.crt0           0x08000000      0x210
 *(.crt0)
 .crt0          0x08000000      0x210 /opt/devkitpro/devkitARM/bin/../lib/gcc/arm-none-eabi/15.1.0/../../../../arm-none-eabi/lib/thumb/gba_crt0.o
                0x08000000                _start
                0x080000c4                __boot_method
                0x080000c5                __slave_number
                0x080000e0                start_vector
                0x08000210                        . = ALIGN (0x4)

.init           0x08000210        0xc
 *(SORT_NONE(.init))
 .init          0x08000210        0x4 /opt/devkitpro/devkitARM/bin/../lib/gcc/arm-none-eabi/15.1.0/thumb/crti.o
                0x08000210                _init
 .init          0x08000214        0x8 /opt/devkitpro/devkitARM/bin/../lib/gcc/arm-none-eabi/15.1.0/thumb/crtn.o

.plt            0x0800021c        0x0
 *(.plt)
                0x0800021c                        . = ALIGN (0x4)

.text           0x08000220    0x15838
 *(EXCLUDE_FILE(*.iwram*) .text*)
 .text.__do_global_dtors_aux
                0x08000220       0x2c /opt/devkitpro/devkitARM/bin/../lib/gcc/arm-none-eabi/15.1.0/thumb/crtbegin.o
 .text.frame_dummy
                0x0800024c       0x24 /opt/devkitpro/devkitARM/bin/../lib/gcc/arm-none-eabi/15.1.0/thumb/crtbegin.o
 .text._ZN12_GLOBAL__N_1L26sound_handle_actions_sceneERN2bn21sprite_text_generatorE
                0x08000270      0x1b4 main.o
 .text._ZN3_bn6assert9show_argsIA22_cEEvPKcS4_S4_iRKT_
                0x08000424       0x48 main.o
                0x08000424                void _bn::assert::show_args<char [22]>(char const*, char const*, char const*, int, char const (&) [22])
 .text.startup.main
                0x0800046c      0xfcc main.o
                0x0800046c                main
 .text._ZN6common4info15_update_spritesEv
                0x08001438       0x9c common_info.o
                0x08001438                common::info::_update_sprites()
 .text._ZN6common4info15set_show_alwaysEb
                0x080014d4       0x28 common_info.o
                0x080014d4                common::info::set_show_always(bool)
 .text._ZN6common4info6updateEv
                0x080014fc       0x30 common_info.o
                0x080014fc                common::info::update()
 .text._ZN3_bn6assert9show_argsIA16_ciEEvPKcS4_S4_iRKT_RKT0_
                0x0800152c       0x54 common_info.o
                0x0800152c                void _bn::assert::show_args<char [16], int>(char const*, char const*, char const*, int, char const (&) [16], int const&)
 .text._ZN6common4infoC2ERKN2bn11string_viewERKNS1_4spanIS3_EERNS1_21sprite_text_generatorE
                0x08001580      0x140 common_info.o
                0x08001580                common::info::info(bn::string_view const&, bn::span<bn::string_view const> const&, bn::sprite_text_generator&)
                0x08001580                common::info::info(bn::string_view const&, bn::span<bn::string_view const> const&, bn::sprite_text_generator&)
 .text._ZN3_bn6assert9show_argsIA15_ciEEvPKcS4_S4_iRKT_RKT0_
                0x080016c0       0x54 common_stats.o
                0x080016c0                void _bn::assert::show_args<char [15], int>(char const*, char const*, char const*, int, char const (&) [15], int const&)
 .text._ZN2bn13ostringstream6appendILi12EEEvNS_7fixed_tIXT_EEE
                0x08001714       0xa0 common_stats.o
                0x08001714                void bn::ostringstream::append<12>(bn::fixed_t<12>)
 .text._ZN2bn13ostringstream11append_argsIiJA4_ciEEEvRKT_DpRKT0_.isra.0
                0x080017b4       0x24 bn_affine_bg_animate_actions.o
 .text._ZN3_bn6assert9show_argsIA15_cEEvPKcS4_S4_iRKT_
                0x080017d8       0x48 bn_affine_bg_animate_actions.o
                0x080017d8                void _bn::assert::show_args<char [15]>(char const*, char const*, char const*, int, char const (&) [15])
 .text._ZN3_bn6assert9show_argsIA24_ciEEvPKcS4_S4_iRKT_RKT0_
                0x08001820       0x54 bn_affine_bg_animate_actions.o
                0x08001820                void _bn::assert::show_args<char [24], int>(char const*, char const*, char const*, int, char const (&) [24], int const&)
 .text._ZN3_bn6assert9show_argsIA28_ciEEvPKcS4_S4_iRKT_RKT0_
                0x08001874       0x54 bn_affine_bg_animate_actions.o
                0x08001874                void _bn::assert::show_args<char [28], int>(char const*, char const*, char const*, int, char const (&) [28], int const&)
 .text._ZN3_bn6assert9show_argsIJA19_ciA4_ciEEEvPKcS5_S5_iDpRKT_
                0x080018c8       0x58 bn_affine_bg_animate_actions.o
                0x080018c8                void _bn::assert::show_args<char [19], int, char [4], int>(char const*, char const*, char const*, int, char const (&) [19], int const&, char const (&) [4], int const&)
 .text._ZN2bn5music6pausedEv
                0x08001920       0x10 bn_audio_manager.bn_noflto.o
                0x08001920                bn::music::paused()
 .text._ZN2bn5sound13master_volumeEv
                0x08001930       0x10 bn_audio_manager.bn_noflto.o
                0x08001930                bn::sound::master_volume()
 .text._ZN2bn6jingle7playingEv
                0x08001940       0x10 bn_audio_manager.bn_noflto.o
                0x08001940                bn::jingle::playing()
 .text._ZN2bn13audio_manager4initEv
                0x08001950       0x58 bn_audio_manager.bn_noflto.o
                0x08001950                bn::audio_manager::init()
 .text._ZN2bn13audio_manager7disableEv
                0x080019a8       0x10 bn_audio_manager.bn_noflto.o
                0x080019a8                bn::audio_manager::disable()
 .text._ZN2bn13audio_manager10sound_dataEt
                0x080019b8       0x6c bn_audio_manager.bn_noflto.o
                0x080019b8                bn::audio_manager::sound_data(unsigned short)
 .text._ZNK2bn12sound_handle6activeEv
                0x08001a24       0x14 bn_audio_manager.bn_noflto.o
                0x08001a24                bn::sound_handle::active() const
 .text._ZN2bn13audio_manager6updateEv
                0x08001a38       0x18 bn_audio_manager.bn_noflto.o
                0x08001a38                bn::audio_manager::update()
 .text._ZN2bn13audio_manager13vblank_commitEv
                0x08001a50       0x2c bn_audio_manager.bn_noflto.o
                0x08001a50                bn::audio_manager::vblank_commit()
 .text._ZN2bn13audio_manager14delayed_commitEv
                0x08001a7c       0x34 bn_audio_manager.bn_noflto.o
                0x08001a7c                bn::audio_manager::delayed_commit()
 .text._ZN2bn13audio_manager4stopEv
                0x08001ab0       0x78 bn_audio_manager.bn_noflto.o
                0x08001ab0                bn::audio_manager::stop()
 .text._ZN3_bn6assert9show_argsIA18_ciEEvPKcS4_S4_iRKT_RKT0_
                0x08001b28       0x54 bn_audio_manager.bn_noflto.o
                0x08001b28                void _bn::assert::show_args<char [18], int>(char const*, char const*, char const*, int, char const (&) [18], int const&)
 .text._ZN3_bn6assert9show_argsIA14_ciEEvPKcS4_S4_iRKT_RKT0_
                0x08001b7c       0x54 bn_audio_manager.bn_noflto.o
                0x08001b7c                void _bn::assert::show_args<char [14], int>(char const*, char const*, char const*, int, char const (&) [14], int const&)
 .text._ZN3_bn6assert9show_argsIA26_ciEEvPKcS4_S4_iRKT_RKT0_
                0x08001bd0       0x54 bn_audio_manager.bn_noflto.o
                0x08001bd0                void _bn::assert::show_args<char [26], int>(char const*, char const*, char const*, int, char const (&) [26], int const&)
 .text._ZN3_bn6assert9show_argsIA33_cEEvPKcS4_S4_iRKT_
                0x08001c24       0x48 bn_audio_manager.bn_noflto.o
                0x08001c24                void _bn::assert::show_args<char [33]>(char const*, char const*, char const*, int, char const (&) [33])
 .text._ZN2bn13audio_manager15stop_all_soundsEv
                0x08001c6c       0x94 bn_audio_manager.bn_noflto.o
                0x08001c6c                bn::audio_manager::stop_all_sounds()
 .text._ZN2bn5sound8stop_allEv
                0x08001d00        0xc bn_audio_manager.bn_noflto.o
                0x08001d00                bn::sound::stop_all()
 .text._ZN2bn5music4stopEv
                0x08001d0c       0x64 bn_audio_manager.bn_noflto.o
                0x08001d0c                bn::music::stop()
 .text._ZN2bn12sound_handle4stopEv
                0x08001d70       0x64 bn_audio_manager.bn_noflto.o
                0x08001d70                bn::sound_handle::stop()
 .text._ZN3_bn6assert9show_argsIA25_cEEvPKcS4_S4_iRKT_
                0x08001dd4       0x48 bn_audio_manager.bn_noflto.o
                0x08001dd4                void _bn::assert::show_args<char [25]>(char const*, char const*, char const*, int, char const (&) [25])
 .text._ZN2bn5music6volumeEv
                0x08001e1c       0x44 bn_audio_manager.bn_noflto.o
                0x08001e1c                bn::music::volume()
 .text._ZN2bn5music5tempoEv
                0x08001e60       0x44 bn_audio_manager.bn_noflto.o
                0x08001e60                bn::music::tempo()
 .text._ZN2bn5music5pitchEv
                0x08001ea4       0x44 bn_audio_manager.bn_noflto.o
                0x08001ea4                bn::music::pitch()
 .text._ZN3_bn6assert9show_argsIA24_cEEvPKcS4_S4_iRKT_
                0x08001ee8       0x48 bn_audio_manager.bn_noflto.o
                0x08001ee8                void _bn::assert::show_args<char [24]>(char const*, char const*, char const*, int, char const (&) [24])
 .text._ZN2bn13audio_manager11pause_musicEv
                0x08001f30       0x9c bn_audio_manager.bn_noflto.o
                0x08001f30                bn::audio_manager::pause_music()
 .text._ZN2bn5music5pauseEv
                0x08001fcc        0xc bn_audio_manager.bn_noflto.o
                0x08001fcc                bn::music::pause()
 .text._ZN3_bn6assert9show_argsIA20_cEEvPKcS4_S4_iRKT_
                0x08001fd8       0x48 bn_audio_manager.bn_noflto.o
                0x08001fd8                void _bn::assert::show_args<char [20]>(char const*, char const*, char const*, int, char const (&) [20])
 .text._ZN2bn5music6resumeEv
                0x08002020       0x78 bn_audio_manager.bn_noflto.o
                0x08002020                bn::music::resume()
 .text._ZN3_bn6assert9show_argsIA26_cEEvPKcS4_S4_iRKT_
                0x08002098       0x48 bn_audio_manager.bn_noflto.o
                0x08002098                void _bn::assert::show_args<char [26]>(char const*, char const*, char const*, int, char const (&) [26])
 .text._ZN2bn6jingle6volumeEv
                0x080020e0       0x44 bn_audio_manager.bn_noflto.o
                0x080020e0                bn::jingle::volume()
 .text._ZN3_bn6assert9show_argsIA32_cEEvPKcS4_S4_iRKT_
                0x08002124       0x48 bn_audio_manager.bn_noflto.o
                0x08002124                void _bn::assert::show_args<char [32]>(char const*, char const*, char const*, int, char const (&) [32])
 .text._ZN3_bn6assert9show_argsIA22_ctEEvPKcS4_S4_iRKT_RKT0_
                0x0800216c       0x54 bn_audio_manager.bn_noflto.o
                0x0800216c                void _bn::assert::show_args<char [22], unsigned short>(char const*, char const*, char const*, int, char const (&) [22], unsigned short const&)
 .text._ZN2bn13audio_manager15set_sound_speedEtNS_7fixed_tILi12EEE
                0x080021c0       0x94 bn_audio_manager.bn_noflto.o
                0x080021c0                bn::audio_manager::set_sound_speed(unsigned short, bn::fixed_t<12>)
 .text._ZN2bn13audio_manager17set_sound_panningEtNS_7fixed_tILi12EEE
                0x08002254       0x94 bn_audio_manager.bn_noflto.o
                0x08002254                bn::audio_manager::set_sound_panning(unsigned short, bn::fixed_t<12>)
 .text._ZNK2bn12sound_handle5speedEv
                0x080022e8       0x44 bn_audio_manager.bn_noflto.o
                0x080022e8                bn::sound_handle::speed() const
 .text._ZNK2bn12sound_handle7panningEv
                0x0800232c       0x44 bn_audio_manager.bn_noflto.o
                0x0800232c                bn::sound_handle::panning() const
 .text._ZN3_bn6assert9show_argsIA25_cN2bn7fixed_tILi12EEEEEvPKcS7_S7_iRKT_RKT0_
                0x08002370       0x54 bn_audio_manager.bn_noflto.o
                0x08002370                void _bn::assert::show_args<char [25], bn::fixed_t<12> >(char const*, char const*, char const*, int, char const (&) [25], bn::fixed_t<12> const&)
 .text._ZN2bn5music10set_volumeENS_7fixed_tILi12EEE
                0x080023c4       0xb0 bn_audio_manager.bn_noflto.o
                0x080023c4                bn::music::set_volume(bn::fixed_t<12>)
 .text._ZN2bn5sound17set_master_volumeENS_7fixed_tILi12EEE
                0x08002474       0x8c bn_audio_manager.bn_noflto.o
                0x08002474                bn::sound::set_master_volume(bn::fixed_t<12>)
 .text._ZN2bn6jingle4playENS_10music_itemENS_7fixed_tILi12EEE
                0x08002500       0x9c bn_audio_manager.bn_noflto.o
                0x08002500                bn::jingle::play(bn::music_item, bn::fixed_t<12>)
 .text._ZN2bn6jingle10set_volumeENS_7fixed_tILi12EEE
                0x0800259c       0xb0 bn_audio_manager.bn_noflto.o
                0x0800259c                bn::jingle::set_volume(bn::fixed_t<12>)
 .text._ZN2bn12sound_handle9set_speedENS_7fixed_tILi12EEE
                0x0800264c       0x40 bn_audio_manager.bn_noflto.o
                0x0800264c                bn::sound_handle::set_speed(bn::fixed_t<12>)
 .text._ZNK2bn10music_item11play_jingleENS_7fixed_tILi12EEE
                0x0800268c       0xa0 bn_audio_manager.bn_noflto.o
                0x0800268c                bn::music_item::play_jingle(bn::fixed_t<12>) const
 .text._ZNK2bn10music_item4playENS_7fixed_tILi12EEE
                0x0800272c       0xb0 bn_audio_manager.bn_noflto.o
                0x0800272c                bn::music_item::play(bn::fixed_t<12>) const
 .text._ZN3_bn6assert9show_argsIA26_cN2bn7fixed_tILi12EEEEEvPKcS7_S7_iRKT_RKT0_
                0x080027dc       0x54 bn_audio_manager.bn_noflto.o
                0x080027dc                void _bn::assert::show_args<char [26], bn::fixed_t<12> >(char const*, char const*, char const*, int, char const (&) [26], bn::fixed_t<12> const&)
 .text._ZN2bn5music9set_tempoENS_7fixed_tILi12EEE
                0x08002830       0xb8 bn_audio_manager.bn_noflto.o
                0x08002830                bn::music::set_tempo(bn::fixed_t<12>)
 .text._ZN2bn5music9set_pitchENS_7fixed_tILi12EEE
                0x080028e8       0xb8 bn_audio_manager.bn_noflto.o
                0x080028e8                bn::music::set_pitch(bn::fixed_t<12>)
 .text._ZN3_bn6assert9show_argsIA27_cN2bn7fixed_tILi12EEEEEvPKcS7_S7_iRKT_RKT0_
                0x080029a0       0x54 bn_audio_manager.bn_noflto.o
                0x080029a0                void _bn::assert::show_args<char [27], bn::fixed_t<12> >(char const*, char const*, char const*, int, char const (&) [27], bn::fixed_t<12> const&)
 .text._ZN2bn12sound_handle11set_panningENS_7fixed_tILi12EEE
                0x080029f4       0x44 bn_audio_manager.bn_noflto.o
                0x080029f4                bn::sound_handle::set_panning(bn::fixed_t<12>)
 .text._ZN3_bn6assert9show_argsIA25_ciEEvPKcS4_S4_iRKT_RKT0_
                0x08002a38       0x54 bn_audio_manager.bn_noflto.o
                0x08002a38                void _bn::assert::show_args<char [25], int>(char const*, char const*, char const*, int, char const (&) [25], int const&)
 .text._ZN2bn13audio_manager16execute_commandsEv
                0x08002a8c      0x738 bn_audio_manager.bn_noflto.o
                0x08002a8c                bn::audio_manager::execute_commands()
 .text._ZN3_bn6assert9show_argsIA17_cEEvPKcS4_S4_iRKT_
                0x080031c4       0x48 bn_audio_manager.bn_noflto.o
                0x080031c4                void _bn::assert::show_args<char [17]>(char const*, char const*, char const*, int, char const (&) [17])
 .text._ZN2bn14iunordered_mapIjNS_13audio_manager15sound_data_typeENS_15identity_hasherENS_8equal_toIjEEEclEjRKj
                0x0800320c      0x11c bn_audio_manager.bn_noflto.o
                0x0800320c                bn::iunordered_map<unsigned int, bn::audio_manager::sound_data_type, bn::identity_hasher, bn::equal_to<unsigned int> >::operator()(unsigned int, unsigned int const&)
 .text._ZN2bn13audio_manager10play_soundEiNS_10sound_itemENS_7fixed_tILi12EEES3_S3_
                0x08003328       0xe0 bn_audio_manager.bn_noflto.o
                0x08003328                bn::audio_manager::play_sound(int, bn::sound_item, bn::fixed_t<12>, bn::fixed_t<12>, bn::fixed_t<12>)
 .text._ZN2bn5sound4playENS_10sound_itemENS_7fixed_tILi12EEES3_S3_
                0x08003408       0x98 bn_audio_manager.bn_noflto.o
                0x08003408                bn::sound::play(bn::sound_item, bn::fixed_t<12>, bn::fixed_t<12>, bn::fixed_t<12>)
 .text._ZNK2bn10sound_item4playENS_7fixed_tILi12EEES2_S2_
                0x080034a0       0x10 bn_audio_manager.bn_noflto.o
                0x080034a0                bn::sound_item::play(bn::fixed_t<12>, bn::fixed_t<12>, bn::fixed_t<12>) const
 .text._ZNK2bn10sound_item4playENS_7fixed_tILi12EEE
                0x080034b0       0x44 bn_audio_manager.bn_noflto.o
                0x080034b0                bn::sound_item::play(bn::fixed_t<12>) const
 .text.startup._GLOBAL__sub_I__ZN2bn5audio16update_on_vblankEv
                0x080034f4       0x90 bn_audio_manager.bn_noflto.o
 .text._ZN3_bn6assert9show_argsIA23_cEEvPKcS4_S4_iRKT_
                0x08003584       0x48 bn_best_fit_allocator.o
                0x08003584                void _bn::assert::show_args<char [23]>(char const*, char const*, char const*, int, char const (&) [23])
 .text._ZN2bn18best_fit_allocatorD2Ev
                0x080035cc       0x38 bn_best_fit_allocator.o
                0x080035cc                bn::best_fit_allocator::~best_fit_allocator()
                0x080035cc                bn::best_fit_allocator::~best_fit_allocator()
 .text._ZN3_bn6assert9show_argsIA20_ciEEvPKcS4_S4_iRKT_RKT0_
                0x08003604       0x54 bn_best_fit_allocator.o
                0x08003604                void _bn::assert::show_args<char [20], int>(char const*, char const*, char const*, int, char const (&) [20], int const&)
 .text._ZN3_bn6assert9show_argsIA14_cEEvPKcS4_S4_iRKT_
                0x08003658       0x48 bn_best_fit_allocator.o
                0x08003658                void _bn::assert::show_args<char [14]>(char const*, char const*, char const*, int, char const (&) [14])
 .text._ZN3_bn6assert9show_argsIA21_cEEvPKcS4_S4_iRKT_
                0x080036a0       0x48 bn_best_fit_allocator.o
                0x080036a0                void _bn::assert::show_args<char [21]>(char const*, char const*, char const*, int, char const (&) [21])
 .text._ZN2bn18best_fit_allocator5resetEPvi
                0x080036e8       0xbc bn_best_fit_allocator.o
                0x080036e8                bn::best_fit_allocator::reset(void*, int)
 .text._ZN2bn17bg_blocks_manager12_GLOBAL__N_1L17_hw_commit_offsetEPKtjtPt
                0x080037a4       0x74 bn_bg_blocks_manager.o
 .text._ZN2bn13ostringstream11append_argsIiJA4_ciEEEvRKT_DpRKT0_.isra.0
                0x08003818       0x24 bn_bg_blocks_manager.o
 .text._ZNK2bn18regular_bg_map_ptr2idEv
                0x0800383c       0x18 bn_bg_blocks_manager.o
                0x0800383c                bn::regular_bg_map_ptr::id() const
 .text._ZNK2bn18regular_bg_map_ptr10dimensionsEv
                0x08003854       0x20 bn_bg_blocks_manager.o
                0x08003854                bn::regular_bg_map_ptr::dimensions() const
 .text._ZNK2bn20regular_bg_tiles_ptr3cbbEv
                0x08003874       0x18 bn_bg_blocks_manager.o
                0x08003874                bn::regular_bg_tiles_ptr::cbb() const
 .text._ZNK2bn17affine_bg_map_ptr2idEv
                0x0800388c       0x18 bn_bg_blocks_manager.o
                0x0800388c                bn::affine_bg_map_ptr::id() const
 .text._ZNK2bn17affine_bg_map_ptr10dimensionsEv
                0x080038a4       0x20 bn_bg_blocks_manager.o
                0x080038a4                bn::affine_bg_map_ptr::dimensions() const
 .text._ZNK2bn19affine_bg_tiles_ptr3cbbEv
                0x080038c4       0x18 bn_bg_blocks_manager.o
                0x080038c4                bn::affine_bg_tiles_ptr::cbb() const
 .text._ZN2bn17bg_blocks_manager15decrease_usagesEi
                0x080038dc       0x98 bn_bg_blocks_manager.o
                0x080038dc                bn::bg_blocks_manager::decrease_usages(int)
 .text._ZN2bn17bg_blocks_manager12_GLOBAL__N_111static_dataD2Ev
                0x08003974       0x50 bn_bg_blocks_manager.o
 .text._ZN2bn17bg_blocks_manager4initEv
                0x080039c4       0x90 bn_bg_blocks_manager.o
                0x080039c4                bn::bg_blocks_manager::init()
 .text._ZN2bn17bg_blocks_manager11must_commitEi
                0x08003a54       0x18 bn_bg_blocks_manager.o
                0x08003a54                bn::bg_blocks_manager::must_commit(int)
 .text._ZN2bn17bg_blocks_manager6updateEv
                0x08003a6c      0x260 bn_bg_blocks_manager.o
                0x08003a6c                bn::bg_blocks_manager::update()
 .text._ZN3_bn6assert9show_argsIJA22_ciA4_ciEEEvPKcS5_S5_iDpRKT_
                0x08003ccc       0x58 bn_bg_blocks_manager.o
                0x08003ccc                void _bn::assert::show_args<char [22], int, char [4], int>(char const*, char const*, char const*, int, char const (&) [22], int const&, char const (&) [4], int const&)
 .text._ZN3_bn6assert9show_argsIJA58_ciA4_ciEEEvPKcS5_S5_iDpRKT_
                0x08003d24       0x58 bn_bg_blocks_manager.o
                0x08003d24                void _bn::assert::show_args<char [58], int, char [4], int>(char const*, char const*, char const*, int, char const (&) [58], int const&, char const (&) [4], int const&)
 .text._ZN3_bn6assert9show_argsIA27_ciEEvPKcS4_S4_iRKT_RKT0_
                0x08003d7c       0x54 bn_bg_blocks_manager.o
                0x08003d7c                void _bn::assert::show_args<char [27], int>(char const*, char const*, char const*, int, char const (&) [27], int const&)
 .text._ZN2bn17bg_blocks_manager12_GLOBAL__N_1L10_hw_commitEPKtNS_16compression_typeEibPt
                0x08003dd0       0x68 bn_bg_blocks_manager.o
 .text._ZN3_bn6assert9show_argsIA22_ciEEvPKcS4_S4_iRKT_RKT0_
                0x08003e38       0x54 bn_bg_blocks_manager.o
                0x08003e38                void _bn::assert::show_args<char [22], int>(char const*, char const*, char const*, int, char const (&) [22], int const&)
 .text._ZN3_bn6assert9show_argsIA19_cEEvPKcS4_S4_iRKT_
                0x08003e8c       0x48 bn_bg_blocks_manager.o
                0x08003e8c                void _bn::assert::show_args<char [19]>(char const*, char const*, char const*, int, char const (&) [19])
 .text._ZN3_bn6assert9show_argsIA31_cEEvPKcS4_S4_iRKT_
                0x08003ed4       0x48 bn_bg_blocks_manager.o
                0x08003ed4                void _bn::assert::show_args<char [31]>(char const*, char const*, char const*, int, char const (&) [31])
 .text._ZNK2bn18regular_bg_map_ptr5tilesEv
                0x08003f1c       0x48 bn_bg_blocks_manager.o
                0x08003f1c                bn::regular_bg_map_ptr::tiles() const
 .text._ZNK2bn17affine_bg_map_ptr5tilesEv
                0x08003f64       0x48 bn_bg_blocks_manager.o
                0x08003f64                bn::affine_bg_map_ptr::tiles() const
 .text._ZNK2bn18regular_bg_map_ptr3bppEv
                0x08003fac       0x4c bn_bg_blocks_manager.o
                0x08003fac                bn::regular_bg_map_ptr::bpp() const
 .text._ZN2bn17bg_blocks_manager21update_affine_map_rowEiii
                0x08003ff8      0x15c bn_bg_blocks_manager.o
                0x08003ff8                bn::bg_blocks_manager::update_affine_map_row(int, int, int)
 .text._ZN2bn17bg_blocks_manager28update_affine_map_bottom_rowEiii
                0x08004154       0x30 bn_bg_blocks_manager.o
                0x08004154                bn::bg_blocks_manager::update_affine_map_bottom_row(int, int, int)
 .text._ZN2bn17bg_blocks_manager23set_affine_map_positionEiii
                0x08004184      0x1f0 bn_bg_blocks_manager.o
                0x08004184                bn::bg_blocks_manager::set_affine_map_position(int, int, int)
 .text._ZN2bn17bg_blocks_manager21update_affine_map_colEiii
                0x08004374      0x318 bn_bg_blocks_manager.o
                0x08004374                bn::bg_blocks_manager::update_affine_map_col(int, int, int)
 .text._ZN2bn17bg_blocks_manager27update_affine_map_right_colEiii
                0x0800468c       0x30 bn_bg_blocks_manager.o
                0x0800468c                bn::bg_blocks_manager::update_affine_map_right_col(int, int, int)
 .text._ZN2bn17bg_blocks_manager22update_regular_map_rowEiii
                0x080046bc      0x19c bn_bg_blocks_manager.o
                0x080046bc                bn::bg_blocks_manager::update_regular_map_row(int, int, int)
 .text._ZN2bn17bg_blocks_manager22update_regular_map_colEiii
                0x08004858      0x1f0 bn_bg_blocks_manager.o
                0x08004858                bn::bg_blocks_manager::update_regular_map_col(int, int, int)
 .text._ZN2bn17bg_blocks_manager24set_regular_map_positionEiii
                0x08004a48      0x210 bn_bg_blocks_manager.o
                0x08004a48                bn::bg_blocks_manager::set_regular_map_position(int, int, int)
 .text._ZN2bn17bg_blocks_manager12_GLOBAL__N_1L12_commit_itemERKNS1_9item_typeEb
                0x08004c58      0x1d8 bn_bg_blocks_manager.o
 .text._ZN2bn17bg_blocks_manager19commit_uncompressedEb
                0x08004e30       0x54 bn_bg_blocks_manager.o
                0x08004e30                bn::bg_blocks_manager::commit_uncompressed(bool)
 .text._ZN2bn17bg_blocks_manager17commit_compressedEv
                0x08004e84       0x48 bn_bg_blocks_manager.o
                0x08004e84                bn::bg_blocks_manager::commit_compressed()
 .text._ZN3_bn6assert9show_argsIA39_ciEEvPKcS4_S4_iRKT_RKT0_
                0x08004ecc       0x54 bn_bg_blocks_manager.o
                0x08004ecc                void _bn::assert::show_args<char [39], int>(char const*, char const*, char const*, int, char const (&) [39], int const&)
 .text.startup._GLOBAL__sub_I__ZN2bn7bg_maps16used_cells_countEv
                0x08004f20       0x88 bn_bg_blocks_manager.o
 .text._ZN2bn11bgs_manager12_GLOBAL__N_111static_dataD2Ev
                0x08004fa8       0x10 bn_bgs_manager.o
 .text._ZN2bn11bgs_manager12_GLOBAL__N_1L33_update_item_hw_affine_attributesERKNS1_9item_typeE
                0x08004fb8       0x48 bn_bgs_manager.o
 .text._ZN2bn11bgs_manager4initEv
                0x08005000       0x8c bn_bgs_manager.o
                0x08005000                bn::bgs_manager::init()
 .text._ZN2bn11bgs_manager5hw_idEPv
                0x0800508c        0x8 bn_bgs_manager.o
                0x0800508c                bn::bgs_manager::hw_id(void*)
 .text._ZN2bn11bgs_manager11hw_positionEPv
                0x08005094        0x4 bn_bgs_manager.o
                0x08005094                bn::bgs_manager::hw_position(void*)
 .text._ZN2bn11bgs_manager14mat_attributesEPv
                0x08005098        0x4 bn_bgs_manager.o
                0x08005098                bn::bgs_manager::mat_attributes(void*)
 .text._ZN2bn11bgs_manager20update_windows_flagsEPj
                0x0800509c       0x7c bn_bgs_manager.o
                0x0800509c                bn::bgs_manager::update_windows_flags(unsigned int*)
 .text._ZN2bn11bgs_manager14update_camerasEv
                0x08005118      0x134 bn_bgs_manager.o
                0x08005118                bn::bgs_manager::update_cameras()
 .text._ZN2bn11bgs_manager36fill_hblank_effect_regular_positionsEiPKNS_7fixed_tILi12EEEPt
                0x0800524c       0x38 bn_bgs_manager.o
                0x0800524c                bn::bgs_manager::fill_hblank_effect_regular_positions(int, bn::fixed_t<12> const*, unsigned short*)
 .text._ZN2bn11bgs_manager45fill_hblank_effect_pivot_horizontal_positionsEPvPKNS_7fixed_tILi12EEEPj
                0x08005284       0x28 bn_bgs_manager.o
                0x08005284                bn::bgs_manager::fill_hblank_effect_pivot_horizontal_positions(void*, bn::fixed_t<12> const*, unsigned int*)
 .text._ZN2bn11bgs_manager43fill_hblank_effect_pivot_vertical_positionsEPvPKNS_7fixed_tILi12EEEPj
                0x080052ac       0x28 bn_bgs_manager.o
                0x080052ac                bn::bgs_manager::fill_hblank_effect_pivot_vertical_positions(void*, bn::fixed_t<12> const*, unsigned int*)
 .text._ZN2bn11bgs_manager6commitEb
                0x080052d4       0x58 bn_bgs_manager.o
                0x080052d4                bn::bgs_manager::commit(bool)
 .text._ZN2bn11bgs_manager4stopEv
                0x0800532c       0x28 bn_bgs_manager.o
                0x0800532c                bn::bgs_manager::stop()
 .text._ZN3_bn6assert9show_argsIA30_cEEvPKcS4_S4_iRKT_
                0x08005354       0x48 bn_bgs_manager.o
                0x08005354                void _bn::assert::show_args<char [30]>(char const*, char const*, char const*, int, char const (&) [30])
 .text._ZN2bn11bgs_manager15commit_big_mapsEv
                0x0800539c      0x208 bn_bgs_manager.o
                0x0800539c                bn::bgs_manager::commit_big_maps()
 .text._ZN2bn11bgs_manager10affine_mapEPv
                0x080055a4       0x34 bn_bgs_manager.o
                0x080055a4                bn::bgs_manager::affine_map(void*)
 .text._ZN2bn11bgs_manager11regular_mapEPv
                0x080055d8       0x34 bn_bgs_manager.o
                0x080055d8                bn::bgs_manager::regular_map(void*)
 .text._ZN3_bn6assert9show_argsIA27_cEEvPKcS4_S4_iRKT_
                0x0800560c       0x48 bn_bgs_manager.o
                0x0800560c                void _bn::assert::show_args<char [27]>(char const*, char const*, char const*, int, char const (&) [27])
 .text._ZN3_bn6assert9show_argsIA46_cEEvPKcS4_S4_iRKT_
                0x08005654       0x48 bn_bgs_manager.o
                0x08005654                void _bn::assert::show_args<char [46]>(char const*, char const*, char const*, int, char const (&) [46])
 .text._ZN2bn11bgs_manager37fill_hblank_effect_regular_attributesEPvPKNS_21regular_bg_attributesEPt
                0x0800569c      0x118 bn_bgs_manager.o
                0x0800569c                bn::bgs_manager::fill_hblank_effect_regular_attributes(void*, bn::regular_bg_attributes const*, unsigned short*)
 .text._ZN2bn11bgs_manager36fill_hblank_effect_affine_attributesEPvPKNS_20affine_bg_attributesEPt
                0x080057b4      0x10c bn_bgs_manager.o
                0x080057b4                bn::bgs_manager::fill_hblank_effect_affine_attributes(void*, bn::affine_bg_attributes const*, unsigned short*)
 .text._ZN2bn11bgs_manager15rebuild_handlesEv.part.0
                0x080058c0      0x1a4 bn_bgs_manager.o
 .text._ZN2bn11bgs_manager6updateEv
                0x08005a64      0x158 bn_bgs_manager.o
                0x08005a64                bn::bgs_manager::update()
 .text._ZN3_bn6assert9show_argsIA13_cEEvPKcS4_S4_iRKT_
                0x08005bbc       0x48 bn_bgs_manager.o
                0x08005bbc                void _bn::assert::show_args<char [13]>(char const*, char const*, char const*, int, char const (&) [13])
 .text.startup._GLOBAL__sub_I__ZN2bn3bgs16used_items_countEv
                0x08005c04       0x90 bn_bgs_manager.o
 .text._ZN2bn10camera_ptrC2ERKS0_
                0x08005c94       0x20 bn_cameras_manager.o
                0x08005c94                bn::camera_ptr::camera_ptr(bn::camera_ptr const&)
                0x08005c94                bn::camera_ptr::camera_ptr(bn::camera_ptr const&)
 .text._ZN2bn10camera_ptraSERKS0_
                0x08005cb4       0x70 bn_cameras_manager.o
                0x08005cb4                bn::camera_ptr::operator=(bn::camera_ptr const&)
 .text._ZN2bn10camera_ptrD2Ev
                0x08005d24       0x38 bn_cameras_manager.o
                0x08005d24                bn::camera_ptr::~camera_ptr()
                0x08005d24                bn::camera_ptr::~camera_ptr()
 .text._ZNK2bn10camera_ptr8positionEv
                0x08005d5c       0x14 bn_cameras_manager.o
                0x08005d5c                bn::camera_ptr::position() const
 .text._ZN2bn15cameras_manager4initEv
                0x08005d70       0x24 bn_cameras_manager.o
                0x08005d70                bn::cameras_manager::init()
 .text._ZN2bn15cameras_manager6updateEv
                0x08005d94       0x28 bn_cameras_manager.o
                0x08005d94                bn::cameras_manager::update()
 .text.startup._GLOBAL__sub_I__ZN2bn7cameras16used_items_countEv
                0x08005dbc       0x24 bn_cameras_manager.o
 .text._ZN2bn4core12_GLOBAL__N_1L12_vblank_intrEv
                0x08005de0       0x3c bn_core.o
 .text._ZN2bn4core12_GLOBAL__N_1L4stopEb
                0x08005e1c       0x60 bn_core.o
 .text._ZN2bn4core12_GLOBAL__N_1L11update_implEv
                0x08005e7c      0x110 bn_core.o
 .text._ZN2bn4core6updateEv
                0x08005f8c       0x6c bn_core.o
                0x08005f8c                bn::core::update()
 .text._ZN2bn4core4initERKNS_8optionalINS_5colorEEERKNS_11string_viewE
                0x08005ff8      0x138 bn_core.o
                0x08005ff8                bn::core::init(bn::optional<bn::color> const&, bn::string_view const&)
 .text._ZN2bn4core4initEv
                0x08006130       0x20 bn_core.o
                0x08006130                bn::core::init()
 .text._ZN2bn11string_viewC2EPKc
                0x08006150       0x40 bn_core.o
                0x08006150                bn::string_view::string_view(char const*)
                0x08006150                bn::string_view::string_view(char const*)
 .text._ZN3_bn6assert12_GLOBAL__N_1L10_show_implEPKcS3_S3_iRKN2bn11string_viewE
                0x08006190       0x80 bn_core.o
 .text._ZN3_bn6assert4showEPKcS2_S2_iRKN2bn12istring_baseE
                0x08006210       0x18 bn_core.o
                0x08006210                _bn::assert::show(char const*, char const*, char const*, int, bn::istring_base const&)
 .text._ZN3_bn6assert9show_argsIA18_cEEvPKcS4_S4_iRKT_
                0x08006228       0x48 bn_core.o
                0x08006228                void _bn::assert::show_args<char [18]>(char const*, char const*, char const*, int, char const (&) [18])
 .text.startup._GLOBAL__sub_I__ZN2bn4core4initEv
                0x08006270       0x48 bn_core.o
 .text._ZN2bn15display_manager12_GLOBAL__N_111static_dataD2Ev
                0x080062b8       0x34 bn_display_manager.o
 .text._ZN2bn15display_manager12_GLOBAL__N_1L34_update_rect_windows_hw_boundariesEi
                0x080062ec       0x7c bn_display_manager.o
 .text._ZN2bn15display_manager4initEv
                0x08006368       0x98 bn_display_manager.o
                0x08006368                bn::display_manager::init()
 .text._ZN2bn15display_manager8set_modeEi
                0x08006400       0x1c bn_display_manager.o
                0x08006400                bn::display_manager::set_mode(int)
 .text._ZN2bn15display_manager14set_bg_enabledEib
                0x0800641c       0x18 bn_display_manager.o
                0x0800641c                bn::display_manager::set_bg_enabled(int, bool)
 .text._ZN2bn15display_manager15disable_all_bgsEv
                0x08006434       0x14 bn_display_manager.o
                0x08006434                bn::display_manager::disable_all_bgs()
 .text._ZN2bn15display_manager36fill_mosaic_hblank_effect_attributesEPKNS_17mosaic_attributesEPt
                0x08006448       0x98 bn_display_manager.o
                0x08006448                bn::display_manager::fill_mosaic_hblank_effect_attributes(bn::mosaic_attributes const*, unsigned short*)
 .text._ZN2bn15display_manager27set_blending_top_bg_enabledEib
                0x080064e0       0x20 bn_display_manager.o
                0x080064e0                bn::display_manager::set_blending_top_bg_enabled(int, bool)
 .text._ZN2bn15display_manager30set_blending_bottom_bg_enabledEib
                0x08006500       0x20 bn_display_manager.o
                0x08006500                bn::display_manager::set_blending_bottom_bg_enabled(int, bool)
 .text._ZN2bn15display_manager32blending_transparency_top_weightEv
                0x08006520       0x18 bn_display_manager.o
                0x08006520                bn::display_manager::blending_transparency_top_weight()
 .text._ZN2bn15display_manager35blending_transparency_bottom_weightEv
                0x08006538       0x28 bn_display_manager.o
                0x08006538                bn::display_manager::blending_transparency_bottom_weight()
 .text._ZN2bn15display_manager51fill_blending_transparency_hblank_effect_attributesEPKNS_32blending_transparency_attributesEPt
                0x08006560       0x30 bn_display_manager.o
                0x08006560                bn::display_manager::fill_blending_transparency_hblank_effect_attributes(bn::blending_transparency_attributes const*, unsigned short*)
 .text._ZN2bn15display_manager21blending_fade_enabledEv
                0x08006590        0xc bn_display_manager.o
                0x08006590                bn::display_manager::blending_fade_enabled()
 .text._ZN2bn15display_manager39fill_blending_fade_hblank_effect_alphasEPKNS_19blending_fade_alphaEPt
                0x0800659c       0x24 bn_display_manager.o
                0x0800659c                bn::display_manager::fill_blending_fade_hblank_effect_alphas(bn::blending_fade_alpha const*, unsigned short*)
 .text._ZN2bn15display_manager26update_windows_visible_bgsEv
                0x080065c0       0x14 bn_display_manager.o
                0x080065c0                bn::display_manager::update_windows_visible_bgs()
 .text._ZN2bn15display_manager36rect_window_hw_horizontal_boundariesEi
                0x080065d4       0x18 bn_display_manager.o
                0x080065d4                bn::display_manager::rect_window_hw_horizontal_boundaries(int)
 .text._ZN2bn15display_manager34rect_window_hw_vertical_boundariesEi
                0x080065ec       0x18 bn_display_manager.o
                0x080065ec                bn::display_manager::rect_window_hw_vertical_boundaries(int)
 .text._ZN2bn15display_manager52fill_rect_window_hblank_effect_horizontal_boundariesERKSt4pairIiiEPKS1_INS_7fixed_tILi12EEES6_EPt
                0x08006604      0x134 bn_display_manager.o
                0x08006604                bn::display_manager::fill_rect_window_hblank_effect_horizontal_boundaries(std::pair<int, int> const&, std::pair<bn::fixed_t<12>, bn::fixed_t<12> > const*, unsigned short*)
 .text._ZN2bn15display_manager50fill_rect_window_hblank_effect_vertical_boundariesERKSt4pairIiiEPKS1_INS_7fixed_tILi12EEES6_EPt
                0x08006738      0x134 bn_display_manager.o
                0x08006738                bn::display_manager::fill_rect_window_hblank_effect_vertical_boundaries(std::pair<int, int> const&, std::pair<bn::fixed_t<12>, bn::fixed_t<12> > const*, unsigned short*)
 .text._ZN2bn15display_manager36fill_green_swap_hblank_effect_statesEPKbPt
                0x0800686c       0x38 bn_display_manager.o
                0x0800686c                bn::display_manager::fill_green_swap_hblank_effect_states(bool const*, unsigned short*)
 .text._ZN2bn15display_manager14update_camerasEv
                0x080068a4       0x40 bn_display_manager.o
                0x080068a4                bn::display_manager::update_cameras()
 .text._ZN2bn15display_manager6updateEv
                0x080068e4      0x244 bn_display_manager.o
                0x080068e4                bn::display_manager::update()
 .text._ZN2bn15display_manager6commitEv
                0x08006b28      0x130 bn_display_manager.o
                0x08006b28                bn::display_manager::commit()
 .text._ZN2bn15display_manager4stopEv
                0x08006c58       0x30 bn_display_manager.o
                0x08006c58                bn::display_manager::stop()
 .text._ZN3_bn6assert9show_argsIA66_cEEvPKcS4_S4_iRKT_
                0x08006c88       0x48 bn_display_manager.o
                0x08006c88                void _bn::assert::show_args<char [66]>(char const*, char const*, char const*, int, char const (&) [66])
 .text.startup._GLOBAL__sub_I__ZNK2bn6window7show_bgERKNS_14regular_bg_ptrE
                0x08006cd0       0xa4 bn_display_manager.o
 .text._ZN2bn12gpio_manager5sleepEv
                0x08006d74       0x28 bn_gpio_manager.o
                0x08006d74                bn::gpio_manager::sleep()
 .text._ZN2bn22hblank_effects_manager12_GLOBAL__N_19item_type18_output_values_ptrEv
                0x08006d9c       0x40 bn_hblank_effects_manager.o
 .text._ZN2bn22hblank_effects_manager7disableEv
                0x08006ddc       0x24 bn_hblank_effects_manager.o
                0x08006ddc                bn::hblank_effects_manager::disable()
 .text._ZN2bn22hblank_effects_manager4stopEv
                0x08006e00       0x38 bn_hblank_effects_manager.o
                0x08006e00                bn::hblank_effects_manager::stop()
 .text._ZN2bn22hblank_effects_manager6commitEv
                0x08006e38       0x8c bn_hblank_effects_manager.o
                0x08006e38                bn::hblank_effects_manager::commit()
 .text._ZN2bn22hblank_effects_manager12_GLOBAL__N_1L10_is_uint32ENS0_12handler_typeE
                0x08006ec4       0x64 bn_hblank_effects_manager.o
 .text._ZN2bn22hblank_effects_manager12_GLOBAL__N_19item_type12check_updateEv
                0x08006f28     0x1548 bn_hblank_effects_manager.o
 .text._ZN2bn22hblank_effects_manager6updateEv
                0x08008470      0x1ec bn_hblank_effects_manager.o
                0x08008470                bn::hblank_effects_manager::update()
 .text._ZN2bn22hblank_effects_manager4initEv
                0x0800865c      0x180 bn_hblank_effects_manager.o
                0x0800865c                bn::hblank_effects_manager::init()
 .text.startup._GLOBAL__sub_I__ZN2bn4hbes10used_countEv
                0x080087dc       0xe8 bn_hblank_effects_manager.o
 .text._ZN2bn12hdma_manager4initEv
                0x080088c4       0x40 bn_hdma_manager.o
                0x080088c4                bn::hdma_manager::init()
 .text._ZN2bn12hdma_manager10force_stopEv
                0x08008904       0x5c bn_hdma_manager.o
                0x08008904                bn::hdma_manager::force_stop()
 .text._ZN2bn12hdma_manager7disableEv
                0x08008960       0x48 bn_hdma_manager.o
                0x08008960                bn::hdma_manager::disable()
 .text._ZN2bn12hdma_manager6updateEv
                0x080089a8       0x6c bn_hdma_manager.o
                0x080089a8                bn::hdma_manager::update()
 .text._ZN2bn12hdma_manager24commit_interrupt_handlerEv
                0x08008a14       0x20 bn_hdma_manager.o
                0x08008a14                bn::hdma_manager::commit_interrupt_handler()
 .text._ZN2bn12hdma_manager14commit_entriesEb
                0x08008a34      0x168 bn_hdma_manager.o
                0x08008a34                bn::hdma_manager::commit_entries(bool)
 .text.startup._GLOBAL__sub_I__ZN2bn4hdma7runningEv
                0x08008b9c       0x3c bn_hdma_manager.o
 .text._ZN2bn6keypad9a_pressedEv
                0x08008bd8       0x10 bn_keypad_manager.o
                0x08008bd8                bn::keypad::a_pressed()
 .text._ZN2bn6keypad14select_pressedEv
                0x08008be8       0x10 bn_keypad_manager.o
                0x08008be8                bn::keypad::select_pressed()
 .text._ZN2bn6keypad13start_pressedEv
                0x08008bf8       0x10 bn_keypad_manager.o
                0x08008bf8                bn::keypad::start_pressed()
 .text._ZN2bn6keypad10right_heldEv
                0x08008c08       0x10 bn_keypad_manager.o
                0x08008c08                bn::keypad::right_held()
 .text._ZN2bn6keypad9left_heldEv
                0x08008c18       0x10 bn_keypad_manager.o
                0x08008c18                bn::keypad::left_held()
 .text._ZN2bn6keypad7up_heldEv
                0x08008c28       0x10 bn_keypad_manager.o
                0x08008c28                bn::keypad::up_held()
 .text._ZN2bn6keypad9down_heldEv
                0x08008c38        0xc bn_keypad_manager.o
                0x08008c38                bn::keypad::down_held()
 .text._ZN2bn14keypad_manager4stopEv
                0x08008c44        0x4 bn_keypad_manager.o
                0x08008c44                bn::keypad_manager::stop()
 .text._ZN2bn14keypad_manager6updateEv
                0x08008c48       0xb8 bn_keypad_manager.o
                0x08008c48                bn::keypad_manager::update()
 .text._ZN2bn14keypad_manager4initERKNS_11string_viewE
                0x08008d00       0x64 bn_keypad_manager.o
                0x08008d00                bn::keypad_manager::init(bn::string_view const&)
 .text._ZN2bn12link_manager4initEv
                0x08008d64        0xc bn_link_manager.o
                0x08008d64                bn::link_manager::init()
 .text._ZN2bn12link_manager6activeEv
                0x08008d70        0xc bn_link_manager.o
                0x08008d70                bn::link_manager::active()
 .text._ZN2bn12link_manager7disableEv
                0x08008d7c       0x18 bn_link_manager.o
                0x08008d7c                bn::link_manager::disable()
 .text._ZN2bn12link_manager6commitEv
                0x08008d94       0x18 bn_link_manager.o
                0x08008d94                bn::link_manager::commit()
 .text._ZN2bn14memory_manager12_GLOBAL__N_111static_dataD2Ev
                0x08008dac       0x10 bn_memory_manager.o
 .text._ZN2bn14memory_manager4initEv
                0x08008dbc       0x2c bn_memory_manager.o
                0x08008dbc                bn::memory_manager::init()
 .text.startup._GLOBAL__sub_I__Znwj
                0x08008de8       0x20 bn_memory_manager.o
 .text._ZN2bn2hw8palettes9grayscaleEPKNS_5colorEiiPS2_.part.0
                0x08008e08       0x40 bn_palettes_manager.o
 .text._ZN2bn11bg_palettes21set_transparent_colorENS_5colorE
                0x08008e48       0x40 bn_palettes_manager.o
                0x08008e48                bn::bg_palettes::set_transparent_color(bn::color)
 .text._ZNK2bn14bg_palette_ptr3bppEv
                0x08008e88       0x20 bn_palettes_manager.o
                0x08008e88                bn::bg_palette_ptr::bpp() const
 .text._ZN2bn18sprite_palette_ptrC2ERKS0_
                0x08008ea8       0x1c bn_palettes_manager.o
                0x08008ea8                bn::sprite_palette_ptr::sprite_palette_ptr(bn::sprite_palette_ptr const&)
                0x08008ea8                bn::sprite_palette_ptr::sprite_palette_ptr(bn::sprite_palette_ptr const&)
 .text._ZNK2bn18sprite_palette_ptr3bppEv
                0x08008ec4       0x1c bn_palettes_manager.o
                0x08008ec4                bn::sprite_palette_ptr::bpp() const
 .text._ZNK2bn13palettes_bank10log_statusEv
                0x08008ee0      0x178 bn_palettes_manager.o
                0x08008ee0                bn::palettes_bank::log_status() const
 .text._ZN2bn13palettes_bank10find_bpp_4ERKNS_4spanIKNS_5colorEEEt
                0x08009058      0x118 bn_palettes_manager.o
                0x08009058                bn::palettes_bank::find_bpp_4(bn::span<bn::color const> const&, unsigned short)
 .text._ZNK2bn13palettes_bank20retrieve_commit_dataEv
                0x08009170       0x4c bn_palettes_manager.o
                0x08009170                bn::palettes_bank::retrieve_commit_data() const
 .text._ZNK2bn13palettes_bank21_apply_global_effectsEiPNS_5colorE
                0x080091bc      0x128 bn_palettes_manager.o
                0x080091bc                bn::palettes_bank::_apply_global_effects(int, bn::color*) const
 .text._ZNK2bn13palettes_bank25fill_hblank_effect_colorsEPKNS_5colorEPt
                0x080092e4       0x30 bn_palettes_manager.o
                0x080092e4                bn::palettes_bank::fill_hblank_effect_colors(bn::color const*, unsigned short*) const
 .text._ZNK2bn13palettes_bank7palette13apply_effectsEiPNS_5colorE
                0x08009314       0xb0 bn_palettes_manager.o
                0x08009314                bn::palettes_bank::palette::apply_effects(int, bn::color*) const
 .text._ZNK2bn13palettes_bank25fill_hblank_effect_colorsEiPKNS_5colorEPt
                0x080093c4       0x44 bn_palettes_manager.o
                0x080093c4                bn::palettes_bank::fill_hblank_effect_colors(int, bn::color const*, unsigned short*) const
 .text._ZN2bn13palettes_bank15_update_paletteEi
                0x08009408       0x70 bn_palettes_manager.o
                0x08009408                bn::palettes_bank::_update_palette(int)
 .text._ZN2bn13palettes_bank6updateEv
                0x08009478      0x134 bn_palettes_manager.o
                0x08009478                bn::palettes_bank::update()
 .text._ZN2bn13palettes_bankC2Ev
                0x080095ac       0xd4 bn_palettes_manager.o
                0x080095ac                bn::palettes_bank::palettes_bank()
                0x080095ac                bn::palettes_bank::palettes_bank()
 .text._ZN2bn16palettes_manager4initERKNS_8optionalINS_5colorEEE
                0x08009680      0x184 bn_palettes_manager.o
                0x08009680                bn::palettes_manager::init(bn::optional<bn::color> const&)
 .text._ZN2bn16palettes_manager20sprite_palettes_bankEv
                0x08009804        0x8 bn_palettes_manager.o
                0x08009804                bn::palettes_manager::sprite_palettes_bank()
 .text._ZN2bn16palettes_manager16bg_palettes_bankEv
                0x0800980c        0x8 bn_palettes_manager.o
                0x0800980c                bn::palettes_manager::bg_palettes_bank()
 .text._ZN2bn16palettes_manager6updateEv
                0x08009814       0x20 bn_palettes_manager.o
                0x08009814                bn::palettes_manager::update()
 .text._ZN2bn16palettes_manager6commitEb
                0x08009834       0xf8 bn_palettes_manager.o
                0x08009834                bn::palettes_manager::commit(bool)
 .text._ZN2bn16palettes_manager4stopEv
                0x0800992c       0x20 bn_palettes_manager.o
                0x0800992c                bn::palettes_manager::stop()
 .text._ZN3_bn6assert9show_argsIA35_cEEvPKcS4_S4_iRKT_
                0x0800994c       0x48 bn_palettes_manager.o
                0x0800994c                void _bn::assert::show_args<char [35]>(char const*, char const*, char const*, int, char const (&) [35])
 .text._ZN2bn13palettes_bank11colors_hashERKNS_4spanIKNS_5colorEEE
                0x08009994       0x48 bn_palettes_manager.o
                0x08009994                bn::palettes_bank::colors_hash(bn::span<bn::color const> const&)
 .text._ZN3_bn6assert9show_argsIJA43_ciA38_cA42_cEEEvPKcS6_S6_iDpRKT_
                0x080099dc       0x64 bn_palettes_manager.o
                0x080099dc                void _bn::assert::show_args<char [43], int, char [38], char [42]>(char const*, char const*, char const*, int, char const (&) [43], int const&, char const (&) [38], char const (&) [42])
 .text._ZN2bn13palettes_bank12create_bpp_8ERKNS_4spanIKNS_5colorEEENS_16compression_typeEb
                0x08009a40      0x230 bn_palettes_manager.o
                0x08009a40                bn::palettes_bank::create_bpp_8(bn::span<bn::color const> const&, bn::compression_type, bool)
 .text._ZNK2bn19sprite_palette_item10decompressENS_4spanINS_5colorEEE
                0x08009c70      0x168 bn_palettes_manager.o
                0x08009c70                bn::sprite_palette_item::decompress(bn::span<bn::color>) const
 .text._ZN2bn14iunordered_mapItsNS_15identity_hasherENS_8equal_toItEEE21insert_or_assign_hashEjOSt4pairIKtsE.isra.0
                0x08009dd8      0x108 bn_palettes_manager.o
 .text._ZN2bn13palettes_bank12create_bpp_4ERKNS_4spanIKNS_5colorEEEtb
                0x08009ee0      0x168 bn_palettes_manager.o
                0x08009ee0                bn::palettes_bank::create_bpp_4(bn::span<bn::color const> const&, unsigned short, bool)
 .text._ZN2bn12_GLOBAL__N_1L12_create_implERKNS_19sprite_palette_itemEb
                0x0800a048       0x88 bn_palettes_manager.o
 .text._ZN2bn18sprite_palette_ptr6createERKNS_19sprite_palette_itemE
                0x0800a0d0       0x48 bn_palettes_manager.o
                0x0800a0d0                bn::sprite_palette_ptr::create(bn::sprite_palette_item const&)
 .text._ZN2bn13palettes_bank30_erase_bpp_4_indexes_map_indexEt
                0x0800a118      0x1c4 bn_palettes_manager.o
                0x0800a118                bn::palettes_bank::_erase_bpp_4_indexes_map_index(unsigned short)
 .text._ZN2bn13palettes_bank15decrease_usagesEi
                0x0800a2dc       0x80 bn_palettes_manager.o
                0x0800a2dc                bn::palettes_bank::decrease_usages(int)
 .text._ZN2bn14bg_palette_ptrD2Ev
                0x0800a35c       0x20 bn_palettes_manager.o
                0x0800a35c                bn::bg_palette_ptr::~bg_palette_ptr()
                0x0800a35c                bn::bg_palette_ptr::~bg_palette_ptr()
 .text._ZN2bn18sprite_palette_ptrD2Ev
                0x0800a37c       0x20 bn_palettes_manager.o
                0x0800a37c                bn::sprite_palette_ptr::~sprite_palette_ptr()
                0x0800a37c                bn::sprite_palette_ptr::~sprite_palette_ptr()
 .text.startup._GLOBAL__sub_I__ZN2bn11bg_palettes17used_colors_countEv
                0x0800a39c       0x20 bn_palettes_manager.o
 .text._ZN2bn26sprite_affine_mats_manager12_GLOBAL__N_1L19_sprite_double_sizeILi32ELi16EEEbiiiii
                0x0800a3bc       0x80 bn_sprite_affine_mats_manager.o
 .text._ZN2bn26sprite_affine_mats_manager12_GLOBAL__N_1L19_sprite_double_sizeILi16ELi32EEEbiiiii
                0x0800a43c       0x80 bn_sprite_affine_mats_manager.o
 .text._ZN2bn26sprite_affine_mats_manager12_GLOBAL__N_111static_dataD2Ev
                0x0800a4bc       0x38 bn_sprite_affine_mats_manager.o
 .text._ZNK2bn26sprite_affine_mats_manager12_GLOBAL__N_19item_type18sprite_double_sizeEiRKNS_17sprite_shape_sizeE.isra.0
                0x0800a4f4      0x1b4 bn_sprite_affine_mats_manager.o
 .text._ZNK2bn21sprite_affine_mat_ptr15horizontal_flipEv
                0x0800a6a8       0x18 bn_sprite_affine_mats_manager.o
                0x0800a6a8                bn::sprite_affine_mat_ptr::horizontal_flip() const
 .text._ZNK2bn21sprite_affine_mat_ptr13vertical_flipEv
                0x0800a6c0       0x18 bn_sprite_affine_mats_manager.o
                0x0800a6c0                bn::sprite_affine_mat_ptr::vertical_flip() const
 .text._ZNK2bn21sprite_affine_mat_ptr16flipped_identityEv
                0x0800a6d8       0x14 bn_sprite_affine_mats_manager.o
                0x0800a6d8                bn::sprite_affine_mat_ptr::flipped_identity() const
 .text._ZN2bn26sprite_affine_mats_manager13attach_spriteEiRNS_24intrusive_list_node_typeE
                0x0800a6ec       0x2c bn_sprite_affine_mats_manager.o
                0x0800a6ec                bn::sprite_affine_mats_manager::attach_sprite(int, bn::intrusive_list_node_type&)
 .text._ZN2bn26sprite_affine_mats_manager18sprite_double_sizeEiRKNS_17sprite_shape_sizeE
                0x0800a718       0x54 bn_sprite_affine_mats_manager.o
                0x0800a718                bn::sprite_affine_mats_manager::sprite_double_size(int, bn::sprite_shape_size const&)
 .text._ZN2bn26sprite_affine_mats_manager20retrieve_commit_dataEv
                0x0800a76c       0x3c bn_sprite_affine_mats_manager.o
                0x0800a76c                bn::sprite_affine_mats_manager::retrieve_commit_data()
 .text._ZN3_bn6assert9show_argsIA37_cEEvPKcS4_S4_iRKT_
                0x0800a7a8       0x48 bn_sprite_affine_mats_manager.o
                0x0800a7a8                void _bn::assert::show_args<char [37]>(char const*, char const*, char const*, int, char const (&) [37])
 .text._ZN3_bn6assert9show_argsIA16_cEEvPKcS4_S4_iRKT_
                0x0800a7f0       0x48 bn_sprite_affine_mats_manager.o
                0x0800a7f0                void _bn::assert::show_args<char [16]>(char const*, char const*, char const*, int, char const (&) [16])
 .text._ZN2bn26sprite_affine_mats_manager15decrease_usagesEi.part.0
                0x0800a838       0x70 bn_sprite_affine_mats_manager.o
 .text._ZN2bn21sprite_affine_mat_ptrD2Ev
                0x0800a8a8       0x34 bn_sprite_affine_mats_manager.o
                0x0800a8a8                bn::sprite_affine_mat_ptr::~sprite_affine_mat_ptr()
                0x0800a8a8                bn::sprite_affine_mat_ptr::~sprite_affine_mat_ptr()
 .text._ZN2bn26sprite_affine_mats_manager6updateEv
                0x0800a8dc      0x2a4 bn_sprite_affine_mats_manager.o
                0x0800a8dc                bn::sprite_affine_mats_manager::update()
 .text._ZN2bn26sprite_affine_mats_manager4initEPv
                0x0800ab80      0x100 bn_sprite_affine_mats_manager.o
                0x0800ab80                bn::sprite_affine_mats_manager::init(void*)
 .text._ZN2bn26sprite_affine_mats_manager14dettach_spriteEiRNS_24intrusive_list_node_typeE
                0x0800ac80       0x4c bn_sprite_affine_mats_manager.o
                0x0800ac80                bn::sprite_affine_mats_manager::dettach_sprite(int, bn::intrusive_list_node_type&)
 .text.startup._GLOBAL__sub_I__ZN2bn18sprite_affine_mats10used_countEv
                0x0800accc       0xb8 bn_sprite_affine_mats_manager.o
 .text._ZN2bn12_GLOBAL__N_1L14_setup_builderERKNS_21sprite_text_generatorERNS_14sprite_builderE
                0x0800ad84       0x68 bn_sprite_text_generator.o
 .text._ZN2bn21sprite_text_generator5_initEv
                0x0800adec      0x1b4 bn_sprite_text_generator.o
                0x0800adec                bn::sprite_text_generator::_init()
 .text._ZN2bn21sprite_text_generatorC2ERKNS_11sprite_fontE
                0x0800afa0       0x38 bn_sprite_text_generator.o
                0x0800afa0                bn::sprite_text_generator::sprite_text_generator(bn::sprite_font const&)
                0x0800afa0                bn::sprite_text_generator::sprite_text_generator(bn::sprite_font const&)
 .text._ZN3_bn6assert9show_argsIA54_cEEvPKcS4_S4_iRKT_
                0x0800afd8       0x48 bn_sprite_text_generator.o
                0x0800afd8                void _bn::assert::show_args<char [54]>(char const*, char const*, char const*, int, char const (&) [54])
 .text._ZN3_bn6assert9show_argsIJA25_ciA4_ctEEEvPKcS5_S5_iDpRKT_
                0x0800b020       0x64 bn_sprite_text_generator.o
                0x0800b020                void _bn::assert::show_args<char [25], int, char [4], unsigned short>(char const*, char const*, char const*, int, char const (&) [25], int const&, char const (&) [4], unsigned short const&)
 .text._ZN2bn14utf8_characterC2ERKc
                0x0800b084      0x140 bn_sprite_text_generator.o
                0x0800b084                bn::utf8_character::utf8_character(char const&)
                0x0800b084                bn::utf8_character::utf8_character(char const&)
 .text._ZN2bn12_GLOBAL__N_1L15_graphics_indexEcRKNS_23utf8_characters_map_refEPKcRi.part.0
                0x0800b1c4       0x8c bn_sprite_text_generator.o
 .text._ZN2bn21sprite_text_generator15set_bg_priorityEi
                0x0800b250       0x3c bn_sprite_text_generator.o
                0x0800b250                bn::sprite_text_generator::set_bg_priority(int)
 .text._ZN3_bn6assert9show_argsIJA20_ccA9_cN2bn11string_viewEA2_cEEEvPKcS8_S8_iDpRKT_
                0x0800b28c       0x6c bn_sprite_text_generator.o
                0x0800b28c                void _bn::assert::show_args<char [20], char, char [9], bn::string_view, char [2]>(char const*, char const*, char const*, int, char const (&) [20], char const&, char const (&) [9], bn::string_view const&, char const (&) [2])
 .text._ZNK2bn21sprite_text_generator5widthERKNS_11string_viewE
                0x0800b2f8      0x238 bn_sprite_text_generator.o
                0x0800b2f8                bn::sprite_text_generator::width(bn::string_view const&) const
 .text._ZN3_bn6assert9show_argsIA55_cEEvPKcS4_S4_iRKT_
                0x0800b530       0x48 bn_sprite_text_generator.o
                0x0800b530                void _bn::assert::show_args<char [55]>(char const*, char const*, char const*, int, char const (&) [55])
 .text._ZN2bn12_GLOBAL__N_1L20_build_sprite_assertILNS_11sprite_sizeE2EEEPNS_4tileERKNS_21sprite_text_generatorERKNS_18sprite_palette_ptrERKNS_13fixed_point_tILi12EEERNS_7ivectorINS_10sprite_ptrEEE
                0x0800b578      0x198 bn_sprite_text_generator.o
 .text._ZN2bn12_GLOBAL__N_1L20_build_sprite_assertILNS_11sprite_sizeE1EEEPNS_4tileERKNS_21sprite_text_generatorERKNS_18sprite_palette_ptrERKNS_13fixed_point_tILi12EEERNS_7ivectorINS_10sprite_ptrEEE
                0x0800b710      0x198 bn_sprite_text_generator.o
 .text._ZN2bn12_GLOBAL__N_1L9_generateILb0EEEbRKNS_21sprite_text_generatorERKNS_13fixed_point_tILi12EEERKNS_11string_viewERKNS_23utf8_characters_map_refEiibRNS_7ivectorINS_10sprite_ptrEEE.isra.0
                0x0800b8a8     0x1164 bn_sprite_text_generator.o
 .text._ZNK2bn21sprite_text_generator8generateENS_7fixed_tILi12EEES2_RKNS_11string_viewERNS_7ivectorINS_10sprite_ptrEEE
                0x0800ca0c       0x40 bn_sprite_text_generator.o
                0x0800ca0c                bn::sprite_text_generator::generate(bn::fixed_t<12>, bn::fixed_t<12>, bn::string_view const&, bn::ivector<bn::sprite_ptr>&) const
 .text._ZNK2bn16sprite_tiles_ptr2idEv
                0x0800ca4c       0x18 bn_sprite_tiles_manager.o
                0x0800ca4c                bn::sprite_tiles_ptr::id() const
 .text._ZNK2bn16sprite_tiles_ptr11tiles_countEv
                0x0800ca64       0x18 bn_sprite_tiles_manager.o
                0x0800ca64                bn::sprite_tiles_ptr::tiles_count() const
 .text._ZN2bn20sprite_tiles_manager10log_statusEv
                0x0800ca7c      0x1ec bn_sprite_tiles_manager.o
                0x0800ca7c                bn::sprite_tiles_manager::log_status()
 .text._ZN2bn20sprite_tiles_manager19commit_uncompressedEb
                0x0800cc68       0xc4 bn_sprite_tiles_manager.o
                0x0800cc68                bn::sprite_tiles_manager::commit_uncompressed(bool)
 .text._ZN3_bn6assert9show_argsIA27_chEEvPKcS4_S4_iRKT_RKT0_
                0x0800cd2c       0x54 bn_sprite_tiles_manager.o
                0x0800cd2c                void _bn::assert::show_args<char [27], unsigned char>(char const*, char const*, char const*, int, char const (&) [27], unsigned char const&)
 .text._ZN3_bn6assert9show_argsIJA44_cPKN2bn4tileEA4_cS6_EEEvPKcS9_S9_iDpRKT_
                0x0800cd80       0x64 bn_sprite_tiles_manager.o
                0x0800cd80                void _bn::assert::show_args<char [44], bn::tile const*, char [4], bn::tile const*>(char const*, char const*, char const*, int, char const (&) [44], bn::tile const* const&, char const (&) [4], bn::tile const* const&)
 .text._ZN3_bn6assert9show_argsIJA46_ciA4_cjEEEvPKcS5_S5_iDpRKT_
                0x0800cde4       0x64 bn_sprite_tiles_manager.o
                0x0800cde4                void _bn::assert::show_args<char [46], int, char [4], unsigned int>(char const*, char const*, char const*, int, char const (&) [46], int const&, char const (&) [4], unsigned int const&)
 .text._ZN2bn20sprite_tiles_manager12_GLOBAL__N_1L10_hw_commitEPKNS_4tileENS_16compression_typeEii
                0x0800ce48       0x8c bn_sprite_tiles_manager.o
 .text._ZN2bn20sprite_tiles_manager17commit_compressedEv
                0x0800ced4       0x5c bn_sprite_tiles_manager.o
                0x0800ced4                bn::sprite_tiles_manager::commit_compressed()
 .text._ZN3_bn6assert9show_argsIJA28_cA15_cPKN2bn4tileEA16_ciA34_cNS4_11string_viewEEEEvPKcSC_SC_iDpRKT_
                0x0800cf30       0x7c bn_sprite_tiles_manager.o
                0x0800cf30                void _bn::assert::show_args<char [28], char [15], bn::tile const*, char [16], int, char [34], bn::string_view>(char const*, char const*, char const*, int, char const (&) [28], char const (&) [15], bn::tile const* const&, char const (&) [16], int const&, char const (&) [34], bn::string_view const&)
 .text._ZN3_bn6assert9show_argsIJA44_ciA34_cN2bn11string_viewEEEEvPKcS7_S7_iDpRKT_
                0x0800cfac       0x64 bn_sprite_tiles_manager.o
                0x0800cfac                void _bn::assert::show_args<char [44], int, char [34], bn::string_view>(char const*, char const*, char const*, int, char const (&) [44], int const&, char const (&) [34], bn::string_view const&)
 .text._ZN2bn20sprite_tiles_manager4initEv
                0x0800d010      0x188 bn_sprite_tiles_manager.o
                0x0800d010                bn::sprite_tiles_manager::init()
 .text._ZN2bn20sprite_tiles_manager12_GLOBAL__N_1L22_insert_to_commit_itemEiRNS1_9item_typeE.part.0
                0x0800d198       0x64 bn_sprite_tiles_manager.o
 .text._ZN2bn20sprite_tiles_manager12_GLOBAL__N_1L17_insert_free_itemEiPt
                0x0800d1fc       0xcc bn_sprite_tiles_manager.o
 .text._ZN2bn20sprite_tiles_manager12_GLOBAL__N_1L16_erase_free_itemEi
                0x0800d2c8       0xe8 bn_sprite_tiles_manager.o
 .text._ZN2bn20sprite_tiles_manager12_GLOBAL__N_1L21_erase_to_commit_itemEiRNS1_9item_typeE.part.0
                0x0800d3b0       0xac bn_sprite_tiles_manager.o
 .text._ZN2bn20sprite_tiles_manager15decrease_usagesEi
                0x0800d45c      0x138 bn_sprite_tiles_manager.o
                0x0800d45c                bn::sprite_tiles_manager::decrease_usages(int)
 .text._ZN2bn16sprite_tiles_ptrD2Ev
                0x0800d594       0x18 bn_sprite_tiles_manager.o
                0x0800d594                bn::sprite_tiles_ptr::~sprite_tiles_ptr()
                0x0800d594                bn::sprite_tiles_ptr::~sprite_tiles_ptr()
 .text._ZN2bn20sprite_tiles_manager12_GLOBAL__N_1L10_find_implEPKNS_4tileENS_16compression_typeEi
                0x0800d5ac      0x288 bn_sprite_tiles_manager.o
 .text._ZN2bn20sprite_tiles_manager4vramEi
                0x0800d834       0x3c bn_sprite_tiles_manager.o
                0x0800d834                bn::sprite_tiles_manager::vram(int)
 .text._ZN2bn16sprite_tiles_ptr4vramEv
                0x0800d870       0x14 bn_sprite_tiles_manager.o
                0x0800d870                bn::sprite_tiles_ptr::vram()
 .text._ZN2bn20sprite_tiles_manager12_GLOBAL__N_1L21_erase_items_map_itemEPKNS_4tileE
                0x0800d884      0x1fc bn_sprite_tiles_manager.o
 .text._ZN2bn20sprite_tiles_manager12_GLOBAL__N_1L12_create_itemEiPKNS_4tileENS_16compression_typeEib
                0x0800da80      0x1cc bn_sprite_tiles_manager.o
 .text._ZN2bn20sprite_tiles_manager12_GLOBAL__N_1L14_allocate_implEi
                0x0800dc4c      0x100 bn_sprite_tiles_manager.o
 .text._ZN2bn20sprite_tiles_manager8allocateEiNS_8bpp_modeE
                0x0800dd4c       0xc0 bn_sprite_tiles_manager.o
                0x0800dd4c                bn::sprite_tiles_manager::allocate(int, bn::bpp_mode)
 .text._ZN2bn16sprite_tiles_ptr8allocateEiNS_8bpp_modeE
                0x0800de0c       0x18 bn_sprite_tiles_manager.o
                0x0800de0c                bn::sprite_tiles_ptr::allocate(int, bn::bpp_mode)
 .text._ZN2bn20sprite_tiles_manager6updateEv
                0x0800de24      0x1a8 bn_sprite_tiles_manager.o
                0x0800de24                bn::sprite_tiles_manager::update()
 .text._ZN2bn20sprite_tiles_manager12_GLOBAL__N_1L12_create_implEPKNS_4tileENS_16compression_typeEi
                0x0800dfcc      0x208 bn_sprite_tiles_manager.o
 .text._ZN2bn20sprite_tiles_manager12_GLOBAL__N_1L22_insert_items_map_itemEPKNS_4tileEi
                0x0800e1d4       0xc0 bn_sprite_tiles_manager.o
 .text._ZN2bn20sprite_tiles_manager6createERKNS_4spanIKNS_4tileEEENS_16compression_typeE
                0x0800e294       0x94 bn_sprite_tiles_manager.o
                0x0800e294                bn::sprite_tiles_manager::create(bn::span<bn::tile const> const&, bn::compression_type)
 .text._ZN2bn16sprite_tiles_ptr6createERKNS_17sprite_tiles_itemE
                0x0800e328       0x84 bn_sprite_tiles_manager.o
                0x0800e328                bn::sprite_tiles_ptr::create(bn::sprite_tiles_item const&)
 .text._ZN2bn16sprite_tiles_ptr6createERKNS_17sprite_tiles_itemEi
                0x0800e3ac       0xc0 bn_sprite_tiles_manager.o
                0x0800e3ac                bn::sprite_tiles_ptr::create(bn::sprite_tiles_item const&, int)
 .text.startup._GLOBAL__sub_I__ZN2bn12sprite_tiles16used_tiles_countEv
                0x0800e46c      0x124 bn_sprite_tiles_manager.o
 .text._ZN2bn15sprites_manager12_GLOBAL__N_1L32_always_update_indexes_to_commitERKNS_20sprites_manager_itemE
                0x0800e590       0x4c bn_sprites_manager.o
 .text._ZN2bn15sprites_manager12_GLOBAL__N_111static_dataD2Ev
                0x0800e5dc       0x44 bn_sprites_manager.o
 .text._ZN2bn13ostringstream11append_argsIiJA4_ciEEEvRKT_DpRKT0_.isra.0
                0x0800e620       0x24 bn_sprites_manager.o
 .text._ZN2bn15sprites_manager12_GLOBAL__N_1L23_update_item_dimensionsERNS_20sprites_manager_itemE
                0x0800e644       0xc0 bn_sprites_manager.o
 .text._ZN2bn10sprite_ptrC2ERKS0_
                0x0800e704        0xc bn_sprites_manager.o
                0x0800e704                bn::sprite_ptr::sprite_ptr(bn::sprite_ptr const&)
                0x0800e704                bn::sprite_ptr::sprite_ptr(bn::sprite_ptr const&)
 .text._ZNK2bn10sprite_ptr1xEv
                0x0800e710        0x8 bn_sprites_manager.o
                0x0800e710                bn::sprite_ptr::x() const
 .text._ZNK2bn10sprite_ptr8positionEv
                0x0800e718        0x8 bn_sprites_manager.o
                0x0800e718                bn::sprite_ptr::position() const
 .text._ZN2bn10sprite_ptr12set_positionERKNS_13fixed_point_tILi12EEE
                0x0800e720       0x80 bn_sprites_manager.o
                0x0800e720                bn::sprite_ptr::set_position(bn::fixed_point_t<12> const&)
 .text._ZN2bn10sprite_ptr11set_visibleEb
                0x0800e7a0       0x6c bn_sprites_manager.o
                0x0800e7a0                bn::sprite_ptr::set_visible(bool)
 .text._ZN2bn15sprites_manager4initEv
                0x0800e80c       0xcc bn_sprites_manager.o
                0x0800e80c                bn::sprites_manager::init()
 .text._ZN2bn15sprites_manager5hw_idEPv
                0x0800e8d8        0x8 bn_sprites_manager.o
                0x0800e8d8                bn::sprites_manager::hw_id(void*)
 .text._ZN2bn15sprites_manager5shapeEPv
                0x0800e8e0        0x8 bn_sprites_manager.o
                0x0800e8e0                bn::sprites_manager::shape(void*)
 .text._ZN2bn15sprites_manager4sizeEPv
                0x0800e8e8        0x8 bn_sprites_manager.o
                0x0800e8e8                bn::sprites_manager::size(void*)
 .text._ZN2bn15sprites_manager10shape_sizeEPv
                0x0800e8f0       0x14 bn_sprites_manager.o
                0x0800e8f0                bn::sprites_manager::shape_size(void*)
 .text._ZN2bn15sprites_manager11hw_positionEPv
                0x0800e904        0x4 bn_sprites_manager.o
                0x0800e904                bn::sprites_manager::hw_position(void*)
 .text._ZN2bn15sprites_manager9view_modeEPv
                0x0800e908        0xc bn_sprites_manager.o
                0x0800e908                bn::sprites_manager::view_mode(void*)
 .text._ZN2bn15sprites_manager10affine_matEPv
                0x0800e914        0x4 bn_sprites_manager.o
                0x0800e914                bn::sprites_manager::affine_mat(void*)
 .text._ZN2bn15sprites_manager39fill_hblank_effect_horizontal_positionsEPviPKNS_7fixed_tILi12EEEPt
                0x0800e918       0x4c bn_sprites_manager.o
                0x0800e918                bn::sprites_manager::fill_hblank_effect_horizontal_positions(void*, int, bn::fixed_t<12> const*, unsigned short*)
 .text._ZN2bn15sprites_manager37fill_hblank_effect_vertical_positionsEPviPKNS_7fixed_tILi12EEEPt
                0x0800e964       0x4c bn_sprites_manager.o
                0x0800e964                bn::sprites_manager::fill_hblank_effect_vertical_positions(void*, int, bn::fixed_t<12> const*, unsigned short*)
 .text._ZN2bn15sprites_manager35fill_hblank_effect_first_attributesEiNS_12sprite_shapeENS_8bpp_modeEiPKNS_23sprite_first_attributesEPt
                0x0800e9b0       0xd4 bn_sprites_manager.o
                0x0800e9b0                bn::sprites_manager::fill_hblank_effect_first_attributes(int, bn::sprite_shape, bn::bpp_mode, int, bn::sprite_first_attributes const*, unsigned short*)
 .text._ZN2bn15sprites_manager44fill_hblank_effect_regular_second_attributesEPviNS_11sprite_sizeEPKNS_32sprite_regular_second_attributesEPt
                0x0800ea84       0x60 bn_sprites_manager.o
                0x0800ea84                bn::sprites_manager::fill_hblank_effect_regular_second_attributes(void*, int, bn::sprite_size, bn::sprite_regular_second_attributes const*, unsigned short*)
 .text._ZN2bn15sprites_manager43fill_hblank_effect_affine_second_attributesEPviNS_11sprite_sizeEPKNS_31sprite_affine_second_attributesEPt
                0x0800eae4       0x58 bn_sprites_manager.o
                0x0800eae4                bn::sprites_manager::fill_hblank_effect_affine_second_attributes(void*, int, bn::sprite_size, bn::sprite_affine_second_attributes const*, unsigned short*)
 .text._ZN2bn15sprites_manager14update_camerasEv
                0x0800eb3c       0x20 bn_sprites_manager.o
                0x0800eb3c                bn::sprites_manager::update_cameras()
 .text._ZN2bn15sprites_manager23update_auto_double_sizeEPv
                0x0800eb5c       0x2c bn_sprites_manager.o
                0x0800eb5c                bn::sprites_manager::update_auto_double_size(void*)
 .text._ZN2bn15sprites_manager6commitEb
                0x0800eb88       0xa4 bn_sprites_manager.o
                0x0800eb88                bn::sprites_manager::commit(bool)
 .text._ZN2bn14sprite_builder20set_blending_enabledEb
                0x0800ec2c       0x3c bn_sprites_manager.o
                0x0800ec2c                bn::sprite_builder::set_blending_enabled(bool)
 .text._ZNK2bn17sprite_shape_size6heightEv.isra.0
                0x0800ec68       0xd0 bn_sprites_manager.o
 .text._ZNK2bn17sprite_shape_size5widthEv.isra.0
                0x0800ed38       0xcc bn_sprites_manager.o
 .text._ZN2bn15sprites_manager12_GLOBAL__N_1L18_remove_affine_matERNS_20sprites_manager_itemE
                0x0800ee04       0xe4 bn_sprites_manager.o
 .text._ZN2bn15sprites_manager42remove_identity_affine_mat_when_not_neededEPv
                0x0800eee8        0xc bn_sprites_manager.o
                0x0800eee8                bn::sprites_manager::remove_identity_affine_mat_when_not_needed(void*)
 .text._ZN2bn14sprite_builder15release_paletteEv
                0x0800eef4       0x6c bn_sprites_manager.o
                0x0800eef4                bn::sprite_builder::release_palette()
 .text._ZN2bn14sprite_builder13release_tilesEv
                0x0800ef60       0x6c bn_sprites_manager.o
                0x0800ef60                bn::sprite_builder::release_tiles()
 .text._ZN2bn15sprites_manager7paletteEPv
                0x0800efcc       0x34 bn_sprites_manager.o
                0x0800efcc                bn::sprites_manager::palette(void*)
 .text._ZN2bn20sprites_manager_item13_builder_initERKNS_14sprite_builderE
                0x0800f000      0x34c bn_sprites_manager.o
                0x0800f000                bn::sprites_manager_item::_builder_init(bn::sprite_builder const&)
 .text._ZN2bn14sprite_builder11set_z_orderEi
                0x0800f34c       0x48 bn_sprites_manager.o
                0x0800f34c                bn::sprite_builder::set_z_order(int)
 .text._ZN2bn14sprite_builderC2ERKNS_17sprite_shape_sizeENS_16sprite_tiles_ptrENS_18sprite_palette_ptrE
                0x0800f394      0x288 bn_sprites_manager.o
                0x0800f394                bn::sprite_builder::sprite_builder(bn::sprite_shape_size const&, bn::sprite_tiles_ptr, bn::sprite_palette_ptr)
                0x0800f394                bn::sprite_builder::sprite_builder(bn::sprite_shape_size const&, bn::sprite_tiles_ptr, bn::sprite_palette_ptr)
 .text._ZN2bn14sprite_builder15set_bg_priorityEi
                0x0800f61c       0x38 bn_sprites_manager.o
                0x0800f61c                bn::sprite_builder::set_bg_priority(int)
 .text._ZN2bn15sprites_manager6updateEv
                0x0800f654      0x140 bn_sprites_manager.o
                0x0800f654                bn::sprites_manager::update()
 .text._ZN3_bn6assert9show_argsIJA27_ciA4_ciEEEvPKcS5_S5_iDpRKT_
                0x0800f794       0x58 bn_sprites_manager.o
                0x0800f794                void _bn::assert::show_args<char [27], int, char [4], int>(char const*, char const*, char const*, int, char const (&) [27], int const&, char const (&) [4], int const&)
 .text._ZN2bn15sprites_manager35fill_hblank_effect_third_attributesENS_17sprite_shape_sizeEPKNS_23sprite_third_attributesEPt
                0x0800f7ec      0x2f0 bn_sprites_manager.o
                0x0800f7ec                bn::sprites_manager::fill_hblank_effect_third_attributes(bn::sprite_shape_size, bn::sprite_third_attributes const*, unsigned short*)
 .text._ZN2bn14sorted_sprites6sorter6insertERNS_20sprites_manager_itemE
                0x0800fadc      0x170 bn_sprites_manager.o
                0x0800fadc                bn::sorted_sprites::sorter::insert(bn::sprites_manager_item&)
 .text._ZN2bn15sprites_manager6createERKNS_13fixed_point_tILi12EEERKNS_17sprite_shape_sizeEONS_16sprite_tiles_ptrEONS_18sprite_palette_ptrE
                0x0800fc4c      0x1d0 bn_sprites_manager.o
                0x0800fc4c                bn::sprites_manager::create(bn::fixed_point_t<12> const&, bn::sprite_shape_size const&, bn::sprite_tiles_ptr&&, bn::sprite_palette_ptr&&)
 .text._ZNK2bn11sprite_item13create_spriteENS_7fixed_tILi12EEES2_
                0x0800fe1c       0x44 bn_sprites_manager.o
                0x0800fe1c                bn::sprite_item::create_sprite(bn::fixed_t<12>, bn::fixed_t<12>) const
 .text._ZN2bn15sprites_manager6createEONS_14sprite_builderE
                0x0800fe60      0x17c bn_sprites_manager.o
                0x0800fe60                bn::sprites_manager::create(bn::sprite_builder&&)
 .text._ZN2bn10sprite_ptr6createEONS_14sprite_builderE
                0x0800ffdc       0x14 bn_sprites_manager.o
                0x0800ffdc                bn::sprite_ptr::create(bn::sprite_builder&&)
 .text._ZN2bn15sprites_manager15decrease_usagesEPv
                0x0800fff0      0x17c bn_sprites_manager.o
                0x0800fff0                bn::sprites_manager::decrease_usages(void*)
 .text._ZN2bn10sprite_ptrD2Ev
                0x0801016c       0x18 bn_sprites_manager.o
                0x0801016c                bn::sprite_ptr::~sprite_ptr()
                0x0801016c                bn::sprite_ptr::~sprite_ptr()
 .text.startup._GLOBAL__sub_I__ZN2bn7sprites16used_items_countEv
                0x08010184       0xac bn_sprites_manager.o
 .text._ZN2bn13ostringstreamC2ERNS_12istring_baseE
                0x08010230        0x8 bn_sstream.o
                0x08010230                bn::ostringstream::ostringstream(bn::istring_base&)
                0x08010230                bn::ostringstream::ostringstream(bn::istring_base&)
 .text._ZNK2bn13ostringstream4sizeEv
                0x08010238        0x8 bn_sstream.o
                0x08010238                bn::ostringstream::size() const
 .text._ZN2bn13ostringstream6appendEPKc
                0x08010240       0xa8 bn_sstream.o
                0x08010240                bn::ostringstream::append(char const*)
 .text._ZN2bn13ostringstream6appendEi
                0x080102e8       0xb0 bn_sstream.o
                0x080102e8                bn::ostringstream::append(int)
 .text._ZN2bn13ostringstream6appendERKNS_11string_viewE
                0x08010398       0xbc bn_sstream.o
                0x08010398                bn::ostringstream::append(bn::string_view const&)
 .text._ZN2bn13ostringstream6appendEj
                0x08010454       0xb0 bn_sstream.o
                0x08010454                bn::ostringstream::append(unsigned int)
 .text._ZN2bn13ostringstream6appendEPKv
                0x08010504       0xec bn_sstream.o
                0x08010504                bn::ostringstream::append(void const*)
 .text._ZN2bn13ostringstream16_append_fractionEji
                0x080105f0      0x11c bn_sstream.o
                0x080105f0                bn::ostringstream::_append_fraction(unsigned int, int)
 .text._ZN2bn13ostringstream6appendEc
                0x0801070c       0x44 bn_sstream.o
                0x0801070c                bn::ostringstream::append(char)
 .text._ZN2bn18igeneric_pool_baseC2EPci
                0x08010750       0x10 bn_translation_unit.o
                0x08010750                bn::igeneric_pool_base::igeneric_pool_base(char*, int)
                0x08010750                bn::igeneric_pool_base::igeneric_pool_base(char*, int)
 .text._ZN2bn18igeneric_pool_base5_freeEPc
                0x08010760       0x10 bn_translation_unit.o
                0x08010760                bn::igeneric_pool_base::_free(char*)
 .text._ZN2bn5timerC2Ev
                0x08010770       0x24 bn_translation_unit.o
                0x08010770                bn::timer::timer()
                0x08010770                bn::timer::timer()
 .text._ZNK2bn5timer13elapsed_ticksEv
                0x08010794       0x2c bn_translation_unit.o
                0x08010794                bn::timer::elapsed_ticks() const
 .text._ZN2bn5timer7restartEv
                0x080107c0       0x28 bn_translation_unit.o
                0x080107c0                bn::timer::restart()
 .text._ZN2bn3logERKNS_12istring_baseE
                0x080107e8       0x58 bn_translation_unit.o
                0x080107e8                bn::log(bn::istring_base const&)
 .text._ZN2bn18igeneric_pool_baseD2Ev
                0x08010840       0x30 bn_translation_unit.o
                0x08010840                bn::igeneric_pool_base::~igeneric_pool_base()
                0x08010840                bn::igeneric_pool_base::~igeneric_pool_base()
 .text._ZN2bn18igeneric_pool_base9_allocateEv
                0x08010870       0x48 bn_translation_unit.o
                0x08010870                bn::igeneric_pool_base::_allocate()
 .text._ZN2bn2hw5audio12_GLOBAL__N_111static_dataD2Ev
                0x080108b8       0x18 bn_hw_audio.o
 .text._ZN2bn2hw5audio4initEv
                0x080108d0       0x74 bn_hw_audio.o
                0x080108d0                bn::hw::audio::init()
 .text._ZN2bn2hw5audio7disableEv
                0x08010944       0x18 bn_hw_audio.o
                0x08010944                bn::hw::audio::disable()
 .text._ZN2bn2hw5audio13music_playingEv
                0x0801095c       0x20 bn_hw_audio.o
                0x0801095c                bn::hw::audio::music_playing()
 .text._ZN2bn2hw5audio10play_musicEib
                0x0801097c       0x1c bn_hw_audio.o
                0x0801097c                bn::hw::audio::play_music(int, bool)
 .text._ZN2bn2hw5audio10stop_musicEv
                0x08010998       0x18 bn_hw_audio.o
                0x08010998                bn::hw::audio::stop_music()
 .text._ZN2bn2hw5audio11pause_musicEv
                0x080109b0       0x18 bn_hw_audio.o
                0x080109b0                bn::hw::audio::pause_music()
 .text._ZN2bn2hw5audio12resume_musicEv
                0x080109c8       0x18 bn_hw_audio.o
                0x080109c8                bn::hw::audio::resume_music()
 .text._ZN2bn2hw5audio15set_sound_speedEtNS_7fixed_tILi12EEES3_
                0x080109e0       0x74 bn_hw_audio.o
                0x080109e0                bn::hw::audio::set_sound_speed(unsigned short, bn::fixed_t<12>, bn::fixed_t<12>)
 .text._ZN2bn2hw5audio12_GLOBAL__N_1L19_add_sound_to_queueEit
                0x08010a54       0x98 bn_hw_audio.o
 .text._ZN2bn2hw5audio12_GLOBAL__N_1L19_check_sounds_queueEi
                0x08010aec       0xb0 bn_hw_audio.o
 .text._ZN2bn2hw5audio10play_soundEii
                0x08010b9c       0x44 bn_hw_audio.o
                0x08010b9c                bn::hw::audio::play_sound(int, int)
 .text._ZN2bn2hw5audio10play_soundEiiNS_7fixed_tILi12EEES3_S3_
                0x08010be0       0xb8 bn_hw_audio.o
                0x08010be0                bn::hw::audio::play_sound(int, int, bn::fixed_t<12>, bn::fixed_t<12>, bn::fixed_t<12>)
 .text._ZN2bn2hw5audio15stop_all_soundsEv
                0x08010c98       0x60 bn_hw_audio.o
                0x08010c98                bn::hw::audio::stop_all_sounds()
 .text._ZN2bn2hw5audio19update_sounds_queueEv
                0x08010cf8       0x94 bn_hw_audio.o
                0x08010cf8                bn::hw::audio::update_sounds_queue()
 .text._ZN2bn2hw5audio12_GLOBAL__N_1L23_erase_sound_from_queueEt
                0x08010d8c       0x98 bn_hw_audio.o
 .text._ZN2bn2hw5audio10stop_soundEt
                0x08010e24       0x20 bn_hw_audio.o
                0x08010e24                bn::hw::audio::stop_sound(unsigned short)
 .text._ZN2bn2hw5audio13release_soundEt
                0x08010e44       0x20 bn_hw_audio.o
                0x08010e44                bn::hw::audio::release_sound(unsigned short)
 .text.startup._GLOBAL__sub_I__ZN2bn2hw5audio4initEv
                0x08010e64       0x3c bn_hw_audio.o
 .text.__libc_init_array
                0x08010ea0       0x50 bn_hw_common.bn_noflto.o
                0x08010ea0                __libc_init_array
 .text.__aeabi_atexit
                0x08010ef0        0x4 bn_hw_common.bn_noflto.o
                0x08010ef0                __aeabi_atexit
 .text._ZN3_bn6assert9show_argsIA40_cEEvPKcS4_S4_iRKT_
                0x08010ef4       0x48 bn_hw_common.bn_noflto.o
                0x08010ef4                void _bn::assert::show_args<char [40]>(char const*, char const*, char const*, int, char const (&) [40])
 .text.__aeabi_idiv0
                0x08010f3c       0x24 bn_hw_common.bn_noflto.o
                0x08010f3c                __aeabi_idiv0
 .text._ZN2bn2hw9dmg_audio4initEv
                0x08010f60       0x18 bn_hw_dmg_audio.o
                0x08010f60                bn::hw::dmg_audio::init()
 .text._ZN2bn2hw9dmg_audio7disableEv
                0x08010f78       0x18 bn_hw_dmg_audio.o
                0x08010f78                bn::hw::dmg_audio::disable()
 .text._ZN2bn2hw9dmg_audio13music_playingEv
                0x08010f90       0x28 bn_hw_dmg_audio.o
                0x08010f90                bn::hw::dmg_audio::music_playing()
 .text._ZN2bn2hw9dmg_audio10stop_musicEv
                0x08010fb8       0x24 bn_hw_dmg_audio.o
                0x08010fb8                bn::hw::dmg_audio::stop_music()
 .text._ZN2bn2hw9dmg_audio11pause_musicEv
                0x08010fdc       0x24 bn_hw_dmg_audio.o
                0x08010fdc                bn::hw::dmg_audio::pause_music()
 .text._ZN2bn2hw9dmg_audio12resume_musicEv
                0x08011000       0x24 bn_hw_dmg_audio.o
                0x08011000                bn::hw::dmg_audio::resume_music()
 .text._ZN2bn2hw9dmg_audio14music_positionERiS2_
                0x08011024       0x2c bn_hw_dmg_audio.o
                0x08011024                bn::hw::dmg_audio::music_position(int&, int&)
 .text._ZN2bn2hw9dmg_audio6commitEv
                0x08011050       0x34 bn_hw_dmg_audio.o
                0x08011050                bn::hw::dmg_audio::commit()
 .text._ZN3_bn6assert9show_argsIA47_ciEEvPKcS4_S4_iRKT_RKT0_
                0x08011084       0x54 bn_hw_dmg_audio.o
                0x08011084                void _bn::assert::show_args<char [47], int>(char const*, char const*, char const*, int, char const (&) [47], int const&)
 .text._ZN2bn2hw9dmg_audio10play_musicEPKvNS_14dmg_music_typeEib
                0x080110d8       0x84 bn_hw_dmg_audio.o
                0x080110d8                bn::hw::dmg_audio::play_music(void const*, bn::dmg_music_type, int, bool)
 .text._ZN2bn2hw9dmg_audio18set_music_positionEii
                0x0801115c       0x4c bn_hw_dmg_audio.o
                0x0801115c                bn::hw::dmg_audio::set_music_position(int, int)
 .text._ZN2bn2hw9dmg_audio16set_music_volumeENS_7fixed_tILi12EEES3_
                0x080111a8       0x50 bn_hw_dmg_audio.o
                0x080111a8                bn::hw::dmg_audio::set_music_volume(bn::fixed_t<12>, bn::fixed_t<12>)
 .text._ZN3_bn6assert9show_argsIA20_cjEEvPKcS4_S4_iRKT_RKT0_
                0x080111f8       0x54 bn_hw_dmg_audio.o
                0x080111f8                void _bn::assert::show_args<char [20], unsigned int>(char const*, char const*, char const*, int, char const (&) [20], unsigned int const&)
 .text._ZN2bn2hw9dmg_audio19check_commit_resultEv
                0x0801124c       0x38 bn_hw_dmg_audio.o
                0x0801124c                bn::hw::dmg_audio::check_commit_result()
 .text._ZN2bn2hw4gpio4initEv
                0x08011284        0x8 bn_hw_gpio.bn_noflto.o
                0x08011284                bn::hw::gpio::init()
 .text._ZN2bn2hw4link12_GLOBAL__N_1L19_resetStateCallbackEv
                0x0801128c       0x4c bn_hw_link.o
 .text._ZN2bn2hw4link4initEv
                0x080112d8      0x100 bn_hw_link.o
                0x080112d8                bn::hw::link::init()
 .text._ZN2bn2hw4link6activeEv
                0x080113d8       0x10 bn_hw_link.o
                0x080113d8                bn::hw::link::active()
 .text._ZN2bn2hw4link7disableEv
                0x080113e8       0x6c bn_hw_link.o
                0x080113e8                bn::hw::link::disable()
 .text._ZN2bn2hw4link6commitEv
                0x08011454       0x28 bn_hw_link.o
                0x08011454                bn::hw::link::commit()
 .text._ZN2bn2hw4link11_timer_intrEv
                0x0801147c       0xf8 bn_hw_link.o
                0x0801147c                bn::hw::link::_timer_intr()
 .text._ZN2bn2hw4link12_serial_intrEv
                0x08011574      0x1d4 bn_hw_link.o
                0x08011574                bn::hw::link::_serial_intr()
 .text._ZN2bn2hw4link12_GLOBAL__N_1L17_sendDataCallbackEv
                0x08011748       0xd8 bn_hw_link.o
 .text._ZN2bn2hw4link12_GLOBAL__N_1L24_receiveResponseCallbackERKNS_2lc12LinkResponseE
                0x08011820      0x148 bn_hw_link.o
 .text.startup._GLOBAL__sub_I__ZN2bn2hw4link4initEv
                0x08011968       0x6c bn_hw_link.o
 .text._ZN2bn2hw8palettes8contrastEPKNS_5colorEiiPS2_
                0x080119d4       0x18 bn_hw_palettes.o
                0x080119d4                bn::hw::palettes::contrast(bn::color const*, int, int, bn::color*)
 .text._ZN2bn2hw8palettes9intensityEPKNS_5colorEiiPS2_
                0x080119ec       0x18 bn_hw_palettes.o
                0x080119ec                bn::hw::palettes::intensity(bn::color const*, int, int, bn::color*)
 .text._ZN2bn2hw8palettes9hue_shiftEPKNS_5colorEiiPS2_
                0x08011a04      0x14c bn_hw_palettes.o
                0x08011a04                bn::hw::palettes::hue_shift(bn::color const*, int, int, bn::color*)
 .text._ZN2bn2hw8palettes6rotateEPKNS_5colorEiiPS2_
                0x08011b50       0x30 bn_hw_palettes.o
                0x08011b50                bn::hw::palettes::rotate(bn::color const*, int, int, bn::color*)
 .text._ZN2bn7istring6appendEPKci.isra.0
                0x08011b80       0xb4 bn_hw_show.o
 .text._ZN2bn2hw4show5errorERKNS_11system_fontERKNS_11string_viewES7_S7_iS7_S7_
                0x08011c34      0x284 bn_hw_show.o
                0x08011c34                bn::hw::show::error(bn::system_font const&, bn::string_view const&, bn::string_view const&, bn::string_view const&, int, bn::string_view const&, bn::string_view const&)
 .text._ZN2bn2hw4sram4initEv
                0x08011eb8       0x18 bn_hw_sram.bn_noflto.o
                0x08011eb8                bn::hw::sram::init()
 .text._ZN2bn11system_fontC2Ev
                0x08011ed0       0x18 bn_hw_system_font.o
                0x08011ed0                bn::system_font::system_font()
                0x08011ed0                bn::system_font::system_font()
 .text._ZNK2bn11system_font8tte_fontEv
                0x08011ee8        0x4 bn_hw_system_font.o
                0x08011ee8                bn::system_font::tte_font() const
 .text._ZN2bn2hw4text5parseEjRNS_5arrayIcLi32EEE
                0x08011eec       0xa0 bn_hw_text.o
                0x08011eec                bn::hw::text::parse(unsigned int, bn::array<char, 32>&)
 .text._ZN2bn2hw4text5parseEPKvRNS_5arrayIcLi32EEE
                0x08011f8c       0x30 bn_hw_text.o
                0x08011f8c                bn::hw::text::parse(void const*, bn::array<char, 32>&)
 .text._ZN2bn2hw4text5parseEiRNS_5arrayIcLi32EEE
                0x08011fbc       0xbc bn_hw_text.o
                0x08011fbc                bn::hw::text::parse(int, bn::array<char, 32>&)
 .text._Z7VgmStopv
                0x08012078       0xc0 vgm.o
                0x08012078                VgmStop()
 .text._Z7VgmPlayPKhb
                0x08012138       0x28 vgm.o
                0x08012138                VgmPlay(unsigned char const*, bool)
 .text._Z13VgmIntrVblankv
                0x08012160       0x84 vgm.o
                0x08012160                VgmIntrVblank()
 .text._Z9VgmActivev
                0x080121e4       0x10 vgm.o
                0x080121e4                VgmActive()
 .text._Z16VgmGetOffsetPlayv
                0x080121f4        0xc vgm.o