Archive member included to satisfy reference by file (symbol)

/opt/devkitpro/devkitARM/bin/../lib/gcc/arm-none-eabi/15.1.0/thumb/libgcc.a(_call_via_rX.o)
                              mm_main_gba.o (_call_via_r1)
/opt/devkitpro/devkitARM/bin/../lib/gcc/arm-none-eabi/15.1.0/thumb/libgcc.a(_aeabi_ldivmod.o)
                              bn_hw_text.o (__aeabi_ldivmod)
/opt/devkitpro/devkitARM/bin/../lib/gcc/arm-none-eabi/15.1.0/thumb/libgcc.a(_aeabi_uldivmod.o)
                              bn_hw_text.o (__aeabi_uldivmod)
/opt/devkitpro/devkitARM/bin/../lib/gcc/arm-none-eabi/15.1.0/thumb/libgcc.a(_sync_none.o)
                              (__sync_synchronize_none)
/opt/devkitpro/devkitARM/bin/../lib/gcc/arm-none-eabi/15.1.0/thumb/libgcc.a(_udivmoddi4.o)
                              /opt/devkitpro/devkitARM/bin/../lib/gcc/arm-none-eabi/15.1.0/thumb/libgcc.a(_aeabi_ldivmod.o) (__udivmoddi4)

Discarded input sections

 .text          0x00000000        0x0 /opt/devkitpro/devkitARM/bin/../lib/gcc/arm-none-eabi/15.1.0/../../../../arm-none-eabi/lib/thumb/gba_crt0.o
 .data          0x00000000        0x0 /opt/devkitpro/devkitARM/bin/../lib/gcc/arm-none-eabi/15.1.0/../../../../arm-none-eabi/lib/thumb/gba_crt0.o
 .bss           0x00000000        0x0 /opt/devkitpro/devkitARM/bin/../lib/gcc/arm-none-eabi/15.1.0/../../../../arm-none-eabi/lib/thumb/gba_crt0.o
 .text          0x00000000        0x0 /opt/devkitpro/devkitARM/bin/../lib/gcc/arm-none-eabi/15.1.0/thumb/crti.o
 .data          0x00000000        0x0 /opt/devkitpro/devkitARM/bin/../lib/gcc/arm-none-eabi/15.1.0/thumb/crti.o
 .bss           0x00000000        0x0 /opt/devkitpro/devkitARM/bin/../lib/gcc/arm-none-eabi/15.1.0/thumb/crti.o
 .text          0x00000000        0x0 /opt/devkitpro/devkitARM/bin/../lib/gcc/arm-none-eabi/15.1.0/thumb/crtbegin.o
 .data          0x00000000        0x0 /opt/devkitpro/devkitARM/bin/../lib/gcc/arm-none-eabi/15.1.0/thumb/crtbegin.o
 .bss           0x00000000        0x0 /opt/devkitpro/devkitARM/bin/../lib/gcc/arm-none-eabi/15.1.0/thumb/crtbegin.o
 .rodata.all_implied_fbits
                0x00000000       0x24 /opt/devkitpro/devkitARM/bin/../lib/gcc/arm-none-eabi/15.1.0/thumb/crtbegin.o
 .text          0x00000000        0x0 bn_audio_soundbank.bin.o
 .data          0x00000000        0x0 bn_audio_soundbank.bin.o
 .bss           0x00000000        0x0 bn_audio_soundbank.bin.o
 .text          0x00000000        0x0 blue_bn_gfx.o
 .data          0x00000000        0x0 blue_bn_gfx.o
 .bss           0x00000000        0x0 blue_bn_gfx.o
 .text          0x00000000        0x0 blue_small_bn_gfx.o
 .data          0x00000000        0x0 blue_small_bn_gfx.o
 .bss           0x00000000        0x0 blue_small_bn_gfx.o
 .text          0x00000000        0x0 face_bn_gfx.o
 .data          0x00000000        0x0 face_bn_gfx.o
 .bss           0x00000000        0x0 face_bn_gfx.o
 .text          0x00000000        0x0 pivot_bn_gfx.o
 .data          0x00000000        0x0 pivot_bn_gfx.o
 .bss           0x00000000        0x0 pivot_bn_gfx.o
 .text          0x00000000        0x0 red_bn_gfx.o
 .data          0x00000000        0x0 red_bn_gfx.o
 .bss           0x00000000        0x0 red_bn_gfx.o
 .text          0x00000000        0x0 red_small_bn_gfx.o
 .data          0x00000000        0x0 red_small_bn_gfx.o
 .bss           0x00000000        0x0 red_small_bn_gfx.o
 .text          0x00000000        0x0 turtle_bn_gfx.o
 .data          0x00000000        0x0 turtle_bn_gfx.o
 .bss           0x00000000        0x0 turtle_bn_gfx.o
 .text          0x00000000        0x0 common_fixed_8x16_font_bn_gfx.o
 .data          0x00000000        0x0 common_fixed_8x16_font_bn_gfx.o
 .bss           0x00000000        0x0 common_fixed_8x16_font_bn_gfx.o
 .rodata        0x00000000     0x1ba0 common_fixed_8x16_font_bn_gfx.o
 .text          0x00000000        0x0 common_fixed_8x8_font_bn_gfx.o
 .data          0x00000000        0x0 common_fixed_8x8_font_bn_gfx.o
 .bss           0x00000000        0x0 common_fixed_8x8_font_bn_gfx.o
 .rodata        0x00000000      0xde0 common_fixed_8x8_font_bn_gfx.o
 .text          0x00000000        0x0 common_variable_16x16_font_bn_gfx.o
 .data          0x00000000        0x0 common_variable_16x16_font_bn_gfx.o
 .bss           0x00000000        0x0 common_variable_16x16_font_bn_gfx.o
 .rodata        0x00000000     0x3720 common_variable_16x16_font_bn_gfx.o
 .text          0x00000000        0x0 common_variable_8x16_font_bn_gfx.o
 .data          0x00000000        0x0 common_variable_8x16_font_bn_gfx.o
 .bss           0x00000000        0x0 common_variable_8x16_font_bn_gfx.o
 .text          0x00000000        0x0 common_variable_8x8_font_bn_gfx.o
 .data          0x00000000        0x0 common_variable_8x8_font_bn_gfx.o
 .bss           0x00000000        0x0 common_variable_8x8_font_bn_gfx.o
 .rodata        0x00000000      0xde0 common_variable_8x8_font_bn_gfx.o
 .group         0x00000000        0xc main.o
 .group         0x00000000        0xc main.o
[...]
Memory Configuration

Name             Origin             Length             Attributes
rom              0x08000000         0x02000000
iwram            0x03000000         0x00008000
ewram            0x02000000         0x00040000
*default*        0x00000000         0xffffffff

Linker script and memory map

                0x00000000                        __sync_synchronize = __sync_synchronize_none
                0x08000000                        __text_start = ORIGIN (rom)
                0x02040000                        __eheap_end = (ORIGIN (ewram) + LENGTH (ewram))
                0x03000000                        __iwram_start = ORIGIN (iwram)
                0x03008000                        __iwram_top = (ORIGIN (iwram) + LENGTH (iwram))
                0x03007fa0                        __sp_irq = (__iwram_top - 0x60)
                0x03007f00                        __sp_usr = (__sp_irq - 0xa0)
                0x03007ff8                        __irq_flags = 0x3007ff8
                0x08000000                        . = __text_start

.crt0           0x08000000      0x210
 *(.crt0)
 .crt0          0x08000000      0x210 /opt/devkitpro/devkitARM/bin/../lib/gcc/arm-none-eabi/15.1.0/../../../../arm-none-eabi/lib/thumb/gba_crt0.o
                0x08000000                _start
                0x080000c4                __boot_method
                0x080000c5                __slave_number
                0x080000e0                start_vector
                0x08000210                        . = ALIGN (0x4)

.init           0x08000210        0xc
 *(SORT_NONE(.init))
 .init          0x08000210        0x4 /opt/devkitpro/devkitARM/bin/../lib/gcc/arm-none-eabi/15.1.0/thumb/crti.o
                0x08000210                _init
 .init          0x08000214        0x8 /opt/devkitpro/devkitARM/bin/../lib/gcc/arm-none-eabi/15.1.0/thumb/crtn.o

.plt            0x0800021c        0x0
 *(.plt)
                0x0800021c                        . = ALIGN (0x4)

.text           0x08000220    0x1c0c0
 *(EXCLUDE_FILE(*.iwram*) .text*)
 .text.__do_global_dtors_aux
                0x08000220       0x2c /opt/devkitpro/devkitARM/bin/../lib/gcc/arm-none-eabi/15.1.0/thumb/crtbegin.o
 .text.frame_dummy
                0x0800024c       0x24 /opt/devkitpro/devkitARM/bin/../lib/gcc/arm-none-eabi/15.1.0/thumb/crtbegin.o
 .text._ZN2bn13ostringstream6appendILi12EEEvNS_7fixed_tIXT_EEE
                0x08000270       0xa0 main.o
                0x08000270                void bn::ostringstream::append<12>(bn::fixed_t<12>)
 .text._ZN3_bn6assert9show_argsIA38_cN2bn7fixed_tILi12EEEEEvPKcS7_S7_iRKT_RKT0_
                0x08000310       0x54 main.o
                0x08000310                void _bn::assert::show_args<char [38], bn::fixed_t<12> >(char const*, char const*, char const*, int, char const (&) [38], bn::fixed_t<12> const&)
 .text._ZN12_GLOBAL__N_1L35affine_bgs_pivot_position_hbe_sceneERN2bn21sprite_text_generatorE
                0x08000364      0x1a4 main.o
 .text._ZN12_GLOBAL__N_1L35affine_bgs_mat_attributes_hbe_sceneERN2bn21sprite_text_generatorE
                0x08000508      0x42c main.o
 .text._ZN3_bn6assert9show_argsIA15_cEEvPKcS4_S4_iRKT_
                0x08000934       0x48 main.o
                0x08000934                void _bn::assert::show_args<char [15]>(char const*, char const*, char const*, int, char const (&) [15])
 .text._ZN12_GLOBAL__N_1L31affine_bgs_attributes_hbe_sceneERN2bn21sprite_text_generatorE
                0x0800097c      0x2c8 main.o
 .text.startup.main
                0x08000c44     0x251c main.o
                0x08000c44                main
 .text._ZN6common4info15_update_spritesEv
                0x08003160       0x9c common_info.o
                0x08003160                common::info::_update_sprites()
 .text._ZN6common4info6updateEv
                0x080031fc       0x30 common_info.o
                0x080031fc                common::info::update()
 .text._ZN3_bn6assert9show_argsIA16_ciEEvPKcS4_S4_iRKT_RKT0_
                0x0800322c       0x54 common_info.o
                0x0800322c                void _bn::assert::show_args<char [16], int>(char const*, char const*, char const*, int, char const (&) [16], int const&)
 .text._ZN6common4infoC2ERKN2bn11string_viewERKNS1_4spanIS3_EERNS1_21sprite_text_generatorE
                0x08003280      0x140 common_info.o
                0x08003280                common::info::info(bn::string_view const&, bn::span<bn::string_view const> const&, bn::sprite_text_generator&)
                0x08003280                common::info::info(bn::string_view const&, bn::span<bn::string_view const> const&, bn::sprite_text_generator&)
 .text._ZN3_bn6assert9show_argsIA15_ciEEvPKcS4_S4_iRKT_RKT0_
                0x080033c0       0x54 common_stats.o
                0x080033c0                void _bn::assert::show_args<char [15], int>(char const*, char const*, char const*, int, char const (&) [15], int const&)
 .text._ZN2bn13ostringstream11append_argsIiJA4_ciEEEvRKT_DpRKT0_.isra.0
                0x08003414       0x24 bn_affine_bg_animate_actions.o
 .text._ZN2bn32iaffine_bg_cached_animate_action9_set_refsERNS_13affine_bg_ptrERNS_7ivectorINS_17affine_bg_map_ptrEEE
                0x08003438        0x4 bn_affine_bg_animate_actions.o
                0x08003438                bn::iaffine_bg_cached_animate_action::_set_refs(bn::affine_bg_ptr&, bn::ivector<bn::affine_bg_map_ptr>&)
 .text._ZN3_bn6assert9show_argsIJA16_ciA4_ciEEEvPKcS5_S5_iDpRKT_
                0x0800343c       0x58 bn_affine_bg_animate_actions.o
                0x0800343c                void _bn::assert::show_args<char [16], int, char [4], int>(char const*, char const*, char const*, int, char const (&) [16], int const&, char const (&) [4], int const&)
 .text._ZN3_bn6assert9show_argsIJA23_ciA4_ciEEEvPKcS5_S5_iDpRKT_
                0x08003494       0x58 bn_affine_bg_animate_actions.o
                0x08003494                void _bn::assert::show_args<char [23], int, char [4], int>(char const*, char const*, char const*, int, char const (&) [23], int const&, char const (&) [4], int const&)
 .text._ZN2bn32iaffine_bg_cached_animate_action6updateEv
                0x080034ec       0xa4 bn_affine_bg_animate_actions.o
                0x080034ec                bn::iaffine_bg_cached_animate_action::update()
 .text._ZN3_bn6assert9show_argsIA23_ciEEvPKcS4_S4_iRKT_RKT0_
                0x08003590       0x54 bn_affine_bg_animate_actions.o
                0x08003590                void _bn::assert::show_args<char [23], int>(char const*, char const*, char const*, int, char const (&) [23], int const&)
 .text._ZN3_bn6assert9show_argsIA24_ciEEvPKcS4_S4_iRKT_RKT0_
                0x080035e4       0x54 bn_affine_bg_animate_actions.o
                0x080035e4                void _bn::assert::show_args<char [24], int>(char const*, char const*, char const*, int, char const (&) [24], int const&)
 .text._ZN2bn32iaffine_bg_cached_animate_action16set_wait_updatesEi
                0x08003638       0x68 bn_affine_bg_animate_actions.o
                0x08003638                bn::iaffine_bg_cached_animate_action::set_wait_updates(int)
 .text._ZN3_bn6assert9show_argsIA28_ciEEvPKcS4_S4_iRKT_RKT0_
                0x080036a0       0x54 bn_affine_bg_animate_actions.o
                0x080036a0                void _bn::assert::show_args<char [28], int>(char const*, char const*, char const*, int, char const (&) [28], int const&)
 .text._ZN3_bn6assert9show_argsIJA28_ciA4_ciEEEvPKcS5_S5_iDpRKT_
                0x080036f4       0x58 bn_affine_bg_animate_actions.o
                0x080036f4                void _bn::assert::show_args<char [28], int, char [4], int>(char const*, char const*, char const*, int, char const (&) [28], int const&, char const (&) [4], int const&)
 .text._ZN2bn32iaffine_bg_cached_animate_action19_assign_map_indexesERKNS_18affine_bg_map_itemERKNS_4spanIKtEE
                0x0800374c      0x104 bn_affine_bg_animate_actions.o
                0x0800374c                bn::iaffine_bg_cached_animate_action::_assign_map_indexes(bn::affine_bg_map_item const&, bn::span<unsigned short const> const&)
 .text._ZN3_bn6assert9show_argsIJA19_ciA4_ciEEEvPKcS5_S5_iDpRKT_
                0x08003850       0x58 bn_affine_bg_animate_actions.o
                0x08003850                void _bn::assert::show_args<char [19], int, char [4], int>(char const*, char const*, char const*, int, char const (&) [19], int const&, char const (&) [4], int const&)
 .text._ZN2bn13audio_manager4initEv
                0x080038a8       0x58 bn_audio_manager.bn_noflto.o
                0x080038a8                bn::audio_manager::init()
 .text._ZN2bn13audio_manager7disableEv
                0x08003900       0x10 bn_audio_manager.bn_noflto.o
                0x08003900                bn::audio_manager::disable()
 .text._ZN2bn13audio_manager10sound_dataEt
                0x08003910       0x6c bn_audio_manager.bn_noflto.o
                0x08003910                bn::audio_manager::sound_data(unsigned short)
 .text._ZN2bn13audio_manager6updateEv
                0x0800397c       0x18 bn_audio_manager.bn_noflto.o
                0x0800397c                bn::audio_manager::update()
 .text._ZN2bn13audio_manager13vblank_commitEv
                0x08003994       0x2c bn_audio_manager.bn_noflto.o
                0x08003994                bn::audio_manager::vblank_commit()
 .text._ZN2bn13audio_manager14delayed_commitEv
                0x080039c0       0x34 bn_audio_manager.bn_noflto.o
                0x080039c0                bn::audio_manager::delayed_commit()
 .text._ZN2bn13audio_manager4stopEv
                0x080039f4       0x78 bn_audio_manager.bn_noflto.o
                0x080039f4                bn::audio_manager::stop()
 .text._ZN3_bn6assert9show_argsIA18_ciEEvPKcS4_S4_iRKT_RKT0_
                0x08003a6c       0x54 bn_audio_manager.bn_noflto.o
                0x08003a6c                void _bn::assert::show_args<char [18], int>(char const*, char const*, char const*, int, char const (&) [18], int const&)
 .text._ZN3_bn6assert9show_argsIA14_ciEEvPKcS4_S4_iRKT_RKT0_
                0x08003ac0       0x54 bn_audio_manager.bn_noflto.o
                0x08003ac0                void _bn::assert::show_args<char [14], int>(char const*, char const*, char const*, int, char const (&) [14], int const&)
 .text._ZN3_bn6assert9show_argsIA19_ciEEvPKcS4_S4_iRKT_RKT0_
                0x08003b14       0x54 bn_audio_manager.bn_noflto.o
                0x08003b14                void _bn::assert::show_args<char [19], int>(char const*, char const*, char const*, int, char const (&) [19], int const&)
 .text._ZN3_bn6assert9show_argsIA26_ciEEvPKcS4_S4_iRKT_RKT0_
                0x08003b68       0x54 bn_audio_manager.bn_noflto.o
                0x08003b68                void _bn::assert::show_args<char [26], int>(char const*, char const*, char const*, int, char const (&) [26], int const&)
 .text._ZN3_bn6assert9show_argsIA33_cEEvPKcS4_S4_iRKT_
                0x08003bbc       0x48 bn_audio_manager.bn_noflto.o
                0x08003bbc                void _bn::assert::show_args<char [33]>(char const*, char const*, char const*, int, char const (&) [33])
 .text._ZN3_bn6assert9show_argsIA25_cEEvPKcS4_S4_iRKT_
                0x08003c04       0x48 bn_audio_manager.bn_noflto.o
                0x08003c04                void _bn::assert::show_args<char [25]>(char const*, char const*, char const*, int, char const (&) [25])
 .text._ZN3_bn6assert9show_argsIA24_cEEvPKcS4_S4_iRKT_
                0x08003c4c       0x48 bn_audio_manager.bn_noflto.o
                0x08003c4c                void _bn::assert::show_args<char [24]>(char const*, char const*, char const*, int, char const (&) [24])
 .text._ZN3_bn6assert9show_argsIA20_cEEvPKcS4_S4_iRKT_
                0x08003c94       0x48 bn_audio_manager.bn_noflto.o
                0x08003c94                void _bn::assert::show_args<char [20]>(char const*, char const*, char const*, int, char const (&) [20])
 .text._ZN3_bn6assert9show_argsIA26_cEEvPKcS4_S4_iRKT_
                0x08003cdc       0x48 bn_audio_manager.bn_noflto.o
                0x08003cdc                void _bn::assert::show_args<char [26]>(char const*, char const*, char const*, int, char const (&) [26])
 .text._ZN3_bn6assert9show_argsIA25_cN2bn7fixed_tILi12EEEEEvPKcS7_S7_iRKT_RKT0_
                0x08003d24       0x54 bn_audio_manager.bn_noflto.o
                0x08003d24                void _bn::assert::show_args<char [25], bn::fixed_t<12> >(char const*, char const*, char const*, int, char const (&) [25], bn::fixed_t<12> const&)
 .text._ZN3_bn6assert9show_argsIA27_cN2bn7fixed_tILi12EEEEEvPKcS7_S7_iRKT_RKT0_
                0x08003d78       0x54 bn_audio_manager.bn_noflto.o
                0x08003d78                void _bn::assert::show_args<char [27], bn::fixed_t<12> >(char const*, char const*, char const*, int, char const (&) [27], bn::fixed_t<12> const&)
 .text._ZN3_bn6assert9show_argsIA25_ciEEvPKcS4_S4_iRKT_RKT0_
                0x08003dcc       0x54 bn_audio_manager.bn_noflto.o
                0x08003dcc                void _bn::assert::show_args<char [25], int>(char const*, char const*, char const*, int, char const (&) [25], int const&)
 .text._ZN2bn13audio_manager16execute_commandsEv
                0x08003e20      0x738 bn_audio_manager.bn_noflto.o
                0x08003e20                bn::audio_manager::execute_commands()
 .text._ZN3_bn6assert9show_argsIA17_cEEvPKcS4_S4_iRKT_
                0x08004558       0x48 bn_audio_manager.bn_noflto.o
                0x08004558                void _bn::assert::show_args<char [17]>(char const*, char const*, char const*, int, char const (&) [17])
 .text.startup._GLOBAL__sub_I__ZN2bn5audio16update_on_vblankEv
                0x080045a0       0x90 bn_audio_manager.bn_noflto.o
 .text._ZN3_bn6assert9show_argsIA23_cEEvPKcS4_S4_iRKT_
                0x08004630       0x48 bn_best_fit_allocator.o
                0x08004630                void _bn::assert::show_args<char [23]>(char const*, char const*, char const*, int, char const (&) [23])
 .text._ZN2bn18best_fit_allocatorD2Ev
                0x08004678       0x38 bn_best_fit_allocator.o
                0x08004678                bn::best_fit_allocator::~best_fit_allocator()
                0x08004678                bn::best_fit_allocator::~best_fit_allocator()
 .text._ZN3_bn6assert9show_argsIA20_ciEEvPKcS4_S4_iRKT_RKT0_
                0x080046b0       0x54 bn_best_fit_allocator.o
                0x080046b0                void _bn::assert::show_args<char [20], int>(char const*, char const*, char const*, int, char const (&) [20], int const&)
 .text._ZN3_bn6assert9show_argsIA14_cEEvPKcS4_S4_iRKT_
                0x08004704       0x48 bn_best_fit_allocator.o
                0x08004704                void _bn::assert::show_args<char [14]>(char const*, char const*, char const*, int, char const (&) [14])
 .text._ZN3_bn6assert9show_argsIA21_cEEvPKcS4_S4_iRKT_
                0x0800474c       0x48 bn_best_fit_allocator.o
                0x0800474c                void _bn::assert::show_args<char [21]>(char const*, char const*, char const*, int, char const (&) [21])
 .text._ZN2bn18best_fit_allocator5resetEPvi
                0x08004794       0xbc bn_best_fit_allocator.o
                0x08004794                bn::best_fit_allocator::reset(void*, int)
 .text._ZN2bn17bg_blocks_manager12_GLOBAL__N_1L17_hw_commit_offsetEPKtjtPt
                0x08004850       0x74 bn_bg_blocks_manager.o
 .text._ZN2bn13ostringstream11append_argsIiJA4_ctEEEvRKT_DpRKT0_.isra.0
                0x080048c4       0x24 bn_bg_blocks_manager.o
 .text._ZN2bn13ostringstream11append_argsIiJA4_ciEEEvRKT_DpRKT0_.isra.0
                0x080048e8       0x24 bn_bg_blocks_manager.o
 .text._ZNK2bn18regular_bg_map_ptr2idEv
                0x0800490c       0x18 bn_bg_blocks_manager.o
                0x0800490c                bn::regular_bg_map_ptr::id() const
 .text._ZNK2bn18regular_bg_map_ptr10dimensionsEv
                0x08004924       0x20 bn_bg_blocks_manager.o
                0x08004924                bn::regular_bg_map_ptr::dimensions() const
 .text._ZNK2bn20regular_bg_tiles_ptr3cbbEv
                0x08004944       0x18 bn_bg_blocks_manager.o
                0x08004944                bn::regular_bg_tiles_ptr::cbb() const
 .text._ZN2bn17affine_bg_map_ptrC2ERKS0_
                0x0800495c       0x20 bn_bg_blocks_manager.o
                0x0800495c                bn::affine_bg_map_ptr::affine_bg_map_ptr(bn::affine_bg_map_ptr const&)
                0x0800495c                bn::affine_bg_map_ptr::affine_bg_map_ptr(bn::affine_bg_map_ptr const&)
 .text._ZNK2bn17affine_bg_map_ptr2idEv
                0x0800497c       0x18 bn_bg_blocks_manager.o
                0x0800497c                bn::affine_bg_map_ptr::id() const
 .text._ZNK2bn17affine_bg_map_ptr10dimensionsEv
                0x08004994       0x20 bn_bg_blocks_manager.o
                0x08004994                bn::affine_bg_map_ptr::dimensions() const
 .text._ZNK2bn17affine_bg_map_ptr3bigEv
                0x080049b4       0x18 bn_bg_blocks_manager.o
                0x080049b4                bn::affine_bg_map_ptr::big() const
 .text._ZN2bn19affine_bg_tiles_ptrC2ERKS0_
                0x080049cc       0x20 bn_bg_blocks_manager.o
                0x080049cc                bn::affine_bg_tiles_ptr::affine_bg_tiles_ptr(bn::affine_bg_tiles_ptr const&)
                0x080049cc                bn::affine_bg_tiles_ptr::affine_bg_tiles_ptr(bn::affine_bg_tiles_ptr const&)
 .text._ZNK2bn19affine_bg_tiles_ptr3cbbEv
                0x080049ec       0x18 bn_bg_blocks_manager.o
                0x080049ec                bn::affine_bg_tiles_ptr::cbb() const
 .text._ZN2bn17bg_blocks_manager10log_statusEv
                0x08004a04      0x450 bn_bg_blocks_manager.o
                0x08004a04                bn::bg_blocks_manager::log_status()
 .text._ZN2bn17bg_blocks_manager15decrease_usagesEi
                0x08004e54       0x98 bn_bg_blocks_manager.o
                0x08004e54                bn::bg_blocks_manager::decrease_usages(int)
 .text._ZN2bn18regular_bg_map_ptrD2Ev
                0x08004eec       0x18 bn_bg_blocks_manager.o
                0x08004eec                bn::regular_bg_map_ptr::~regular_bg_map_ptr()
                0x08004eec                bn::regular_bg_map_ptr::~regular_bg_map_ptr()
 .text._ZN2bn17affine_bg_map_ptraSERKS0_
                0x08004f04       0x40 bn_bg_blocks_manager.o
                0x08004f04                bn::affine_bg_map_ptr::operator=(bn::affine_bg_map_ptr const&)
 .text._ZN2bn17affine_bg_map_ptrD2Ev
                0x08004f44       0x18 bn_bg_blocks_manager.o
                0x08004f44                bn::affine_bg_map_ptr::~affine_bg_map_ptr()
                0x08004f44                bn::affine_bg_map_ptr::~affine_bg_map_ptr()
 .text._ZN2bn19affine_bg_tiles_ptrD2Ev
                0x08004f5c       0x18 bn_bg_blocks_manager.o
                0x08004f5c                bn::affine_bg_tiles_ptr::~affine_bg_tiles_ptr()
                0x08004f5c                bn::affine_bg_tiles_ptr::~affine_bg_tiles_ptr()
 .text._ZN2bn17bg_blocks_manager12_GLOBAL__N_111static_dataD2Ev
                0x08004f74       0x50 bn_bg_blocks_manager.o
 .text._ZN2bn17bg_blocks_manager12_GLOBAL__N_110items_list12insert_afterEiRKNS1_9item_typeE.constprop.0
                0x08004fc4      0x268 bn_bg_blocks_manager.o
 .text._ZN2bn17bg_blocks_manager4initEv
                0x0800522c       0x90 bn_bg_blocks_manager.o
                0x0800522c                bn::bg_blocks_manager::init()
 .text._ZN2bn17bg_blocks_manager11must_commitEi
                0x080052bc       0x18 bn_bg_blocks_manager.o
                0x080052bc                bn::bg_blocks_manager::must_commit(int)
 .text._ZN2bn17bg_blocks_manager6updateEv
                0x080052d4      0x260 bn_bg_blocks_manager.o
                0x080052d4                bn::bg_blocks_manager::update()
 .text._ZN3_bn6assert9show_argsIA52_ctEEvPKcS4_S4_iRKT_RKT0_
                0x08005534       0x54 bn_bg_blocks_manager.o
                0x08005534                void _bn::assert::show_args<char [52], unsigned short>(char const*, char const*, char const*, int, char const (&) [52], unsigned short const&)
 .text._ZN3_bn6assert9show_argsIJA20_ciA4_ctEEEvPKcS5_S5_iDpRKT_
                0x08005588       0x58 bn_bg_blocks_manager.o
                0x08005588                void _bn::assert::show_args<char [20], int, char [4], unsigned short>(char const*, char const*, char const*, int, char const (&) [20], int const&, char const (&) [4], unsigned short const&)
 .text._ZN3_bn6assert9show_argsIJA22_ciA4_ciEEEvPKcS5_S5_iDpRKT_
                0x080055e0       0x58 bn_bg_blocks_manager.o
                0x080055e0                void _bn::assert::show_args<char [22], int, char [4], int>(char const*, char const*, char const*, int, char const (&) [22], int const&, char const (&) [4], int const&)
 .text._ZN3_bn6assert9show_argsIJA58_ciA4_ciEEEvPKcS5_S5_iDpRKT_
                0x08005638       0x58 bn_bg_blocks_manager.o
                0x08005638                void _bn::assert::show_args<char [58], int, char [4], int>(char const*, char const*, char const*, int, char const (&) [58], int const&, char const (&) [4], int const&)
 .text._ZN3_bn6assert9show_argsIA38_cEEvPKcS4_S4_iRKT_
                0x08005690       0x48 bn_bg_blocks_manager.o
                0x08005690                void _bn::assert::show_args<char [38]>(char const*, char const*, char const*, int, char const (&) [38])
 .text._ZN3_bn6assert9show_argsIA27_ciEEvPKcS4_S4_iRKT_RKT0_
                0x080056d8       0x54 bn_bg_blocks_manager.o
                0x080056d8                void _bn::assert::show_args<char [27], int>(char const*, char const*, char const*, int, char const (&) [27], int const&)
 .text._ZN2bn17bg_blocks_manager12_GLOBAL__N_1L10_hw_commitEPKtNS_16compression_typeEibPt
                0x0800572c       0x68 bn_bg_blocks_manager.o
 .text._ZN3_bn6assert9show_argsIA22_ciEEvPKcS4_S4_iRKT_RKT0_
                0x08005794       0x54 bn_bg_blocks_manager.o
                0x08005794                void _bn::assert::show_args<char [22], int>(char const*, char const*, char const*, int, char const (&) [22], int const&)
 .text._ZN3_bn6assert9show_argsIA19_cEEvPKcS4_S4_iRKT_
                0x080057e8       0x48 bn_bg_blocks_manager.o
                0x080057e8                void _bn::assert::show_args<char [19]>(char const*, char const*, char const*, int, char const (&) [19])
 .text._ZN2bn17bg_blocks_manager12_GLOBAL__N_1L16_find_tiles_implEPKtNS_16compression_typeEib
                0x08005830       0xf4 bn_bg_blocks_manager.o
 .text._ZN2bn17bg_blocks_manager12_GLOBAL__N_1L17_fix_blocks_countERKNS1_9item_typeEi
                0x08005924       0x78 bn_bg_blocks_manager.o
 .text._ZN3_bn6assert9show_argsIJA31_cA15_cPKtA16_ciA17_ciA34_cN2bn11string_viewEEEEvPKcSC_SC_iDpRKT_
                0x0800599c       0x90 bn_bg_blocks_manager.o
                0x0800599c                void _bn::assert::show_args<char [31], char [15], unsigned short const*, char [16], int, char [17], int, char [34], bn::string_view>(char const*, char const*, char const*, int, char const (&) [31], char const (&) [15], unsigned short const* const&, char const (&) [16], int const&, char const (&) [17], int const&, char const (&) [34], bn::string_view const&)
 .text._ZN3_bn6assert9show_argsIA31_cEEvPKcS4_S4_iRKT_
                0x08005a2c       0x48 bn_bg_blocks_manager.o
                0x08005a2c                void _bn::assert::show_args<char [31]>(char const*, char const*, char const*, int, char const (&) [31])
 .text._ZN2bn17bg_blocks_manager22set_affine_map_paletteEiONS_14bg_palette_ptrE
                0x08005a74       0x90 bn_bg_blocks_manager.o
                0x08005a74                bn::bg_blocks_manager::set_affine_map_palette(int, bn::bg_palette_ptr&&)
 .text._ZNK2bn17affine_bg_map_ptr15big_canvas_sizeEv
                0x08005b04       0x4c bn_bg_blocks_manager.o
                0x08005b04                bn::affine_bg_map_ptr::big_canvas_size() const
 .text._ZN3_bn6assert9show_argsIA22_cEEvPKcS4_S4_iRKT_
                0x08005b50       0x48 bn_bg_blocks_manager.o
                0x08005b50                void _bn::assert::show_args<char [22]>(char const*, char const*, char const*, int, char const (&) [22])
 .text._ZNK2bn18regular_bg_map_ptr5tilesEv
                0x08005b98       0x48 bn_bg_blocks_manager.o
                0x08005b98                bn::regular_bg_map_ptr::tiles() const
 .text._ZNK2bn17affine_bg_map_ptr5tilesEv
                0x08005be0       0x48 bn_bg_blocks_manager.o
                0x08005be0                bn::affine_bg_map_ptr::tiles() const
 .text._ZNK2bn17affine_bg_map_ptr7paletteEv
                0x08005c28       0x48 bn_bg_blocks_manager.o
                0x08005c28                bn::affine_bg_map_ptr::palette() const
 .text._ZNK2bn18regular_bg_map_ptr3bppEv
                0x08005c70       0x4c bn_bg_blocks_manager.o
                0x08005c70                bn::regular_bg_map_ptr::bpp() const
 .text._ZN2bn17bg_blocks_manager21update_affine_map_rowEiii
                0x08005cbc      0x15c bn_bg_blocks_manager.o
                0x08005cbc                bn::bg_blocks_manager::update_affine_map_row(int, int, int)
 .text._ZN2bn17bg_blocks_manager28update_affine_map_bottom_rowEiii
                0x08005e18       0x30 bn_bg_blocks_manager.o
                0x08005e18                bn::bg_blocks_manager::update_affine_map_bottom_row(int, int, int)
 .text._ZN2bn17bg_blocks_manager20set_affine_map_tilesEiONS_19affine_bg_tiles_ptrE
                0x08005e48      0x130 bn_bg_blocks_manager.o
                0x08005e48                bn::bg_blocks_manager::set_affine_map_tiles(int, bn::affine_bg_tiles_ptr&&)
 .text._ZN2bn17bg_blocks_manager12_GLOBAL__N_1L21_find_affine_map_implERKNS_18affine_bg_map_itemEPKhRKNS_19affine_bg_tiles_ptrERKNS_14bg_palette_ptrE
                0x08005f78      0x1e0 bn_bg_blocks_manager.o
 .text._ZNK2bn18affine_bg_map_item8find_mapERKNS_19affine_bg_tiles_ptrERKNS_14bg_palette_ptrE
                0x08006158       0x24 bn_bg_blocks_manager.o
                0x08006158                bn::affine_bg_map_item::find_map(bn::affine_bg_tiles_ptr const&, bn::bg_palette_ptr const&) const
 .text._ZNK2bn18affine_bg_map_item8find_mapERKNS_19affine_bg_tiles_ptrERKNS_14bg_palette_ptrEi
                0x0800617c       0x98 bn_bg_blocks_manager.o
                0x0800617c                bn::affine_bg_map_item::find_map(bn::affine_bg_tiles_ptr const&, bn::bg_palette_ptr const&, int) const
 .text._ZN2bn17bg_blocks_manager23set_affine_map_positionEiii
                0x08006214      0x1f0 bn_bg_blocks_manager.o
                0x08006214                bn::bg_blocks_manager::set_affine_map_position(int, int, int)
 .text._ZN2bn17bg_blocks_manager21update_affine_map_colEiii
                0x08006404      0x318 bn_bg_blocks_manager.o
                0x08006404                bn::bg_blocks_manager::update_affine_map_col(int, int, int)
 .text._ZN2bn17bg_blocks_manager27update_affine_map_right_colEiii
                0x0800671c       0x30 bn_bg_blocks_manager.o
                0x0800671c                bn::bg_blocks_manager::update_affine_map_right_col(int, int, int)
 .text._ZN2bn17bg_blocks_manager22update_regular_map_rowEiii
                0x0800674c      0x19c bn_bg_blocks_manager.o
                0x0800674c                bn::bg_blocks_manager::update_regular_map_row(int, int, int)
 .text._ZN2bn17bg_blocks_manager22update_regular_map_colEiii
                0x080068e8      0x1f0 bn_bg_blocks_manager.o
                0x080068e8                bn::bg_blocks_manager::update_regular_map_col(int, int, int)
 .text._ZN2bn17bg_blocks_manager24set_regular_map_positionEiii
                0x08006ad8      0x210 bn_bg_blocks_manager.o
                0x08006ad8                bn::bg_blocks_manager::set_regular_map_position(int, int, int)
 .text._ZN2bn17bg_blocks_manager12_GLOBAL__N_1L12_commit_itemERKNS1_9item_typeEb
                0x08006ce8      0x1d8 bn_bg_blocks_manager.o
 .text._ZN2bn17bg_blocks_manager19commit_uncompressedEb
                0x08006ec0       0x54 bn_bg_blocks_manager.o
                0x08006ec0                bn::bg_blocks_manager::commit_uncompressed(bool)
 .text._ZN2bn17bg_blocks_manager17commit_compressedEv
                0x08006f14       0x48 bn_bg_blocks_manager.o
                0x08006f14                bn::bg_blocks_manager::commit_compressed()
 .text._ZN2bn17bg_blocks_manager12_GLOBAL__N_1L12_create_itemEiibONS1_11create_dataE
                0x08006f5c      0x4f8 bn_bg_blocks_manager.o
 .text._ZN2bn17bg_blocks_manager12_GLOBAL__N_1L12_create_implEONS1_11create_dataE
                0x08007454      0x214 bn_bg_blocks_manager.o
 .text._ZN2bn17bg_blocks_manager19create_affine_tilesERKNS_20affine_bg_tiles_itemEb
                0x08007668      0x130 bn_bg_blocks_manager.o
                0x08007668                bn::bg_blocks_manager::create_affine_tiles(bn::affine_bg_tiles_item const&, bool)
 .text._ZN2bn17bg_blocks_manager17create_affine_mapERKNS_18affine_bg_map_itemEPKhONS_19affine_bg_tiles_ptrEONS_14bg_palette_ptrEb
                0x08007798      0x33c bn_bg_blocks_manager.o
                0x08007798                bn::bg_blocks_manager::create_affine_map(bn::affine_bg_map_item const&, unsigned char const*, bn::affine_bg_tiles_ptr&&, bn::bg_palette_ptr&&, bool)
 .text._ZN2bn17affine_bg_map_ptr6createERKNS_18affine_bg_map_itemENS_19affine_bg_tiles_ptrENS_14bg_palette_ptrE
                0x08007ad4       0x20 bn_bg_blocks_manager.o
                0x08007ad4                bn::affine_bg_map_ptr::create(bn::affine_bg_map_item const&, bn::affine_bg_tiles_ptr, bn::bg_palette_ptr)
 .text._ZN2bn17affine_bg_map_ptr6createERKNS_18affine_bg_map_itemENS_19affine_bg_tiles_ptrENS_14bg_palette_ptrEi
                0x08007af4       0x90 bn_bg_blocks_manager.o
                0x08007af4                bn::affine_bg_map_ptr::create(bn::affine_bg_map_item const&, bn::affine_bg_tiles_ptr, bn::bg_palette_ptr, int)
 .text._ZN2bn17affine_bg_map_ptr6createERKNS_14affine_bg_itemE
                0x08007b84       0x64 bn_bg_blocks_manager.o
                0x08007b84                bn::affine_bg_map_ptr::create(bn::affine_bg_item const&)
 .text._ZN2bn17affine_bg_map_ptr6createERKNS_14affine_bg_itemEi
                0x08007be8       0xd4 bn_bg_blocks_manager.o
                0x08007be8                bn::affine_bg_map_ptr::create(bn::affine_bg_item const&, int)
 .text._ZN3_bn6assert9show_argsIA39_ciEEvPKcS4_S4_iRKT_RKT0_
                0x08007cbc       0x54 bn_bg_blocks_manager.o
                0x08007cbc                void _bn::assert::show_args<char [39], int>(char const*, char const*, char const*, int, char const (&) [39], int const&)
 .text.startup._GLOBAL__sub_I__ZN2bn7bg_maps16used_cells_countEv
                0x08007d10       0x88 bn_bg_blocks_manager.o
 .text._ZN2bn11bgs_manager12_GLOBAL__N_1L28_check_unique_affine_big_mapERNS1_9item_typeE
                0x08007d98       0x6c bn_bgs_manager.o
 .text._ZN2bn11bgs_manager12_GLOBAL__N_111static_dataD2Ev
                0x08007e04       0x10 bn_bgs_manager.o
 .text._ZN2bn11bgs_manager12_GLOBAL__N_1L33_update_item_hw_affine_attributesERKNS1_9item_typeE
                0x08007e14       0x48 bn_bgs_manager.o
 .text._ZN2bn13affine_bg_ptrC2ERKS0_
                0x08007e5c        0xc bn_bgs_manager.o
                0x08007e5c                bn::affine_bg_ptr::affine_bg_ptr(bn::affine_bg_ptr const&)
                0x08007e5c                bn::affine_bg_ptr::affine_bg_ptr(bn::affine_bg_ptr const&)
 .text._ZNK2bn13affine_bg_ptr1xEv
                0x08007e68        0x8 bn_bgs_manager.o
                0x08007e68                bn::affine_bg_ptr::x() const
 .text._ZN2bn13affine_bg_ptr5set_xENS_7fixed_tILi12EEE
                0x08007e70       0x84 bn_bgs_manager.o
                0x08007e70                bn::affine_bg_ptr::set_x(bn::fixed_t<12>)
 .text._ZNK2bn13affine_bg_ptr1yEv
                0x08007ef4        0x8 bn_bgs_manager.o
                0x08007ef4                bn::affine_bg_ptr::y() const
 .text._ZN2bn13affine_bg_ptr5set_yENS_7fixed_tILi12EEE
                0x08007efc       0x84 bn_bgs_manager.o
                0x08007efc                bn::affine_bg_ptr::set_y(bn::fixed_t<12>)
 .text._ZNK2bn13affine_bg_ptr8positionEv
                0x08007f80        0x8 bn_bgs_manager.o
                0x08007f80                bn::affine_bg_ptr::position() const
 .text._ZNK2bn13affine_bg_ptr14rotation_angleEv
                0x08007f88        0x8 bn_bgs_manager.o
                0x08007f88                bn::affine_bg_ptr::rotation_angle() const
 .text._ZNK2bn13affine_bg_ptr16horizontal_scaleEv
                0x08007f90        0x8 bn_bgs_manager.o
                0x08007f90                bn::affine_bg_ptr::horizontal_scale() const
 .text._ZNK2bn13affine_bg_ptr14vertical_scaleEv
                0x08007f98        0x8 bn_bgs_manager.o
                0x08007f98                bn::affine_bg_ptr::vertical_scale() const
 .text._ZNK2bn13affine_bg_ptr16horizontal_shearEv
                0x08007fa0        0x8 bn_bgs_manager.o
                0x08007fa0                bn::affine_bg_ptr::horizontal_shear() const
 .text._ZN2bn13affine_bg_ptr20set_horizontal_shearENS_7fixed_tILi12EEE
                0x08007fa8       0xb0 bn_bgs_manager.o
                0x08007fa8                bn::affine_bg_ptr::set_horizontal_shear(bn::fixed_t<12>)
 .text._ZNK2bn13affine_bg_ptr14vertical_shearEv
                0x08008058        0x8 bn_bgs_manager.o
                0x08008058                bn::affine_bg_ptr::vertical_shear() const
 .text._ZN2bn13affine_bg_ptr18set_vertical_shearENS_7fixed_tILi12EEE
                0x08008060       0xa4 bn_bgs_manager.o
                0x08008060                bn::affine_bg_ptr::set_vertical_shear(bn::fixed_t<12>)
 .text._ZNK2bn13affine_bg_ptr15horizontal_flipEv
                0x08008104        0xc bn_bgs_manager.o
                0x08008104                bn::affine_bg_ptr::horizontal_flip() const
 .text._ZN2bn13affine_bg_ptr19set_horizontal_flipEb
                0x08008110       0xb8 bn_bgs_manager.o
                0x08008110                bn::affine_bg_ptr::set_horizontal_flip(bool)
 .text._ZN2bn13affine_bg_ptr17set_vertical_flipEb
                0x080081c8       0xb4 bn_bgs_manager.o
                0x080081c8                bn::affine_bg_ptr::set_vertical_flip(bool)
 .text._ZNK2bn13affine_bg_ptr7pivot_xEv
                0x0800827c        0x8 bn_bgs_manager.o
                0x0800827c                bn::affine_bg_ptr::pivot_x() const
 .text._ZN2bn13affine_bg_ptr11set_pivot_xENS_7fixed_tILi12EEE
                0x08008284       0x54 bn_bgs_manager.o
                0x08008284                bn::affine_bg_ptr::set_pivot_x(bn::fixed_t<12>)
 .text._ZNK2bn13affine_bg_ptr7pivot_yEv
                0x080082d8        0x8 bn_bgs_manager.o
                0x080082d8                bn::affine_bg_ptr::pivot_y() const
 .text._ZN2bn13affine_bg_ptr11set_pivot_yENS_7fixed_tILi12EEE
                0x080082e0       0x54 bn_bgs_manager.o
                0x080082e0                bn::affine_bg_ptr::set_pivot_y(bn::fixed_t<12>)
 .text._ZNK2bn13affine_bg_ptr14pivot_positionEv
                0x08008334        0x8 bn_bgs_manager.o
                0x08008334                bn::affine_bg_ptr::pivot_position() const
 .text._ZN2bn13affine_bg_ptr18set_pivot_positionERKNS_13fixed_point_tILi12EEE
                0x0800833c       0x90 bn_bgs_manager.o
                0x0800833c                bn::affine_bg_ptr::set_pivot_position(bn::fixed_point_t<12> const&)
 .text._ZNK2bn13affine_bg_ptr14mat_attributesEv
                0x080083cc        0x8 bn_bgs_manager.o
                0x080083cc                bn::affine_bg_ptr::mat_attributes() const
 .text._ZNK2bn13affine_bg_ptr16wrapping_enabledEv
                0x080083d4        0xc bn_bgs_manager.o
                0x080083d4                bn::affine_bg_ptr::wrapping_enabled() const
 .text._ZN2bn13affine_bg_ptr20set_wrapping_enabledEb
                0x080083e0       0x50 bn_bgs_manager.o
                0x080083e0                bn::affine_bg_ptr::set_wrapping_enabled(bool)
 .text._ZNK2bn13affine_bg_ptr7visibleEv
                0x08008430        0xc bn_bgs_manager.o
                0x08008430                bn::affine_bg_ptr::visible() const
 .text._ZN2bn13affine_bg_ptr11set_visibleEb
                0x0800843c       0x34 bn_bgs_manager.o
                0x0800843c                bn::affine_bg_ptr::set_visible(bool)
 .text._ZNK2bn14affine_bg_item10create_mapEv
                0x08008470       0x10 bn_bgs_manager.o
                0x08008470                bn::affine_bg_item::create_map() const
 .text._ZN2bn11bgs_manager4initEv
                0x08008480       0x8c bn_bgs_manager.o
                0x08008480                bn::bgs_manager::init()
 .text._ZN2bn11bgs_manager5hw_idEPv
                0x0800850c        0x8 bn_bgs_manager.o
                0x0800850c                bn::bgs_manager::hw_id(void*)
 .text._ZN2bn11bgs_manager11hw_positionEPv
                0x08008514        0x4 bn_bgs_manager.o
                0x08008514                bn::bgs_manager::hw_position(void*)
 .text._ZN2bn11bgs_manager19set_affine_positionEPvRKNS_13fixed_point_tILi12EEE
                0x08008518       0xf8 bn_bgs_manager.o
                0x08008518                bn::bgs_manager::set_affine_position(void*, bn::fixed_point_t<12> const&)
 .text._ZN2bn13affine_bg_ptr12set_positionERKNS_13fixed_point_tILi12EEE
                0x08008610       0x10 bn_bgs_manager.o
                0x08008610                bn::affine_bg_ptr::set_position(bn::fixed_point_t<12> const&)
 .text._ZN2bn11bgs_manager9set_shearEPvNS_7fixed_tILi12EEE
                0x08008620       0xec bn_bgs_manager.o
                0x08008620                bn::bgs_manager::set_shear(void*, bn::fixed_t<12>)
 .text._ZN2bn13affine_bg_ptr9set_shearENS_7fixed_tILi12EEE
                0x0800870c       0x10 bn_bgs_manager.o
                0x0800870c                bn::affine_bg_ptr::set_shear(bn::fixed_t<12>)
 .text._ZN2bn11bgs_manager14mat_attributesEPv
                0x0800871c        0x4 bn_bgs_manager.o
                0x0800871c                bn::bgs_manager::mat_attributes(void*)
 .text._ZN2bn11bgs_manager18set_mat_attributesEPvRKNS_21affine_mat_attributesE
                0x08008720      0x108 bn_bgs_manager.o
                0x08008720                bn::bgs_manager::set_mat_attributes(void*, bn::affine_mat_attributes const&)
 .text._ZN2bn13affine_bg_ptr18set_mat_attributesERKNS_21affine_mat_attributesE
                0x08008828       0x10 bn_bgs_manager.o
                0x08008828                bn::affine_bg_ptr::set_mat_attributes(bn::affine_mat_attributes const&)
 .text._ZN2bn11bgs_manager9put_aboveEPv
                0x08008838       0x64 bn_bgs_manager.o
                0x08008838                bn::bgs_manager::put_above(void*)
 .text._ZN2bn13affine_bg_ptr9put_aboveEv
                0x0800889c       0x10 bn_bgs_manager.o
                0x0800889c                bn::affine_bg_ptr::put_above()
 .text._ZN2bn11bgs_manager18set_show_in_windowEPvib
                0x080088ac       0x18 bn_bgs_manager.o
                0x080088ac                bn::bgs_manager::set_show_in_window(void*, int, bool)
 .text._ZN2bn11bgs_manager20update_windows_flagsEPj
                0x080088c4       0x7c bn_bgs_manager.o
                0x080088c4                bn::bgs_manager::update_windows_flags(unsigned int*)
 .text._ZN2bn11bgs_manager14update_camerasEv
                0x08008940      0x134 bn_bgs_manager.o
                0x08008940                bn::bgs_manager::update_cameras()
 .text._ZN2bn11bgs_manager27update_affine_map_tiles_cbbEii
                0x08008a74       0x94 bn_bgs_manager.o
                0x08008a74                bn::bgs_manager::update_affine_map_tiles_cbb(int, int)
 .text._ZN2bn11bgs_manager6reloadEv
                0x08008b08       0x14 bn_bgs_manager.o
                0x08008b08                bn::bgs_manager::reload()
 .text._ZN2bn11bgs_manager36fill_hblank_effect_regular_positionsEiPKNS_7fixed_tILi12EEEPt
                0x08008b1c       0x38 bn_bgs_manager.o
                0x08008b1c                bn::bgs_manager::fill_hblank_effect_regular_positions(int, bn::fixed_t<12> const*, unsigned short*)
 .text._ZN2bn11bgs_manager45fill_hblank_effect_pivot_horizontal_positionsEPvPKNS_7fixed_tILi12EEEPj
                0x08008b54       0x28 bn_bgs_manager.o
                0x08008b54                bn::bgs_manager::fill_hblank_effect_pivot_horizontal_positions(void*, bn::fixed_t<12> const*, unsigned int*)
 .text._ZN2bn11bgs_manager43fill_hblank_effect_pivot_vertical_positionsEPvPKNS_7fixed_tILi12EEEPj
                0x08008b7c       0x28 bn_bgs_manager.o
                0x08008b7c                bn::bgs_manager::fill_hblank_effect_pivot_vertical_positions(void*, bn::fixed_t<12> const*, unsigned int*)
 .text._ZN2bn11bgs_manager6commitEb
                0x08008ba4       0x58 bn_bgs_manager.o
                0x08008ba4                bn::bgs_manager::commit(bool)
 .text._ZN2bn11bgs_manager4stopEv
                0x08008bfc       0x28 bn_bgs_manager.o
                0x08008bfc                bn::bgs_manager::stop()
 .text._ZN3_bn6assert9show_argsIA17_ciEEvPKcS4_S4_iRKT_RKT0_
                0x08008c24       0x54 bn_bgs_manager.o
                0x08008c24                void _bn::assert::show_args<char [17], int>(char const*, char const*, char const*, int, char const (&) [17], int const&)
 .text._ZN3_bn6assert9show_argsIA30_cEEvPKcS4_S4_iRKT_
                0x08008c78       0x48 bn_bgs_manager.o
                0x08008c78                void _bn::assert::show_args<char [30]>(char const*, char const*, char const*, int, char const (&) [30])
 .text._ZN2bn11bgs_manager15commit_big_mapsEv
                0x08008cc0      0x208 bn_bgs_manager.o
                0x08008cc0                bn::bgs_manager::commit_big_maps()
 .text._ZN2bn17affine_bg_builder11release_mapEv
                0x08008ec8       0x70 bn_bgs_manager.o
                0x08008ec8                bn::affine_bg_builder::release_map()
 .text._ZN2bn11bgs_manager10affine_mapEPv
                0x08008f38       0x34 bn_bgs_manager.o
                0x08008f38                bn::bgs_manager::affine_map(void*)
 .text._ZN2bn11bgs_manager11regular_mapEPv
                0x08008f6c       0x34 bn_bgs_manager.o
                0x08008f6c                bn::bgs_manager::regular_map(void*)
 .text._ZNK2bn13affine_bg_ptr5tilesEv
                0x08008fa0       0x3c bn_bgs_manager.o
                0x08008fa0                bn::affine_bg_ptr::tiles() const
 .text._ZNK2bn13affine_bg_ptr7paletteEv
                0x08008fdc       0x3c bn_bgs_manager.o
                0x08008fdc                bn::affine_bg_ptr::palette() const
 .text._ZNK2bn13affine_bg_ptr10attributesEv
                0x08009018       0x8c bn_bgs_manager.o
                0x08009018                bn::affine_bg_ptr::attributes() const
 .text._ZN3_bn6assert9show_argsIA27_cEEvPKcS4_S4_iRKT_
                0x080090a4       0x48 bn_bgs_manager.o
                0x080090a4                void _bn::assert::show_args<char [27]>(char const*, char const*, char const*, int, char const (&) [27])
 .text._ZN3_bn6assert9show_argsIA46_cEEvPKcS4_S4_iRKT_
                0x080090ec       0x48 bn_bgs_manager.o
                0x080090ec                void _bn::assert::show_args<char [46]>(char const*, char const*, char const*, int, char const (&) [46])
 .text._ZN3_bn6assert9show_argsIA45_cEEvPKcS4_S4_iRKT_
                0x08009134       0x48 bn_bgs_manager.o
                0x08009134                void _bn::assert::show_args<char [45]>(char const*, char const*, char const*, int, char const (&) [45])
 .text._ZN2bn11bgs_manager37fill_hblank_effect_regular_attributesEPvPKNS_21regular_bg_attributesEPt
                0x0800917c      0x118 bn_bgs_manager.o
                0x0800917c                bn::bgs_manager::fill_hblank_effect_regular_attributes(void*, bn::regular_bg_attributes const*, unsigned short*)
 .text._ZN2bn11bgs_manager36fill_hblank_effect_affine_attributesEPvPKNS_20affine_bg_attributesEPt
                0x08009294      0x10c bn_bgs_manager.o
                0x08009294                bn::bgs_manager::fill_hblank_effect_affine_attributes(void*, bn::affine_bg_attributes const*, unsigned short*)
 .text._ZN2bn11bgs_manager15rebuild_handlesEv.part.0
                0x080093a0      0x1a4 bn_bgs_manager.o
 .text._ZN2bn11bgs_manager6updateEv
                0x08009544      0x158 bn_bgs_manager.o
                0x08009544                bn::bgs_manager::update()
 .text._ZN3_bn6assert9show_argsIA16_cN2bn7fixed_tILi12EEEEEvPKcS7_S7_iRKT_RKT0_
                0x0800969c       0x54 bn_bgs_manager.o
                0x0800969c                void _bn::assert::show_args<char [16], bn::fixed_t<12> >(char const*, char const*, char const*, int, char const (&) [16], bn::fixed_t<12> const&)
 .text._ZN2bn11bgs_manager9set_scaleEPvNS_7fixed_tILi12EEE
                0x080096f0      0x188 bn_bgs_manager.o
                0x080096f0                bn::bgs_manager::set_scale(void*, bn::fixed_t<12>)
 .text._ZN2bn13affine_bg_ptr9set_scaleENS_7fixed_tILi12EEE
                0x08009878       0x10 bn_bgs_manager.o
                0x08009878                bn::affine_bg_ptr::set_scale(bn::fixed_t<12>)
 .text._ZN2bn11bgs_manager18set_rotation_angleEPvNS_7fixed_tILi12EEE
                0x08009888      0x194 bn_bgs_manager.o
                0x08009888                bn::bgs_manager::set_rotation_angle(void*, bn::fixed_t<12>)
 .text._ZN2bn13affine_bg_ptr18set_rotation_angleENS_7fixed_tILi12EEE
                0x08009a1c       0x10 bn_bgs_manager.o
                0x08009a1c                bn::affine_bg_ptr::set_rotation_angle(bn::fixed_t<12>)
 .text._ZN2bn11bgs_manager20set_horizontal_scaleEPvNS_7fixed_tILi12EEE
                0x08009a2c      0x114 bn_bgs_manager.o
                0x08009a2c                bn::bgs_manager::set_horizontal_scale(void*, bn::fixed_t<12>)
 .text._ZN2bn13affine_bg_ptr20set_horizontal_scaleENS_7fixed_tILi12EEE
                0x08009b40       0x10 bn_bgs_manager.o
                0x08009b40                bn::affine_bg_ptr::set_horizontal_scale(bn::fixed_t<12>)
 .text._ZN2bn11bgs_manager18set_vertical_scaleEPvNS_7fixed_tILi12EEE
                0x08009b50      0x114 bn_bgs_manager.o
                0x08009b50                bn::bgs_manager::set_vertical_scale(void*, bn::fixed_t<12>)
 .text._ZN2bn13affine_bg_ptr18set_vertical_scaleENS_7fixed_tILi12EEE
                0x08009c64       0x10 bn_bgs_manager.o
                0x08009c64                bn::affine_bg_ptr::set_vertical_scale(bn::fixed_t<12>)
 .text._ZN2bn11bgs_manager12_GLOBAL__N_19item_type17update_affine_mapEb
                0x08009c74      0x260 bn_bgs_manager.o
 .text._ZN2bn11bgs_manager14set_affine_mapEPvRKNS_17affine_bg_map_ptrE
                0x08009ed4       0xac bn_bgs_manager.o
                0x08009ed4                bn::bgs_manager::set_affine_map(void*, bn::affine_bg_map_ptr const&)
 .text._ZN2bn13affine_bg_ptr7set_mapERKNS_17affine_bg_map_ptrE
                0x08009f80       0x10 bn_bgs_manager.o
                0x08009f80                bn::affine_bg_ptr::set_map(bn::affine_bg_map_ptr const&)
 .text._ZN2bn11bgs_manager14set_affine_mapEPvONS_17affine_bg_map_ptrE
                0x08009f90       0xac bn_bgs_manager.o
                0x08009f90                bn::bgs_manager::set_affine_map(void*, bn::affine_bg_map_ptr&&)
 .text._ZN2bn13affine_bg_ptr7set_mapERKNS_18affine_bg_map_itemE
                0x0800a03c      0x108 bn_bgs_manager.o
                0x0800a03c                bn::affine_bg_ptr::set_map(bn::affine_bg_map_item const&)
 .text._ZN2bn13affine_bg_ptr7set_mapERKNS_18affine_bg_map_itemEi
                0x0800a144      0x114 bn_bgs_manager.o
                0x0800a144                bn::affine_bg_ptr::set_map(bn::affine_bg_map_item const&, int)
 .text._ZN2bn11bgs_manager12_GLOBAL__N_19item_typeC2EONS_17affine_bg_builderEONS_17affine_bg_map_ptrE.isra.0
                0x0800a258      0x218 bn_bgs_manager.o
 .text._ZN2bn11bgs_manager12_GLOBAL__N_1L12_insert_itemERNS1_9item_typeE
                0x0800a470      0x104 bn_bgs_manager.o
 .text._ZN3_bn6assert9show_argsIA13_cEEvPKcS4_S4_iRKT_
                0x0800a574       0x48 bn_bgs_manager.o
                0x0800a574                void _bn::assert::show_args<char [13]>(char const*, char const*, char const*, int, char const (&) [13])
 .text._ZN2bn11bgs_manager6createEONS_17affine_bg_builderE
                0x0800a5bc       0xc8 bn_bgs_manager.o
                0x0800a5bc                bn::bgs_manager::create(bn::affine_bg_builder&&)
 .text._ZN2bn13affine_bg_ptr6createERKNS_17affine_bg_builderE
                0x0800a684       0xc4 bn_bgs_manager.o
                0x0800a684                bn::affine_bg_ptr::create(bn::affine_bg_builder const&)
 .text._ZNK2bn17affine_bg_builder5buildEv
                0x0800a748       0x10 bn_bgs_manager.o
                0x0800a748                bn::affine_bg_builder::build() const
 .text._ZNK2bn14affine_bg_item9create_bgENS_7fixed_tILi12EEES2_
                0x0800a758       0xbc bn_bgs_manager.o
                0x0800a758                bn::affine_bg_item::create_bg(bn::fixed_t<12>, bn::fixed_t<12>) const
 .text._ZN2bn5eraseIPNS_11bgs_manager12_GLOBAL__N_19item_typeEEENS_7ivectorIT_E9size_typeERS7_RKS6_.constprop.0.isra.0
                0x0800a814      0x144 bn_bgs_manager.o
 .text._ZN2bn11bgs_manager15decrease_usagesEPv
                0x0800a958       0xa8 bn_bgs_manager.o
                0x0800a958                bn::bgs_manager::decrease_usages(void*)
 .text._ZN2bn13affine_bg_ptrD2Ev
                0x0800aa00       0x18 bn_bgs_manager.o
                0x0800aa00                bn::affine_bg_ptr::~affine_bg_ptr()
                0x0800aa00                bn::affine_bg_ptr::~affine_bg_ptr()
 .text._ZN2bn11bgs_manager12set_priorityEPvi
                0x0800aa18       0x68 bn_bgs_manager.o
                0x0800aa18                bn::bgs_manager::set_priority(void*, int)
 .text._ZN2bn11bgs_manager21set_affine_attributesEPvRKNS_20affine_bg_attributesE
                0x0800aa80      0x100 bn_bgs_manager.o
                0x0800aa80                bn::bgs_manager::set_affine_attributes(void*, bn::affine_bg_attributes const&)
 .text._ZN2bn13affine_bg_ptr14set_attributesERKNS_20affine_bg_attributesE
                0x0800ab80       0x10 bn_bgs_manager.o
                0x0800ab80                bn::affine_bg_ptr::set_attributes(bn::affine_bg_attributes const&)
 .text._ZN2bn13affine_bg_ptr11set_z_orderEi
                0x0800ab90       0x6c bn_bgs_manager.o
                0x0800ab90                bn::affine_bg_ptr::set_z_order(int)
 .text._ZN2bn13affine_bg_ptr12set_priorityEi
                0x0800abfc       0x68 bn_bgs_manager.o
                0x0800abfc                bn::affine_bg_ptr::set_priority(int)
 .text.startup._GLOBAL__sub_I__ZN2bn3bgs16used_items_countEv
                0x0800ac64       0x90 bn_bgs_manager.o
 .text._ZN2bn10camera_ptrC2ERKS0_
                0x0800acf4       0x20 bn_cameras_manager.o
                0x0800acf4                bn::camera_ptr::camera_ptr(bn::camera_ptr const&)
                0x0800acf4                bn::camera_ptr::camera_ptr(bn::camera_ptr const&)
 .text._ZN2bn10camera_ptraSERKS0_
                0x0800ad14       0x70 bn_cameras_manager.o
                0x0800ad14                bn::camera_ptr::operator=(bn::camera_ptr const&)
 .text._ZN2bn10camera_ptrD2Ev
                0x0800ad84       0x38 bn_cameras_manager.o
                0x0800ad84                bn::camera_ptr::~camera_ptr()
                0x0800ad84                bn::camera_ptr::~camera_ptr()
 .text._ZNK2bn10camera_ptr1xEv
                0x0800adbc       0x14 bn_cameras_manager.o
                0x0800adbc                bn::camera_ptr::x() const
 .text._ZNK2bn10camera_ptr1yEv
                0x0800add0       0x14 bn_cameras_manager.o
                0x0800add0                bn::camera_ptr::y() const
 .text._ZNK2bn10camera_ptr8positionEv
                0x0800ade4       0x14 bn_cameras_manager.o
                0x0800ade4                bn::camera_ptr::position() const
 .text._ZN2bn15cameras_manager4initEv
                0x0800adf8       0x24 bn_cameras_manager.o
                0x0800adf8                bn::cameras_manager::init()
 .text._ZN2bn15cameras_manager6updateEv
                0x0800ae1c       0x28 bn_cameras_manager.o
                0x0800ae1c                bn::cameras_manager::update()
 .text.startup._GLOBAL__sub_I__ZN2bn7cameras16used_items_countEv
                0x0800ae44       0x24 bn_cameras_manager.o
 .text._ZN2bn4core12_GLOBAL__N_1L12_vblank_intrEv
                0x0800ae68       0x3c bn_core.o
 .text._ZN2bn4core12_GLOBAL__N_1L4stopEb
                0x0800aea4       0x60 bn_core.o
 .text._ZN2bn4core12_GLOBAL__N_1L11update_implEv
                0x0800af04      0x110 bn_core.o
 .text._ZN2bn4core6updateEv
                0x0800b014       0x6c bn_core.o
                0x0800b014                bn::core::update()
 .text._ZN2bn4core4initERKNS_8optionalINS_5colorEEERKNS_11string_viewE
                0x0800b080      0x138 bn_core.o
                0x0800b080                bn::core::init(bn::optional<bn::color> const&, bn::string_view const&)
 .text._ZN2bn4core4initEv
                0x0800b1b8       0x20 bn_core.o
                0x0800b1b8                bn::core::init()
 .text._ZN2bn11string_viewC2EPKc
                0x0800b1d8       0x40 bn_core.o
                0x0800b1d8                bn::string_view::string_view(char const*)
                0x0800b1d8                bn::string_view::string_view(char const*)
 .text._ZN3_bn6assert12_GLOBAL__N_1L10_show_implEPKcS3_S3_iRKN2bn11string_viewE
                0x0800b218       0x80 bn_core.o
 .text._ZN3_bn6assert4showEPKcS2_S2_iRKN2bn12istring_baseE
                0x0800b298       0x18 bn_core.o
                0x0800b298                _bn::assert::show(char const*, char const*, char const*, int, bn::istring_base const&)
 .text._ZN3_bn6assert9show_argsIA18_cEEvPKcS4_S4_iRKT_
                0x0800b2b0       0x48 bn_core.o
                0x0800b2b0                void _bn::assert::show_args<char [18]>(char const*, char const*, char const*, int, char const (&) [18])
 .text.startup._GLOBAL__sub_I__ZN2bn4core4initEv
                0x0800b2f8       0x48 bn_core.o
 .text._ZN2bn15display_manager12_GLOBAL__N_111static_dataD2Ev
                0x0800b340       0x34 bn_display_manager.o
 .text._ZN2bn15display_manager12_GLOBAL__N_1L34_update_rect_windows_hw_boundariesEi
                0x0800b374       0x7c bn_display_manager.o
 .text._ZN2bn6window11set_show_bgERKNS_13affine_bg_ptrEb
                0x0800b3f0       0x14 bn_display_manager.o
                0x0800b3f0                bn::window::set_show_bg(bn::affine_bg_ptr const&, bool)
 .text._ZN2bn15display_manager4initEv
                0x0800b404       0x98 bn_display_manager.o
                0x0800b404                bn::display_manager::init()
 .text._ZN2bn15display_manager8set_modeEi
                0x0800b49c       0x1c bn_display_manager.o
                0x0800b49c                bn::display_manager::set_mode(int)
 .text._ZN2bn15display_manager14set_bg_enabledEib
                0x0800b4b8       0x18 bn_display_manager.o
                0x0800b4b8                bn::display_manager::set_bg_enabled(int, bool)
 .text._ZN2bn15display_manager15disable_all_bgsEv
                0x0800b4d0       0x14 bn_display_manager.o
                0x0800b4d0                bn::display_manager::disable_all_bgs()
 .text._ZN2bn15display_manager13reload_mosaicEv
                0x0800b4e4       0x14 bn_display_manager.o
                0x0800b4e4                bn::display_manager::reload_mosaic()
 .text._ZN2bn15display_manager36fill_mosaic_hblank_effect_attributesEPKNS_17mosaic_attributesEPt
                0x0800b4f8       0x98 bn_display_manager.o
                0x0800b4f8                bn::display_manager::fill_mosaic_hblank_effect_attributes(bn::mosaic_attributes const*, unsigned short*)
 .text._ZN2bn15display_manager27set_blending_top_bg_enabledEib
                0x0800b590       0x20 bn_display_manager.o
                0x0800b590                bn::display_manager::set_blending_top_bg_enabled(int, bool)
 .text._ZN2bn15display_manager30set_blending_bottom_bg_enabledEib
                0x0800b5b0       0x20 bn_display_manager.o
                0x0800b5b0                bn::display_manager::set_blending_bottom_bg_enabled(int, bool)
 .text._ZN2bn15display_manager32blending_transparency_top_weightEv
                0x0800b5d0       0x18 bn_display_manager.o
                0x0800b5d0                bn::display_manager::blending_transparency_top_weight()
 .text._ZN2bn15display_manager35blending_transparency_bottom_weightEv
                0x0800b5e8       0x28 bn_display_manager.o
                0x0800b5e8                bn::display_manager::blending_transparency_bottom_weight()
 .text._ZN2bn15display_manager28reload_blending_transparencyEv
                0x0800b610       0x14 bn_display_manager.o
                0x0800b610                bn::display_manager::reload_blending_transparency()
 .text._ZN2bn15display_manager51fill_blending_transparency_hblank_effect_attributesEPKNS_32blending_transparency_attributesEPt
                0x0800b624       0x30 bn_display_manager.o
                0x0800b624                bn::display_manager::fill_blending_transparency_hblank_effect_attributes(bn::blending_transparency_attributes const*, unsigned short*)
 .text._ZN2bn15display_manager21blending_fade_enabledEv
                0x0800b654        0xc bn_display_manager.o
                0x0800b654                bn::display_manager::blending_fade_enabled()
 .text._ZN2bn15display_manager25set_blending_fade_enabledEb
                0x0800b660       0x2c bn_display_manager.o
                0x0800b660                bn::display_manager::set_blending_fade_enabled(bool)
 .text._ZN2bn15display_manager20reload_blending_fadeEv
                0x0800b68c       0x40 bn_display_manager.o
                0x0800b68c                bn::display_manager::reload_blending_fade()
 .text._ZN2bn15display_manager39fill_blending_fade_hblank_effect_alphasEPKNS_19blending_fade_alphaEPt
                0x0800b6cc       0x24 bn_display_manager.o
                0x0800b6cc                bn::display_manager::fill_blending_fade_hblank_effect_alphas(bn::blending_fade_alpha const*, unsigned short*)
 .text._ZN2bn15display_manager26update_windows_visible_bgsEv
                0x0800b6f0       0x14 bn_display_manager.o
                0x0800b6f0                bn::display_manager::update_windows_visible_bgs()
 .text._ZN2bn15display_manager36rect_window_hw_horizontal_boundariesEi
                0x0800b704       0x18 bn_display_manager.o
                0x0800b704                bn::display_manager::rect_window_hw_horizontal_boundaries(int)
 .text._ZN2bn15display_manager34rect_window_hw_vertical_boundariesEi
                0x0800b71c       0x18 bn_display_manager.o
                0x0800b71c                bn::display_manager::rect_window_hw_vertical_boundaries(int)
 .text._ZN2bn15display_manager24set_rect_window_top_leftEiRKNS_13fixed_point_tILi12EEE
                0x0800b734       0x50 bn_display_manager.o
                0x0800b734                bn::display_manager::set_rect_window_top_left(int, bn::fixed_point_t<12> const&)
 .text._ZN2bn15display_manager28set_rect_window_bottom_rightEiRKNS_13fixed_point_tILi12EEE
                0x0800b784       0x40 bn_display_manager.o
                0x0800b784                bn::display_manager::set_rect_window_bottom_right(int, bn::fixed_point_t<12> const&)
 .text._ZN2bn15display_manager30reload_rect_windows_boundariesEv
                0x0800b7c4       0x14 bn_display_manager.o
                0x0800b7c4                bn::display_manager::reload_rect_windows_boundaries()
 .text._ZN2bn15display_manager52fill_rect_window_hblank_effect_horizontal_boundariesERKSt4pairIiiEPKS1_INS_7fixed_tILi12EEES6_EPt
                0x0800b7d8      0x134 bn_display_manager.o
                0x0800b7d8                bn::display_manager::fill_rect_window_hblank_effect_horizontal_boundaries(std::pair<int, int> const&, std::pair<bn::fixed_t<12>, bn::fixed_t<12> > const*, unsigned short*)
 .text._ZN2bn15display_manager50fill_rect_window_hblank_effect_vertical_boundariesERKSt4pairIiiEPKS1_INS_7fixed_tILi12EEES6_EPt
                0x0800b90c      0x134 bn_display_manager.o
                0x0800b90c                bn::display_manager::fill_rect_window_hblank_effect_vertical_boundaries(std::pair<int, int> const&, std::pair<bn::fixed_t<12>, bn::fixed_t<12> > const*, unsigned short*)
 .text._ZN2bn15display_manager17reload_green_swapEv
                0x0800ba40       0x14 bn_display_manager.o
                0x0800ba40                bn::display_manager::reload_green_swap()
 .text._ZN2bn15display_manager36fill_green_swap_hblank_effect_statesEPKbPt
                0x0800ba54       0x38 bn_display_manager.o
                0x0800ba54                bn::display_manager::fill_green_swap_hblank_effect_states(bool const*, unsigned short*)
 .text._ZN2bn15display_manager14update_camerasEv
                0x0800ba8c       0x40 bn_display_manager.o
                0x0800ba8c                bn::display_manager::update_cameras()
 .text._ZN2bn15display_manager6updateEv
                0x0800bacc      0x244 bn_display_manager.o
                0x0800bacc                bn::display_manager::update()
 .text._ZN2bn15display_manager6commitEv
                0x0800bd10      0x130 bn_display_manager.o
                0x0800bd10                bn::display_manager::commit()
 .text._ZN2bn15display_manager4stopEv
                0x0800be40       0x30 bn_display_manager.o
                0x0800be40                bn::display_manager::stop()
 .text._ZN3_bn6assert9show_argsIA66_cEEvPKcS4_S4_iRKT_
                0x0800be70       0x48 bn_display_manager.o
                0x0800be70                void _bn::assert::show_args<char [66]>(char const*, char const*, char const*, int, char const (&) [66])
 .text._ZN3_bn6assert9show_argsIA29_cN2bn7fixed_tILi12EEEEEvPKcS7_S7_iRKT_RKT0_
                0x0800beb8       0x54 bn_display_manager.o
                0x0800beb8                void _bn::assert::show_args<char [29], bn::fixed_t<12> >(char const*, char const*, char const*, int, char const (&) [29], bn::fixed_t<12> const&)
 .text._ZN2bn8blending22set_transparency_alphaENS_7fixed_tILi12EEE
                0x0800bf0c       0x90 bn_display_manager.o
                0x0800bf0c                bn::blending::set_transparency_alpha(bn::fixed_t<12>)
 .text._ZN3_bn6assert9show_argsIA18_cN2bn7fixed_tILi12EEEEEvPKcS7_S7_iRKT_RKT0_
                0x0800bf9c       0x54 bn_display_manager.o
                0x0800bf9c                void _bn::assert::show_args<char [18], bn::fixed_t<12> >(char const*, char const*, char const*, int, char const (&) [18], bn::fixed_t<12> const&)
 .text._ZN2bn10bgs_mosaic11set_stretchENS_7fixed_tILi12EEE
                0x0800bff0       0x74 bn_display_manager.o
                0x0800bff0                bn::bgs_mosaic::set_stretch(bn::fixed_t<12>)
 .text._ZN2bn13ostringstream11append_argsINS_7fixed_tILi12EEEJA4_cS3_EEEvRKT_DpRKT0_.isra.0
                0x0800c064       0xb4 bn_display_manager.o
 .text._ZN3_bn6assert9show_argsIJA16_cN2bn7fixed_tILi12EEEA4_cS5_EEEvPKcS8_S8_iDpRKT_
                0x0800c118       0x58 bn_display_manager.o
                0x0800c118                void _bn::assert::show_args<char [16], bn::fixed_t<12>, char [4], bn::fixed_t<12> >(char const*, char const*, char const*, int, char const (&) [16], bn::fixed_t<12> const&, char const (&) [4], bn::fixed_t<12> const&)
 .text._ZN3_bn6assert9show_argsIJA17_cN2bn7fixed_tILi12EEEA4_cS5_EEEvPKcS8_S8_iDpRKT_
                0x0800c170       0x58 bn_display_manager.o
                0x0800c170                void _bn::assert::show_args<char [17], bn::fixed_t<12>, char [4], bn::fixed_t<12> >(char const*, char const*, char const*, int, char const (&) [17], bn::fixed_t<12> const&, char const (&) [4], bn::fixed_t<12> const&)
 .text._ZN2bn11rect_window16set_bottom_rightERKNS_13fixed_point_tILi12EEE
                0x0800c1c8       0x94 bn_display_manager.o
                0x0800c1c8                bn::rect_window::set_bottom_right(bn::fixed_point_t<12> const&)
 .text._ZN2bn11rect_window16set_bottom_rightENS_7fixed_tILi12EEES2_
                0x0800c25c       0x14 bn_display_manager.o
                0x0800c25c                bn::rect_window::set_bottom_right(bn::fixed_t<12>, bn::fixed_t<12>)
 .text._ZN3_bn6assert9show_argsIJA15_cN2bn7fixed_tILi12EEEA4_cS5_EEEvPKcS8_S8_iDpRKT_
                0x0800c270       0x58 bn_display_manager.o
                0x0800c270                void _bn::assert::show_args<char [15], bn::fixed_t<12>, char [4], bn::fixed_t<12> >(char const*, char const*, char const*, int, char const (&) [15], bn::fixed_t<12> const&, char const (&) [4], bn::fixed_t<12> const&)
 .text._ZN3_bn6assert9show_argsIJA14_cN2bn7fixed_tILi12EEEA4_cS5_EEEvPKcS8_S8_iDpRKT_
                0x0800c2c8       0x58 bn_display_manager.o
                0x0800c2c8                void _bn::assert::show_args<char [14], bn::fixed_t<12>, char [4], bn::fixed_t<12> >(char const*, char const*, char const*, int, char const (&) [14], bn::fixed_t<12> const&, char const (&) [4], bn::fixed_t<12> const&)
 .text._ZN2bn11rect_window12set_top_leftERKNS_13fixed_point_tILi12EEE
                0x0800c320       0x98 bn_display_manager.o
                0x0800c320                bn::rect_window::set_top_left(bn::fixed_point_t<12> const&)
 .text._ZN2bn11rect_window12set_top_leftENS_7fixed_tILi12EEES2_
                0x0800c3b8       0x14 bn_display_manager.o
                0x0800c3b8                bn::rect_window::set_top_left(bn::fixed_t<12>, bn::fixed_t<12>)
 .text.startup._GLOBAL__sub_I__ZNK2bn6window7show_bgERKNS_14regular_bg_ptrE
                0x0800c3cc       0xa4 bn_display_manager.o
 .text._ZN2bn12gpio_manager5sleepEv
                0x0800c470       0x28 bn_gpio_manager.o
                0x0800c470                bn::gpio_manager::sleep()
 .text._ZN2bn22hblank_effects_manager12_GLOBAL__N_19item_type18_output_values_ptrEv
                0x0800c498       0x40 bn_hblank_effects_manager.o
 .text._ZN2bn32affine_bg_pivot_position_hbe_ptr17reload_deltas_refEv
                0x0800c4d8       0x2c bn_hblank_effects_manager.o
                0x0800c4d8                bn::affine_bg_pivot_position_hbe_ptr::reload_deltas_ref()
 .text._ZN2bn32affine_bg_mat_attributes_hbe_ptr21reload_attributes_refEv
                0x0800c504       0xf0 bn_hblank_effects_manager.o
                0x0800c504                bn::affine_bg_mat_attributes_hbe_ptr::reload_attributes_ref()
 .text._ZN2bn22hblank_effects_manager7disableEv
                0x0800c5f4       0x24 bn_hblank_effects_manager.o
                0x0800c5f4                bn::hblank_effects_manager::disable()
 .text._ZN2bn22hblank_effects_manager4stopEv
                0x0800c618       0x38 bn_hblank_effects_manager.o
                0x0800c618                bn::hblank_effects_manager::stop()
 .text._ZN2bn22hblank_effects_manager6commitEv
                0x0800c650       0x8c bn_hblank_effects_manager.o
                0x0800c650                bn::hblank_effects_manager::commit()
 .text._ZN2bn22hblank_effects_manager12_GLOBAL__N_1L10_is_uint32ENS0_12handler_typeE
                0x0800c6dc       0x64 bn_hblank_effects_manager.o
 .text._ZN2bn22hblank_effects_manager12_GLOBAL__N_19item_type7cleanupEv
                0x0800c740       0xa0 bn_hblank_effects_manager.o
 .text._ZN2bn22hblank_effects_manager12_GLOBAL__N_1L26_update_visible_item_indexEi
                0x0800c7e0       0x98 bn_hblank_effects_manager.o
 .text._ZN3_bn6assert9show_argsIA42_cEEvPKcS4_S4_iRKT_
                0x0800c878       0x48 bn_hblank_effects_manager.o
                0x0800c878                void _bn::assert::show_args<char [42]>(char const*, char const*, char const*, int, char const (&) [42])
 .text._ZN2bn22hblank_effects_manager12_GLOBAL__N_19item_type12check_updateEv
                0x0800c8c0     0x1548 bn_hblank_effects_manager.o
 .text._ZN2bn22hblank_effects_manager6updateEv
                0x0800de08      0x1ec bn_hblank_effects_manager.o
                0x0800de08                bn::hblank_effects_manager::update()
 .text._ZN3_bn6assert9show_argsIA34_cEEvPKcS4_S4_iRKT_
                0x0800dff4       0x48 bn_hblank_effects_manager.o
                0x0800dff4                void _bn::assert::show_args<char [34]>(char const*, char const*, char const*, int, char const (&) [34])
 .text._ZN2bn22hblank_effects_manager12_GLOBAL__N_1L7_createEPKviNS0_12handler_typeEb
                0x0800e03c      0x264 bn_hblank_effects_manager.o
 .text._ZN2bn28affine_bg_attributes_hbe_ptr6createENS_13affine_bg_ptrERKNS_4spanIKNS_20affine_bg_attributesEEE
                0x0800e2a0       0x80 bn_hblank_effects_manager.o
                0x0800e2a0                bn::affine_bg_attributes_hbe_ptr::create(bn::affine_bg_ptr, bn::span<bn::affine_bg_attributes const> const&)
 .text._ZN2bn32affine_bg_pivot_position_hbe_ptr17create_horizontalENS_13affine_bg_ptrERKNS_4spanIKNS_7fixed_tILi12EEEEE
                0x0800e320       0x70 bn_hblank_effects_manager.o
                0x0800e320                bn::affine_bg_pivot_position_hbe_ptr::create_horizontal(bn::affine_bg_ptr, bn::span<bn::fixed_t<12> const> const&)
 .text._ZN2bn22hblank_effects_manager4initEv
                0x0800e390      0x180 bn_hblank_effects_manager.o
                0x0800e390                bn::hblank_effects_manager::init()
 .text._ZN2bn22hblank_effects_manager15decrease_usagesEi.part.0
                0x0800e510      0x160 bn_hblank_effects_manager.o
 .text._ZN2bn7hbe_ptrD2Ev
                0x0800e670       0x34 bn_hblank_effects_manager.o
                0x0800e670                bn::hbe_ptr::~hbe_ptr()
                0x0800e670                bn::hbe_ptr::~hbe_ptr()
 .text._ZN2bn32affine_bg_mat_attributes_hbe_ptr6createERKNS_13affine_bg_ptrERKNS_4spanIKNS_24affine_bg_mat_attributesEEE
                0x0800e6a4      0x404 bn_hblank_effects_manager.o
                0x0800e6a4                bn::affine_bg_mat_attributes_hbe_ptr::create(bn::affine_bg_ptr const&, bn::span<bn::affine_bg_mat_attributes const> const&)
 .text.startup._GLOBAL__sub_I__ZN2bn4hbes10used_countEv
                0x0800eaa8       0xe8 bn_hblank_effects_manager.o
 .text._ZN2bn12hdma_manager4initEv
                0x0800eb90       0x40 bn_hdma_manager.o
                0x0800eb90                bn::hdma_manager::init()
 .text._ZN2bn12hdma_manager10force_stopEv
                0x0800ebd0       0x5c bn_hdma_manager.o
                0x0800ebd0                bn::hdma_manager::force_stop()
 .text._ZN2bn12hdma_manager7disableEv
                0x0800ec2c       0x48 bn_hdma_manager.o
                0x0800ec2c                bn::hdma_manager::disable()
 .text._ZN2bn12hdma_manager6updateEv
                0x0800ec74       0x6c bn_hdma_manager.o
                0x0800ec74                bn::hdma_manager::update()
 .text._ZN2bn12hdma_manager24commit_interrupt_handlerEv
                0x0800ece0       0x20 bn_hdma_manager.o
                0x0800ece0                bn::hdma_manager::commit_interrupt_handler()
 .text._ZN2bn12hdma_manager14commit_entriesEb
                0x0800ed00      0x168 bn_hdma_manager.o
                0x0800ed00                bn::hdma_manager::commit_entries(bool)
 .text.startup._GLOBAL__sub_I__ZN2bn4hdma7runningEv
                0x0800ee68       0x3c bn_hdma_manager.o
 .text._ZN2bn6keypad9a_pressedEv
                0x0800eea4       0x10 bn_keypad_manager.o
                0x0800eea4                bn::keypad::a_pressed()
 .text._ZN2bn6keypad9b_pressedEv
                0x0800eeb4       0x10 bn_keypad_manager.o
                0x0800eeb4                bn::keypad::b_pressed()
 .text._ZN2bn6keypad14select_pressedEv
                0x0800eec4       0x10 bn_keypad_manager.o
                0x0800eec4                bn::keypad::select_pressed()
 .text._ZN2bn6keypad13start_pressedEv
                0x0800eed4       0x10 bn_keypad_manager.o
                0x0800eed4                bn::keypad::start_pressed()
 .text._ZN2bn6keypad10right_heldEv
                0x0800eee4       0x10 bn_keypad_manager.o
                0x0800eee4                bn::keypad::right_held()
 .text._ZN2bn6keypad13right_pressedEv
                0x0800eef4       0x10 bn_keypad_manager.o
                0x0800eef4                bn::keypad::right_pressed()
 .text._ZN2bn6keypad9left_heldEv
                0x0800ef04       0x10 bn_keypad_manager.o
                0x0800ef04                bn::keypad::left_held()
 .text._ZN2bn6keypad12left_pressedEv
                0x0800ef14       0x10 bn_keypad_manager.o
                0x0800ef14                bn::keypad::left_pressed()
 .text._ZN2bn6keypad7up_heldEv
                0x0800ef24       0x10 bn_keypad_manager.o
                0x0800ef24                bn::keypad::up_held()
 .text._ZN2bn6keypad10up_pressedEv
                0x0800ef34       0x10 bn_keypad_manager.o
                0x0800ef34                bn::keypad::up_pressed()
 .text._ZN2bn6keypad9down_heldEv
                0x0800ef44        0xc bn_keypad_manager.o
                0x0800ef44                bn::keypad::down_held()
 .text._ZN2bn6keypad12down_pressedEv
                0x0800ef50        0xc bn_keypad_manager.o
                0x0800ef50                bn::keypad::down_pressed()
 .text._ZN2bn14keypad_manager4stopEv
                0x0800ef5c        0x4 bn_keypad_manager.o
                0x0800ef5c                bn::keypad_manager::stop()
 .text._ZN2bn14keypad_manager6updateEv
                0x0800ef60       0xb8 bn_keypad_manager.o
                0x0800ef60                bn::keypad_manager::update()
 .text._ZN2bn14keypad_manager4initERKNS_11string_viewE
                0x0800f018       0x64 bn_keypad_manager.o
                0x0800f018                bn::keypad_manager::init(bn::string_view const&)
 .text._ZN2bn12link_manager4initEv
                0x0800f07c        0xc bn_link_manager.o
                0x0800f07c                bn::link_manager::init()
 .text._ZN2bn12link_manager6activeEv
                0x0800f088        0xc bn_link_manager.o
                0x0800f088                bn::link_manager::active()
 .text._ZN2bn12link_manager7disableEv
                0x0800f094       0x18 bn_link_manager.o
                0x0800f094                bn::link_manager::disable()
 .text._ZN2bn12link_manager6commitEv
                0x0800f0ac       0x18 bn_link_manager.o
                0x0800f0ac                bn::link_manager::commit()
 .text._ZN2bn14memory_manager12_GLOBAL__N_111static_dataD2Ev
                0x0800f0c4       0x10 bn_memory_manager.o
 .text._ZN2bn14memory_manager4initEv
                0x0800f0d4       0x2c bn_memory_manager.o
                0x0800f0d4                bn::memory_manager::init()
 .text.startup._GLOBAL__sub_I__Znwj
                0x0800f100       0x20 bn_memory_manager.o
 .text._ZN2bn2hw8palettes9grayscaleEPKNS_5colorEiiPS2_.part.0
                0x0800f120       0x40 bn_palettes_manager.o
 .text._ZN2bn11bg_palettes21set_transparent_colorENS_5colorE
                0x0800f160       0x40 bn_palettes_manager.o
                0x0800f160                bn::bg_palettes::set_transparent_color(bn::color)
 .text._ZN2bn14bg_palette_ptrC2ERKS0_
                0x0800f1a0       0x2c bn_palettes_manager.o
                0x0800f1a0                bn::bg_palette_ptr::bg_palette_ptr(bn::bg_palette_ptr const&)
                0x0800f1a0                bn::bg_palette_ptr::bg_palette_ptr(bn::bg_palette_ptr const&)
 .text._ZNK2bn14bg_palette_ptr3bppEv
                0x0800f1cc       0x20 bn_palettes_manager.o
                0x0800f1cc                bn::bg_palette_ptr::bpp() const
 .text._ZN2bn18sprite_palette_ptrC2ERKS0_
                0x0800f1ec       0x1c bn_palettes_manager.o
                0x0800f1ec                bn::sprite_palette_ptr::sprite_palette_ptr(bn::sprite_palette_ptr const&)
                0x0800f1ec                bn::sprite_palette_ptr::sprite_palette_ptr(bn::sprite_palette_ptr const&)
 .text._ZNK2bn18sprite_palette_ptr3bppEv
                0x0800f208       0x1c bn_palettes_manager.o
                0x0800f208                bn::sprite_palette_ptr::bpp() const
 .text._ZNK2bn13palettes_bank10log_statusEv
                0x0800f224      0x178 bn_palettes_manager.o
                0x0800f224                bn::palettes_bank::log_status() const
 .text._ZN2bn13palettes_bank10find_bpp_4ERKNS_4spanIKNS_5colorEEEt
                0x0800f39c      0x118 bn_palettes_manager.o
                0x0800f39c                bn::palettes_bank::find_bpp_4(bn::span<bn::color const> const&, unsigned short)
 .text._ZN2bn13palettes_bank6reloadEi
                0x0800f4b4       0x1c bn_palettes_manager.o
                0x0800f4b4                bn::palettes_bank::reload(int)
 .text._ZNK2bn13palettes_bank20retrieve_commit_dataEv
                0x0800f4d0       0x4c bn_palettes_manager.o
                0x0800f4d0                bn::palettes_bank::retrieve_commit_data() const
 .text._ZNK2bn13palettes_bank21_apply_global_effectsEiPNS_5colorE
                0x0800f51c      0x128 bn_palettes_manager.o
                0x0800f51c                bn::palettes_bank::_apply_global_effects(int, bn::color*) const
 .text._ZNK2bn13palettes_bank25fill_hblank_effect_colorsEPKNS_5colorEPt
                0x0800f644       0x30 bn_palettes_manager.o
                0x0800f644                bn::palettes_bank::fill_hblank_effect_colors(bn::color const*, unsigned short*) const
 .text._ZNK2bn13palettes_bank7palette13apply_effectsEiPNS_5colorE
                0x0800f674       0xb0 bn_palettes_manager.o
                0x0800f674                bn::palettes_bank::palette::apply_effects(int, bn::color*) const
 .text._ZNK2bn13palettes_bank25fill_hblank_effect_colorsEiPKNS_5colorEPt
                0x0800f724       0x44 bn_palettes_manager.o
                0x0800f724                bn::palettes_bank::fill_hblank_effect_colors(int, bn::color const*, unsigned short*) const
 .text._ZN2bn13palettes_bank15_update_paletteEi
                0x0800f768       0x70 bn_palettes_manager.o
                0x0800f768                bn::palettes_bank::_update_palette(int)
 .text._ZN2bn13palettes_bank6updateEv
                0x0800f7d8      0x134 bn_palettes_manager.o
                0x0800f7d8                bn::palettes_bank::update()
 .text._ZN2bn13palettes_bankC2Ev
                0x0800f90c       0xd4 bn_palettes_manager.o
                0x0800f90c                bn::palettes_bank::palettes_bank()
                0x0800f90c                bn::palettes_bank::palettes_bank()
 .text._ZN2bn16palettes_manager4initERKNS_8optionalINS_5colorEEE
                0x0800f9e0      0x184 bn_palettes_manager.o
                0x0800f9e0                bn::palettes_manager::init(bn::optional<bn::color> const&)
 .text._ZN2bn16palettes_manager20sprite_palettes_bankEv
                0x0800fb64        0x8 bn_palettes_manager.o
                0x0800fb64                bn::palettes_manager::sprite_palettes_bank()
 .text._ZN2bn16palettes_manager16bg_palettes_bankEv
                0x0800fb6c        0x8 bn_palettes_manager.o
                0x0800fb6c                bn::palettes_manager::bg_palettes_bank()
 .text._ZN2bn16palettes_manager6updateEv
                0x0800fb74       0x20 bn_palettes_manager.o
                0x0800fb74                bn::palettes_manager::update()
 .text._ZN2bn16palettes_manager6commitEb
                0x0800fb94       0xf8 bn_palettes_manager.o
                0x0800fb94                bn::palettes_manager::commit(bool)
 .text._ZN2bn16palettes_manager4stopEv
                0x0800fc8c       0x20 bn_palettes_manager.o
                0x0800fc8c                bn::palettes_manager::stop()
 .text._ZN3_bn6assert9show_argsIA35_cEEvPKcS4_S4_iRKT_
                0x0800fcac       0x48 bn_palettes_manager.o
                0x0800fcac                void _bn::assert::show_args<char [35]>(char const*, char const*, char const*, int, char const (&) [35])
 .text._ZN2bn13palettes_bank11colors_hashERKNS_4spanIKNS_5colorEEE
                0x0800fcf4       0x48 bn_palettes_manager.o
                0x0800fcf4                bn::palettes_bank::colors_hash(bn::span<bn::color const> const&)
 .text._ZN3_bn6assert9show_argsIJA43_ciA38_cA42_cEEEvPKcS6_S6_iDpRKT_
                0x0800fd3c       0x64 bn_palettes_manager.o
                0x0800fd3c                void _bn::assert::show_args<char [43], int, char [38], char [42]>(char const*, char const*, char const*, int, char const (&) [43], int const&, char const (&) [38], char const (&) [42])
 .text._ZN2bn13palettes_bank12create_bpp_8ERKNS_4spanIKNS_5colorEEENS_16compression_typeEb
                0x0800fda0      0x230 bn_palettes_manager.o
                0x0800fda0                bn::palettes_bank::create_bpp_8(bn::span<bn::color const> const&, bn::compression_type, bool)
 .text._ZNK2bn19sprite_palette_item10decompressENS_4spanINS_5colorEEE
                0x0800ffd0      0x168 bn_palettes_manager.o
                0x0800ffd0                bn::sprite_palette_item::decompress(bn::span<bn::color>) const
 .text._ZNK2bn15bg_palette_item10decompressENS_4spanINS_5colorEEE
                0x08010138      0x168 bn_palettes_manager.o
                0x08010138                bn::bg_palette_item::decompress(bn::span<bn::color>) const
 .text._ZN2bn14iunordered_mapItsNS_15identity_hasherENS_8equal_toItEEE21insert_or_assign_hashEjOSt4pairIKtsE.isra.0
                0x080102a0      0x108 bn_palettes_manager.o
 .text._ZN2bn13palettes_bank12create_bpp_4ERKNS_4spanIKNS_5colorEEEtb
                0x080103a8      0x168 bn_palettes_manager.o
                0x080103a8                bn::palettes_bank::create_bpp_4(bn::span<bn::color const> const&, unsigned short, bool)
 .text._ZN2bn12_GLOBAL__N_1L12_create_implERKNS_15bg_palette_itemEb
                0x08010510       0xa0 bn_palettes_manager.o
 .text._ZN2bn14bg_palette_ptr6createERKNS_15bg_palette_itemE
                0x080105b0       0x54 bn_palettes_manager.o
                0x080105b0                bn::bg_palette_ptr::create(bn::bg_palette_item const&)
 .text._ZN2bn12_GLOBAL__N_1L12_create_implERKNS_19sprite_palette_itemEb
                0x08010604       0x88 bn_palettes_manager.o
 .text._ZN2bn18sprite_palette_ptr6createERKNS_19sprite_palette_itemE
                0x0801068c       0x48 bn_palettes_manager.o
                0x0801068c                bn::sprite_palette_ptr::create(bn::sprite_palette_item const&)
 .text._ZN2bn13palettes_bank30_erase_bpp_4_indexes_map_indexEt
                0x080106d4      0x1c4 bn_palettes_manager.o
                0x080106d4                bn::palettes_bank::_erase_bpp_4_indexes_map_index(unsigned short)
 .text._ZN2bn13palettes_bank15decrease_usagesEi
                0x08010898       0x80 bn_palettes_manager.o
                0x08010898                bn::palettes_bank::decrease_usages(int)
 .text._ZN2bn14bg_palette_ptraSERKS0_
                0x08010918       0x4c bn_palettes_manager.o
                0x08010918                bn::bg_palette_ptr::operator=(bn::bg_palette_ptr const&)
 .text._ZN2bn14bg_palette_ptrD2Ev
                0x08010964       0x20 bn_palettes_manager.o
                0x08010964                bn::bg_palette_ptr::~bg_palette_ptr()
                0x08010964                bn::bg_palette_ptr::~bg_palette_ptr()
 .text._ZN2bn18sprite_palette_ptrD2Ev
                0x08010984       0x20 bn_palettes_manager.o
                0x08010984                bn::sprite_palette_ptr::~sprite_palette_ptr()
                0x08010984                bn::sprite_palette_ptr::~sprite_palette_ptr()
 .text.startup._GLOBAL__sub_I__ZN2bn11bg_palettes17used_colors_countEv
                0x080109a4       0x20 bn_palettes_manager.o
 .text._ZN2bn26sprite_affine_mats_manager12_GLOBAL__N_1L19_sprite_double_sizeILi32ELi16EEEbiiiii
                0x080109c4       0x80 bn_sprite_affine_mats_manager.o
 .text._ZN2bn26sprite_affine_mats_manager12_GLOBAL__N_1L19_sprite_double_sizeILi16ELi32EEEbiiiii
                0x08010a44       0x80 bn_sprite_affine_mats_manager.o
 .text._ZN2bn26sprite_affine_mats_manager12_GLOBAL__N_111static_dataD2Ev
                0x08010ac4       0x38 bn_sprite_affine_mats_manager.o
 .text._ZNK2bn26sprite_affine_mats_manager12_GLOBAL__N_19item_type18sprite_double_sizeEiRKNS_17sprite_shape_sizeE.isra.0
                0x08010afc      0x1b4 bn_sprite_affine_mats_manager.o
 .text._ZNK2bn21sprite_affine_mat_ptr15horizontal_flipEv
                0x08010cb0       0x18 bn_sprite_affine_mats_manager.o
                0x08010cb0                bn::sprite_affine_mat_ptr::horizontal_flip() const
 .text._ZNK2bn21sprite_affine_mat_ptr13vertical_flipEv
                0x08010cc8       0x18 bn_sprite_affine_mats_manager.o
                0x08010cc8                bn::sprite_affine_mat_ptr::vertical_flip() const
 .text._ZNK2bn21sprite_affine_mat_ptr16flipped_identityEv
                0x08010ce0       0x14 bn_sprite_affine_mats_manager.o
                0x08010ce0                bn::sprite_affine_mat_ptr::flipped_identity() const
 .text._ZN2bn26sprite_affine_mats_manager13attach_spriteEiRNS_24intrusive_list_node_typeE
                0x08010cf4       0x2c bn_sprite_affine_mats_manager.o
                0x08010cf4                bn::sprite_affine_mats_manager::attach_sprite(int, bn::intrusive_list_node_type&)
 .text._ZN2bn26sprite_affine_mats_manager18sprite_double_sizeEiRKNS_17sprite_shape_sizeE
                0x08010d20       0x54 bn_sprite_affine_mats_manager.o
                0x08010d20                bn::sprite_affine_mats_manager::sprite_double_size(int, bn::sprite_shape_size const&)
 .text._ZN2bn26sprite_affine_mats_manager6reloadEi
                0x08010d74       0x28 bn_sprite_affine_mats_manager.o
                0x08010d74                bn::sprite_affine_mats_manager::reload(int)
 .text._ZN2bn26sprite_affine_mats_manager20retrieve_commit_dataEv
                0x08010d9c       0x3c bn_sprite_affine_mats_manager.o
                0x08010d9c                bn::sprite_affine_mats_manager::retrieve_commit_data()
 .text._ZN3_bn6assert9show_argsIA37_cEEvPKcS4_S4_iRKT_
                0x08010dd8       0x48 bn_sprite_affine_mats_manager.o
                0x08010dd8                void _bn::assert::show_args<char [37]>(char const*, char const*, char const*, int, char const (&) [37])
 .text._ZN3_bn6assert9show_argsIA16_cEEvPKcS4_S4_iRKT_
                0x08010e20       0x48 bn_sprite_affine_mats_manager.o
                0x08010e20                void _bn::assert::show_args<char [16]>(char const*, char const*, char const*, int, char const (&) [16])
 .text._ZN2bn26sprite_affine_mats_manager15decrease_usagesEi.part.0
                0x08010e68       0x70 bn_sprite_affine_mats_manager.o
 .text._ZN2bn21sprite_affine_mat_ptrD2Ev
                0x08010ed8       0x34 bn_sprite_affine_mats_manager.o
                0x08010ed8                bn::sprite_affine_mat_ptr::~sprite_affine_mat_ptr()
                0x08010ed8                bn::sprite_affine_mat_ptr::~sprite_affine_mat_ptr()
 .text._ZN2bn26sprite_affine_mats_manager6updateEv
                0x08010f0c      0x2a4 bn_sprite_affine_mats_manager.o
                0x08010f0c                bn::sprite_affine_mats_manager::update()
 .text._ZN2bn26sprite_affine_mats_manager4initEPv
                0x080111b0      0x100 bn_sprite_affine_mats_manager.o
                0x080111b0                bn::sprite_affine_mats_manager::init(void*)
 .text._ZN2bn26sprite_affine_mats_manager14dettach_spriteEiRNS_24intrusive_list_node_typeE
                0x080112b0       0x4c bn_sprite_affine_mats_manager.o
                0x080112b0                bn::sprite_affine_mats_manager::dettach_sprite(int, bn::intrusive_list_node_type&)
 .text.startup._GLOBAL__sub_I__ZN2bn18sprite_affine_mats10used_countEv
                0x080112fc       0xb8 bn_sprite_affine_mats_manager.o
 .text._ZN2bn12_GLOBAL__N_1L14_setup_builderERKNS_21sprite_text_generatorERNS_14sprite_builderE
                0x080113b4       0x68 bn_sprite_text_generator.o
 .text._ZN2bn21sprite_text_generator5_initEv
                0x0801141c      0x1b4 bn_sprite_text_generator.o
                0x0801141c                bn::sprite_text_generator::_init()
 .text._ZN2bn21sprite_text_generatorC2ERKNS_11sprite_fontE
                0x080115d0       0x38 bn_sprite_text_generator.o
                0x080115d0                bn::sprite_text_generator::sprite_text_generator(bn::sprite_font const&)
                0x080115d0                bn::sprite_text_generator::sprite_text_generator(bn::sprite_font const&)
 .text._ZN3_bn6assert9show_argsIA54_cEEvPKcS4_S4_iRKT_
                0x08011608       0x48 bn_sprite_text_generator.o
                0x08011608                void _bn::assert::show_args<char [54]>(char const*, char const*, char const*, int, char const (&) [54])
 .text._ZN3_bn6assert9show_argsIJA25_ciA4_ctEEEvPKcS5_S5_iDpRKT_
                0x08011650       0x64 bn_sprite_text_generator.o
                0x08011650                void _bn::assert::show_args<char [25], int, char [4], unsigned short>(char const*, char const*, char const*, int, char const (&) [25], int const&, char const (&) [4], unsigned short const&)
 .text._ZN2bn14utf8_characterC2ERKc
                0x080116b4      0x140 bn_sprite_text_generator.o
                0x080116b4                bn::utf8_character::utf8_character(char const&)
                0x080116b4                bn::utf8_character::utf8_character(char const&)
 .text._ZN2bn12_GLOBAL__N_1L15_graphics_indexEcRKNS_23utf8_characters_map_refEPKcRi.part.0
                0x080117f4       0x8c bn_sprite_text_generator.o
 .text._ZN2bn21sprite_text_generator15set_bg_priorityEi
                0x08011880       0x3c bn_sprite_text_generator.o
                0x08011880                bn::sprite_text_generator::set_bg_priority(int)
 .text._ZN3_bn6assert9show_argsIJA20_ccA9_cN2bn11string_viewEA2_cEEEvPKcS8_S8_iDpRKT_
                0x080118bc       0x6c bn_sprite_text_generator.o
                0x080118bc                void _bn::assert::show_args<char [20], char, char [9], bn::string_view, char [2]>(char const*, char const*, char const*, int, char const (&) [20], char const&, char const (&) [9], bn::string_view const&, char const (&) [2])
 .text._ZNK2bn21sprite_text_generator5widthERKNS_11string_viewE
                0x08011928      0x238 bn_sprite_text_generator.o
                0x08011928                bn::sprite_text_generator::width(bn::string_view const&) const
 .text._ZN3_bn6assert9show_argsIA55_cEEvPKcS4_S4_iRKT_
                0x08011b60       0x48 bn_sprite_text_generator.o
                0x08011b60                void _bn::assert::show_args<char [55]>(char const*, char const*, char const*, int, char const (&) [55])
 .text._ZN2bn12_GLOBAL__N_1L20_build_sprite_assertILNS_11sprite_sizeE2EEEPNS_4tileERKNS_21sprite_text_generatorERKNS_18sprite_palette_ptrERKNS_13fixed_point_tILi12EEERNS_7ivectorINS_10sprite_ptrEEE
                0x08011ba8      0x198 bn_sprite_text_generator.o
 .text._ZN2bn12_GLOBAL__N_1L20_build_sprite_assertILNS_11sprite_sizeE1EEEPNS_4tileERKNS_21sprite_text_generatorERKNS_18sprite_palette_ptrERKNS_13fixed_point_tILi12EEERNS_7ivectorINS_10sprite_ptrEEE
                0x08011d40      0x198 bn_sprite_text_generator.o
 .text._ZN2bn12_GLOBAL__N_1L9_generateILb0EEEbRKNS_21sprite_text_generatorERKNS_13fixed_point_tILi12EEERKNS_11string_viewERKNS_23utf8_characters_map_refEiibRNS_7ivectorINS_10sprite_ptrEEE.isra.0
                0x08011ed8     0x1164 bn_sprite_text_generator.o
 .text._ZNK2bn21sprite_text_generator8generateENS_7fixed_tILi12EEES2_RKNS_11string_viewERNS_7ivectorINS_10sprite_ptrEEE
                0x0801303c       0x40 bn_sprite_text_generator.o
                0x0801303c                bn::sprite_text_generator::generate(bn::fixed_t<12>, bn::fixed_t<12>, bn::string_view const&, bn::ivector<bn::sprite_ptr>&) const
 .text._ZNK2bn16sprite_tiles_ptr2idEv
                0x0801307c       0x18 bn_sprite_tiles_manager.o
                0x0801307c                bn::sprite_tiles_ptr::id() const
 .text._ZNK2bn16sprite_tiles_ptr11tiles_countEv
                0x08013094       0x18 bn_sprite_tiles_manager.o
                0x08013094                bn::sprite_tiles_ptr::tiles_count() const
 .text._ZN2bn20sprite_tiles_manager10log_statusEv
                0x080130ac      0x1ec bn_sprite_tiles_manager.o
                0x080130ac                bn::sprite_tiles_manager::log_status()
 .text._ZN2bn20sprite_tiles_manager19commit_uncompressedEb
                0x08013298       0xc4 bn_sprite_tiles_manager.o
                0x08013298                bn::sprite_tiles_manager::commit_uncompressed(bool)
 .text._ZN3_bn6assert9show_argsIA27_chEEvPKcS4_S4_iRKT_RKT0_
                0x0801335c       0x54 bn_sprite_tiles_manager.o
                0x0801335c                void _bn::assert::show_args<char [27], unsigned char>(char const*, char const*, char const*, int, char const (&) [27], unsigned char const&)
 .text._ZN3_bn6assert9show_argsIJA44_cPKN2bn4tileEA4_cS6_EEEvPKcS9_S9_iDpRKT_
                0x080133b0       0x64 bn_sprite_tiles_manager.o
                0x080133b0                void _bn::assert::show_args<char [44], bn::tile const*, char [4], bn::tile const*>(char const*, char const*, char const*, int, char const (&) [44], bn::tile const* const&, char const (&) [4], bn::tile const* const&)
 .text._ZN3_bn6assert9show_argsIJA46_ciA4_cjEEEvPKcS5_S5_iDpRKT_
                0x08013414       0x64 bn_sprite_tiles_manager.o
                0x08013414                void _bn::assert::show_args<char [46], int, char [4], unsigned int>(char const*, char const*, char const*, int, char const (&) [46], int const&, char const (&) [4], unsigned int const&)
 .text._ZN2bn20sprite_tiles_manager12_GLOBAL__N_1L10_hw_commitEPKNS_4tileENS_16compression_typeEii
                0x08013478       0x8c bn_sprite_tiles_manager.o
 .text._ZN2bn20sprite_tiles_manager17commit_compressedEv
                0x08013504       0x5c bn_sprite_tiles_manager.o
                0x08013504                bn::sprite_tiles_manager::commit_compressed()
 .text._ZN3_bn6assert9show_argsIJA28_cA15_cPKN2bn4tileEA16_ciA34_cNS4_11string_viewEEEEvPKcSC_SC_iDpRKT_